/home/huynn/ros2_ws/install/my_pkg/lib/python3.12/site-packages/my_pkg/publish.py
/home/huynn/ros2_ws/install/my_pkg/lib/python3.12/site-packages/my_pkg/__init__.py
/home/huynn/ros2_ws/install/my_pkg/lib/python3.12/site-packages/my_pkg/subcribe.py
/home/huynn/ros2_ws/install/my_pkg/lib/python3.12/site-packages/my_pkg/turtle.py
/home/huynn/ros2_ws/install/my_pkg/lib/python3.12/site-packages/my_pkg/client.py
/home/huynn/ros2_ws/install/my_pkg/lib/python3.12/site-packages/my_pkg/robot_awsd.py
/home/huynn/ros2_ws/install/my_pkg/lib/python3.12/site-packages/my_pkg/server.py
/home/huynn/ros2_ws/install/my_pkg/lib/python3.12/site-packages/my_pkg/__pycache__/publish.cpython-312.pyc
/home/huynn/ros2_ws/install/my_pkg/lib/python3.12/site-packages/my_pkg/__pycache__/__init__.cpython-312.pyc
/home/huynn/ros2_ws/install/my_pkg/lib/python3.12/site-packages/my_pkg/__pycache__/subcribe.cpython-312.pyc
/home/huynn/ros2_ws/install/my_pkg/lib/python3.12/site-packages/my_pkg/__pycache__/turtle.cpython-312.pyc
/home/huynn/ros2_ws/install/my_pkg/lib/python3.12/site-packages/my_pkg/__pycache__/client.cpython-312.pyc
/home/huynn/ros2_ws/install/my_pkg/lib/python3.12/site-packages/my_pkg/__pycache__/robot_awsd.cpython-312.pyc
/home/huynn/ros2_ws/install/my_pkg/lib/python3.12/site-packages/my_pkg/__pycache__/server.cpython-312.pyc
/home/huynn/ros2_ws/install/my_pkg/share/ament_index/resource_index/packages/my_pkg
/home/huynn/ros2_ws/install/my_pkg/share/my_pkg/package.xml
/home/huynn/ros2_ws/install/my_pkg/lib/python3.12/site-packages/my_pkg-0.0.0-py3.12.egg-info/PKG-INFO
/home/huynn/ros2_ws/install/my_pkg/lib/python3.12/site-packages/my_pkg-0.0.0-py3.12.egg-info/entry_points.txt
/home/huynn/ros2_ws/install/my_pkg/lib/python3.12/site-packages/my_pkg-0.0.0-py3.12.egg-info/zip-safe
/home/huynn/ros2_ws/install/my_pkg/lib/python3.12/site-packages/my_pkg-0.0.0-py3.12.egg-info/requires.txt
/home/huynn/ros2_ws/install/my_pkg/lib/python3.12/site-packages/my_pkg-0.0.0-py3.12.egg-info/top_level.txt
/home/huynn/ros2_ws/install/my_pkg/lib/python3.12/site-packages/my_pkg-0.0.0-py3.12.egg-info/dependency_links.txt
/home/huynn/ros2_ws/install/my_pkg/lib/python3.12/site-packages/my_pkg-0.0.0-py3.12.egg-info/SOURCES.txt
/home/huynn/ros2_ws/install/my_pkg/lib/my_pkg/aw
/home/huynn/ros2_ws/install/my_pkg/lib/my_pkg/client
/home/huynn/ros2_ws/install/my_pkg/lib/my_pkg/listener
/home/huynn/ros2_ws/install/my_pkg/lib/my_pkg/server
/home/huynn/ros2_ws/install/my_pkg/lib/my_pkg/talker
/home/huynn/ros2_ws/install/my_pkg/lib/my_pkg/turtle
