[0.482s] Invoking command in '/home/huynn/ros2_ws/src/my_pkg': DEBUGINFOD_URLS=https://debuginfod.ubuntu.com PYTHONPATH=/home/huynn/ros2_ws/build/my_pkg/prefix_override:/usr/lib/python3/dist-packages/colcon_core/task/python/colcon_distutils_commands:/home/huynn/ros2_ws/install/my_pkg/lib/python3.12/site-packages:${PYTHONPATH} /usr/bin/python3 -W ignore:setup.py install is deprecated -W ignore:easy_install command is deprecated setup.py egg_info --egg-base ../../build/my_pkg build --build-base /home/huynn/ros2_ws/build/my_pkg/build install --record /home/huynn/ros2_ws/build/my_pkg/install.log --single-version-externally-managed install_data
[0.633s] running egg_info
[0.633s] creating ../../build/my_pkg/my_pkg.egg-info
[0.642s] writing ../../build/my_pkg/my_pkg.egg-info/PKG-INFO
[0.642s] writing dependency_links to ../../build/my_pkg/my_pkg.egg-info/dependency_links.txt
[0.642s] writing entry points to ../../build/my_pkg/my_pkg.egg-info/entry_points.txt
[0.642s] writing requirements to ../../build/my_pkg/my_pkg.egg-info/requires.txt
[0.642s] writing top-level names to ../../build/my_pkg/my_pkg.egg-info/top_level.txt
[0.642s] writing manifest file '../../build/my_pkg/my_pkg.egg-info/SOURCES.txt'
[0.663s] reading manifest file '../../build/my_pkg/my_pkg.egg-info/SOURCES.txt'
[0.663s] adding license file 'LICENSE'
[0.663s] writing manifest file '../../build/my_pkg/my_pkg.egg-info/SOURCES.txt'
[0.663s] running build
[0.663s] running build_py
[0.663s] creating /home/huynn/ros2_ws/build/my_pkg/build
[0.663s] creating /home/huynn/ros2_ws/build/my_pkg/build/lib
[0.663s] creating /home/huynn/ros2_ws/build/my_pkg/build/lib/my_pkg
[0.663s] copying my_pkg/publish.py -> /home/huynn/ros2_ws/build/my_pkg/build/lib/my_pkg
[0.664s] copying my_pkg/__init__.py -> /home/huynn/ros2_ws/build/my_pkg/build/lib/my_pkg
[0.664s] copying my_pkg/subcribe.py -> /home/huynn/ros2_ws/build/my_pkg/build/lib/my_pkg
[0.664s] running install
[0.668s] running install_lib
[0.678s] creating /home/huynn/ros2_ws/install/my_pkg/lib/python3.12/site-packages/my_pkg
[0.678s] copying /home/huynn/ros2_ws/build/my_pkg/build/lib/my_pkg/publish.py -> /home/huynn/ros2_ws/install/my_pkg/lib/python3.12/site-packages/my_pkg
[0.678s] copying /home/huynn/ros2_ws/build/my_pkg/build/lib/my_pkg/__init__.py -> /home/huynn/ros2_ws/install/my_pkg/lib/python3.12/site-packages/my_pkg
[0.678s] copying /home/huynn/ros2_ws/build/my_pkg/build/lib/my_pkg/subcribe.py -> /home/huynn/ros2_ws/install/my_pkg/lib/python3.12/site-packages/my_pkg
[0.679s] byte-compiling /home/huynn/ros2_ws/install/my_pkg/lib/python3.12/site-packages/my_pkg/publish.py to publish.cpython-312.pyc
[0.679s] byte-compiling /home/huynn/ros2_ws/install/my_pkg/lib/python3.12/site-packages/my_pkg/__init__.py to __init__.cpython-312.pyc
[0.679s] byte-compiling /home/huynn/ros2_ws/install/my_pkg/lib/python3.12/site-packages/my_pkg/subcribe.py to subcribe.cpython-312.pyc
[0.679s] running install_data
[0.680s] creating /home/huynn/ros2_ws/install/my_pkg/share/ament_index
[0.680s] creating /home/huynn/ros2_ws/install/my_pkg/share/ament_index/resource_index
[0.680s] creating /home/huynn/ros2_ws/install/my_pkg/share/ament_index/resource_index/packages
[0.680s] copying resource/my_pkg -> /home/huynn/ros2_ws/install/my_pkg/share/ament_index/resource_index/packages
[0.680s] copying package.xml -> /home/huynn/ros2_ws/install/my_pkg/share/my_pkg
[0.680s] running install_egg_info
[0.690s] Copying ../../build/my_pkg/my_pkg.egg-info to /home/huynn/ros2_ws/install/my_pkg/lib/python3.12/site-packages/my_pkg-0.0.0-py3.12.egg-info
[0.691s] running install_scripts
[0.763s] Installing listener script to /home/huynn/ros2_ws/install/my_pkg/lib/my_pkg
[0.763s] Installing talker script to /home/huynn/ros2_ws/install/my_pkg/lib/my_pkg
[0.763s] writing list of installed files to '/home/huynn/ros2_ws/build/my_pkg/install.log'
[0.783s] Invoked command in '/home/huynn/ros2_ws/src/my_pkg' returned '0': DEBUGINFOD_URLS=https://debuginfod.ubuntu.com PYTHONPATH=/home/huynn/ros2_ws/build/my_pkg/prefix_override:/usr/lib/python3/dist-packages/colcon_core/task/python/colcon_distutils_commands:/home/huynn/ros2_ws/install/my_pkg/lib/python3.12/site-packages:${PYTHONPATH} /usr/bin/python3 -W ignore:setup.py install is deprecated -W ignore:easy_install command is deprecated setup.py egg_info --egg-base ../../build/my_pkg build --build-base /home/huynn/ros2_ws/build/my_pkg/build install --record /home/huynn/ros2_ws/build/my_pkg/install.log --single-version-externally-managed install_data
