[0.013s] Invoking command in '/home/huynn/ros2_ws/build/my_interfaces': CMAKE_PREFIX_PATH=${CMAKE_PREFIX_PATH}:/home/huynn/ros2_ws/install/my_pkg:/opt/ros/jazzy DEBUGINFOD_URLS=https://debuginfod.ubuntu.com /usr/bin/cmake --build /home/huynn/ros2_ws/build/my_interfaces -- -j16 -l16
[0.034s] -- Found ament_cmake: 2.5.4 (/opt/ros/jazzy/share/ament_cmake/cmake)
[0.055s] -- Found Python3: /usr/bin/python3 (found version "3.12.3") found components: Interpreter 
[0.109s] -- Found rosidl_default_generators: 1.6.0 (/opt/ros/jazzy/share/rosidl_default_generators/cmake)
[0.110s] -- Using all available rosidl_typesupport_c: rosidl_typesupport_fastrtps_c;rosidl_typesupport_introspection_c
[0.132s] -- Using all available rosidl_typesupport_cpp: rosidl_typesupport_fastrtps_cpp;rosidl_typesupport_introspection_cpp
[0.149s] -- Found rosidl_adapter: 4.6.6 (/opt/ros/jazzy/share/rosidl_adapter/cmake)
[0.335s] -- Found ament_cmake_ros: 0.12.0 (/opt/ros/jazzy/share/ament_cmake_ros/cmake)
[0.400s] -- Using all available rosidl_typesupport_c: rosidl_typesupport_fastrtps_c;rosidl_typesupport_introspection_c
[0.491s] -- Using all available rosidl_typesupport_cpp: rosidl_typesupport_fastrtps_cpp;rosidl_typesupport_introspection_cpp
[0.492s] -- Found python_cmake_module: 0.11.1 (/opt/ros/jazzy/share/python_cmake_module/cmake)
[0.671s] -- Found Python3: /usr/bin/python3 (found version "3.12.3") found components: Interpreter Development NumPy Development.Module Development.Embed 
[0.677s] -- Found ament_lint_auto: 0.17.3 (/opt/ros/jazzy/share/ament_lint_auto/cmake)
[0.683s] -- Added test 'lint_cmake' to check CMake code style
[0.684s] -- Added test 'xmllint' to check XML markup files
[0.685s] -- Configuring done (0.7s)
[0.712s] -- Generating done (0.0s)
[0.720s] -- Build files have been written to: /home/huynn/ros2_ws/build/my_interfaces
[0.750s] [  2%] [34m[1mGenerating type hashes for ROS interfaces[0m
[0.758s] [  2%] Built target ament_cmake_python_copy_my_interfaces
[0.876s] [  2%] Built target my_interfaces__rosidl_generator_type_description
[0.883s] running egg_info
[0.885s] [  4%] [34m[1mGenerating C code for ROS interfaces[0m
[0.893s] [  6%] [34m[1mGenerating C++ code for ROS interfaces[0m
[0.894s] writing my_interfaces.egg-info/PKG-INFO
[0.894s] writing dependency_links to my_interfaces.egg-info/dependency_links.txt
[0.894s] writing top-level names to my_interfaces.egg-info/top_level.txt
[0.924s] reading manifest file 'my_interfaces.egg-info/SOURCES.txt'
[0.924s] writing manifest file 'my_interfaces.egg-info/SOURCES.txt'
[0.947s] [  6%] Built target ament_cmake_python_build_my_interfaces_egg
[1.081s] [  6%] Built target my_interfaces__cpp
[1.099s] [ 15%] [32mBuilding C object CMakeFiles/my_interfaces__rosidl_generator_c.dir/rosidl_generator_c/my_interfaces/srv/detail/my_srv__functions.c.o[0m
[1.099s] [ 15%] [32mBuilding C object CMakeFiles/my_interfaces__rosidl_generator_c.dir/rosidl_generator_c/my_interfaces/msg/detail/my_msg__description.c.o[0m
[1.099s] [ 15%] [32mBuilding C object CMakeFiles/my_interfaces__rosidl_generator_c.dir/rosidl_generator_c/my_interfaces/srv/detail/my_srv__description.c.o[0m
[1.099s] [ 20%] [32mBuilding C object CMakeFiles/my_interfaces__rosidl_generator_c.dir/rosidl_generator_c/my_interfaces/srv/detail/my_srv__type_support.c.o[0m
[1.099s] [ 20%] [32mBuilding C object CMakeFiles/my_interfaces__rosidl_generator_c.dir/rosidl_generator_c/my_interfaces/msg/detail/my_msg__type_support.c.o[0m
[1.099s] [ 20%] [32mBuilding C object CMakeFiles/my_interfaces__rosidl_generator_c.dir/rosidl_generator_c/my_interfaces/msg/detail/my_msg__functions.c.o[0m
[1.148s] [ 22%] [32m[1mLinking C shared library libmy_interfaces__rosidl_generator_c.so[0m
[1.178s] [ 22%] Built target my_interfaces__rosidl_generator_c
[1.186s] [ 34%] [34m[1mGenerating C++ introspection for ROS interfaces[0m
[1.186s] [ 34%] [34m[1mGenerating C type support dispatch for ROS interfaces[0m
[1.186s] [ 34%] [34m[1mGenerating C introspection for ROS interfaces[0m
[1.186s] [ 34%] [34m[1mGenerating C++ type support dispatch for ROS interfaces[0m
[1.186s] [ 34%] [34m[1mGenerating C++ type support for eProsima Fast-RTPS[0m
[1.186s] [ 36%] [34m[1mGenerating C type support for eProsima Fast-RTPS[0m
[1.355s] [ 43%] [32mBuilding CXX object CMakeFiles/my_interfaces__rosidl_typesupport_cpp.dir/rosidl_typesupport_cpp/my_interfaces/msg/my_msg__type_support.cpp.o[0m
[1.355s] [ 43%] [32mBuilding CXX object CMakeFiles/my_interfaces__rosidl_typesupport_c.dir/rosidl_typesupport_c/my_interfaces/srv/my_srv__type_support.cpp.o[0m
[1.355s] [ 43%] [32mBuilding CXX object CMakeFiles/my_interfaces__rosidl_typesupport_c.dir/rosidl_typesupport_c/my_interfaces/msg/my_msg__type_support.cpp.o[0m
[1.355s] [ 45%] [32mBuilding CXX object CMakeFiles/my_interfaces__rosidl_typesupport_cpp.dir/rosidl_typesupport_cpp/my_interfaces/srv/my_srv__type_support.cpp.o[0m
[1.378s] [ 47%] [32mBuilding CXX object CMakeFiles/my_interfaces__rosidl_typesupport_introspection_cpp.dir/rosidl_typesupport_introspection_cpp/my_interfaces/msg/detail/my_msg__type_support.cpp.o[0m
[1.378s] [ 50%] [32mBuilding CXX object CMakeFiles/my_interfaces__rosidl_typesupport_introspection_cpp.dir/rosidl_typesupport_introspection_cpp/my_interfaces/srv/detail/my_srv__type_support.cpp.o[0m
[1.385s] [ 54%] [32mBuilding C object CMakeFiles/my_interfaces__rosidl_typesupport_introspection_c.dir/rosidl_typesupport_introspection_c/my_interfaces/msg/detail/my_msg__type_support.c.o[0m
[1.385s] [ 54%] [32mBuilding C object CMakeFiles/my_interfaces__rosidl_typesupport_introspection_c.dir/rosidl_typesupport_introspection_c/my_interfaces/srv/detail/my_srv__type_support.c.o[0m
[1.396s] [ 56%] [32m[1mLinking CXX shared library libmy_interfaces__rosidl_typesupport_c.so[0m
[1.417s] [ 59%] [32mBuilding CXX object CMakeFiles/my_interfaces__rosidl_typesupport_fastrtps_cpp.dir/rosidl_typesupport_fastrtps_cpp/my_interfaces/msg/detail/dds_fastrtps/my_msg__type_support.cpp.o[0m
[1.418s] [ 61%] [32mBuilding CXX object CMakeFiles/my_interfaces__rosidl_typesupport_fastrtps_cpp.dir/rosidl_typesupport_fastrtps_cpp/my_interfaces/srv/detail/dds_fastrtps/my_srv__type_support.cpp.o[0m
[1.427s] [ 63%] [32m[1mLinking C shared library libmy_interfaces__rosidl_typesupport_introspection_c.so[0m
[1.429s] [ 65%] [32mBuilding CXX object CMakeFiles/my_interfaces__rosidl_typesupport_fastrtps_c.dir/rosidl_typesupport_fastrtps_c/my_interfaces/msg/detail/my_msg__type_support_c.cpp.o[0m
[1.431s] [ 68%] [32mBuilding CXX object CMakeFiles/my_interfaces__rosidl_typesupport_fastrtps_c.dir/rosidl_typesupport_fastrtps_c/my_interfaces/srv/detail/my_srv__type_support_c.cpp.o[0m
[1.437s] [ 68%] Built target my_interfaces__rosidl_typesupport_c
[1.455s] [ 68%] Built target my_interfaces__rosidl_typesupport_introspection_c
[1.635s] [ 70%] [32m[1mLinking CXX shared library libmy_interfaces__rosidl_typesupport_cpp.so[0m
[1.683s] [ 72%] [32m[1mLinking CXX shared library libmy_interfaces__rosidl_typesupport_introspection_cpp.so[0m
[1.696s] [ 72%] Built target my_interfaces__rosidl_typesupport_cpp
[1.745s] [ 72%] Built target my_interfaces__rosidl_typesupport_introspection_cpp
[1.772s] [ 75%] [32m[1mLinking CXX shared library libmy_interfaces__rosidl_typesupport_fastrtps_c.so[0m
[1.827s] [ 75%] Built target my_interfaces__rosidl_typesupport_fastrtps_c
[1.830s] [ 77%] [32m[1mLinking CXX shared library libmy_interfaces__rosidl_typesupport_fastrtps_cpp.so[0m
[1.883s] [ 77%] Built target my_interfaces__rosidl_typesupport_fastrtps_cpp
[1.899s] [ 77%] Built target my_interfaces
[1.919s] [ 79%] [34m[1mGenerating Python code for ROS interfaces[0m
[2.145s] [ 79%] Built target my_interfaces__py
[2.166s] [ 81%] [32mBuilding C object CMakeFiles/my_interfaces__rosidl_generator_py.dir/rosidl_generator_py/my_interfaces/msg/_my_msg_s.c.o[0m
[2.166s] [ 84%] [32mBuilding C object CMakeFiles/my_interfaces__rosidl_generator_py.dir/rosidl_generator_py/my_interfaces/srv/_my_srv_s.c.o[0m
[2.263s] [ 86%] [32m[1mLinking C shared library libmy_interfaces__rosidl_generator_py.so[0m
[2.298s] [ 86%] Built target my_interfaces__rosidl_generator_py
[2.319s] [ 90%] [32mBuilding C object CMakeFiles/my_interfaces_s__rosidl_typesupport_introspection_c.dir/rosidl_generator_py/my_interfaces/_my_interfaces_s.ep.rosidl_typesupport_introspection_c.c.o[0m
[2.319s] [ 90%] [32mBuilding C object CMakeFiles/my_interfaces_s__rosidl_typesupport_fastrtps_c.dir/rosidl_generator_py/my_interfaces/_my_interfaces_s.ep.rosidl_typesupport_fastrtps_c.c.o[0m
[2.319s] [ 93%] [32mBuilding C object CMakeFiles/my_interfaces_s__rosidl_typesupport_c.dir/rosidl_generator_py/my_interfaces/_my_interfaces_s.ep.rosidl_typesupport_c.c.o[0m
[2.389s] [ 97%] [32m[1mLinking C shared module rosidl_generator_py/my_interfaces/my_interfaces_s__rosidl_typesupport_c.so[0m
[2.389s] [ 97%] [32m[1mLinking C shared module rosidl_generator_py/my_interfaces/my_interfaces_s__rosidl_typesupport_introspection_c.so[0m
[2.392s] [100%] [32m[1mLinking C shared module rosidl_generator_py/my_interfaces/my_interfaces_s__rosidl_typesupport_fastrtps_c.so[0m
[2.415s] [100%] Built target my_interfaces_s__rosidl_typesupport_introspection_c
[2.415s] [100%] Built target my_interfaces_s__rosidl_typesupport_c
[2.418s] [100%] Built target my_interfaces_s__rosidl_typesupport_fastrtps_c
[2.428s] Invoked command in '/home/huynn/ros2_ws/build/my_interfaces' returned '0': CMAKE_PREFIX_PATH=${CMAKE_PREFIX_PATH}:/home/huynn/ros2_ws/install/my_pkg:/opt/ros/jazzy DEBUGINFOD_URLS=https://debuginfod.ubuntu.com /usr/bin/cmake --build /home/huynn/ros2_ws/build/my_interfaces -- -j16 -l16
[2.436s] Invoking command in '/home/huynn/ros2_ws/build/my_interfaces': CMAKE_PREFIX_PATH=${CMAKE_PREFIX_PATH}:/home/huynn/ros2_ws/install/my_pkg:/opt/ros/jazzy DEBUGINFOD_URLS=https://debuginfod.ubuntu.com /usr/bin/cmake --install /home/huynn/ros2_ws/build/my_interfaces
[2.442s] -- Install configuration: ""
[2.442s] -- Up-to-date: /home/huynn/ros2_ws/install/my_interfaces/share/ament_index/resource_index/rosidl_interfaces/my_interfaces
[2.442s] -- Installing: /home/huynn/ros2_ws/install/my_interfaces/share/my_interfaces/msg/MyMsg.json
[2.442s] -- Installing: /home/huynn/ros2_ws/install/my_interfaces/share/my_interfaces/srv/MySrv.json
[2.442s] -- Up-to-date: /home/huynn/ros2_ws/install/my_interfaces/include/my_interfaces/my_interfaces
[2.443s] -- Up-to-date: /home/huynn/ros2_ws/install/my_interfaces/include/my_interfaces/my_interfaces/srv
[2.443s] -- Installing: /home/huynn/ros2_ws/install/my_interfaces/include/my_interfaces/my_interfaces/srv/my_srv.h
[2.443s] -- Up-to-date: /home/huynn/ros2_ws/install/my_interfaces/include/my_interfaces/my_interfaces/srv/detail
[2.443s] -- Installing: /home/huynn/ros2_ws/install/my_interfaces/include/my_interfaces/my_interfaces/srv/detail/my_srv__type_support.h
[2.443s] -- Installing: /home/huynn/ros2_ws/install/my_interfaces/include/my_interfaces/my_interfaces/srv/detail/my_srv__functions.c
[2.443s] -- Installing: /home/huynn/ros2_ws/install/my_interfaces/include/my_interfaces/my_interfaces/srv/detail/my_srv__description.c
[2.443s] -- Installing: /home/huynn/ros2_ws/install/my_interfaces/include/my_interfaces/my_interfaces/srv/detail/my_srv__type_support.c
[2.443s] -- Installing: /home/huynn/ros2_ws/install/my_interfaces/include/my_interfaces/my_interfaces/srv/detail/my_srv__struct.h
[2.443s] -- Installing: /home/huynn/ros2_ws/install/my_interfaces/include/my_interfaces/my_interfaces/srv/detail/my_srv__functions.h
[2.443s] -- Up-to-date: /home/huynn/ros2_ws/install/my_interfaces/include/my_interfaces/my_interfaces/msg
[2.443s] -- Installing: /home/huynn/ros2_ws/install/my_interfaces/include/my_interfaces/my_interfaces/msg/my_msg.h
[2.443s] -- Up-to-date: /home/huynn/ros2_ws/install/my_interfaces/include/my_interfaces/my_interfaces/msg/rosidl_generator_c__visibility_control.h
[2.443s] -- Up-to-date: /home/huynn/ros2_ws/install/my_interfaces/include/my_interfaces/my_interfaces/msg/detail
[2.444s] -- Installing: /home/huynn/ros2_ws/install/my_interfaces/include/my_interfaces/my_interfaces/msg/detail/my_msg__type_support.c
[2.444s] -- Installing: /home/huynn/ros2_ws/install/my_interfaces/include/my_interfaces/my_interfaces/msg/detail/my_msg__description.c
[2.444s] -- Installing: /home/huynn/ros2_ws/install/my_interfaces/include/my_interfaces/my_interfaces/msg/detail/my_msg__type_support.h
[2.444s] -- Installing: /home/huynn/ros2_ws/install/my_interfaces/include/my_interfaces/my_interfaces/msg/detail/my_msg__struct.h
[2.444s] -- Installing: /home/huynn/ros2_ws/install/my_interfaces/include/my_interfaces/my_interfaces/msg/detail/my_msg__functions.c
[2.444s] -- Installing: /home/huynn/ros2_ws/install/my_interfaces/include/my_interfaces/my_interfaces/msg/detail/my_msg__functions.h
[2.444s] -- Up-to-date: /home/huynn/ros2_ws/install/my_interfaces/share/my_interfaces/environment/library_path.sh
[2.444s] -- Up-to-date: /home/huynn/ros2_ws/install/my_interfaces/share/my_interfaces/environment/library_path.dsv
[2.444s] -- Installing: /home/huynn/ros2_ws/install/my_interfaces/lib/libmy_interfaces__rosidl_generator_c.so
[2.445s] -- Set non-toolchain portion of runtime path of "/home/huynn/ros2_ws/install/my_interfaces/lib/libmy_interfaces__rosidl_generator_c.so" to ""
[2.445s] -- Up-to-date: /home/huynn/ros2_ws/install/my_interfaces/include/my_interfaces/my_interfaces
[2.445s] -- Up-to-date: /home/huynn/ros2_ws/install/my_interfaces/include/my_interfaces/my_interfaces/srv
[2.445s] -- Up-to-date: /home/huynn/ros2_ws/install/my_interfaces/include/my_interfaces/my_interfaces/srv/detail
[2.445s] -- Installing: /home/huynn/ros2_ws/install/my_interfaces/include/my_interfaces/my_interfaces/srv/detail/my_srv__rosidl_typesupport_fastrtps_c.h
[2.445s] -- Up-to-date: /home/huynn/ros2_ws/install/my_interfaces/include/my_interfaces/my_interfaces/msg
[2.445s] -- Up-to-date: /home/huynn/ros2_ws/install/my_interfaces/include/my_interfaces/my_interfaces/msg/rosidl_typesupport_fastrtps_c__visibility_control.h
[2.445s] -- Up-to-date: /home/huynn/ros2_ws/install/my_interfaces/include/my_interfaces/my_interfaces/msg/detail
[2.445s] -- Installing: /home/huynn/ros2_ws/install/my_interfaces/include/my_interfaces/my_interfaces/msg/detail/my_msg__rosidl_typesupport_fastrtps_c.h
[2.445s] -- Installing: /home/huynn/ros2_ws/install/my_interfaces/lib/libmy_interfaces__rosidl_typesupport_fastrtps_c.so
[2.446s] -- Set non-toolchain portion of runtime path of "/home/huynn/ros2_ws/install/my_interfaces/lib/libmy_interfaces__rosidl_typesupport_fastrtps_c.so" to ""
[2.446s] -- Up-to-date: /home/huynn/ros2_ws/install/my_interfaces/include/my_interfaces/my_interfaces
[2.446s] -- Up-to-date: /home/huynn/ros2_ws/install/my_interfaces/include/my_interfaces/my_interfaces/srv
[2.446s] -- Up-to-date: /home/huynn/ros2_ws/install/my_interfaces/include/my_interfaces/my_interfaces/srv/detail
[2.446s] -- Installing: /home/huynn/ros2_ws/install/my_interfaces/include/my_interfaces/my_interfaces/srv/detail/my_srv__type_support.c
[2.446s] -- Installing: /home/huynn/ros2_ws/install/my_interfaces/include/my_interfaces/my_interfaces/srv/detail/my_srv__rosidl_typesupport_introspection_c.h
[2.446s] -- Up-to-date: /home/huynn/ros2_ws/install/my_interfaces/include/my_interfaces/my_interfaces/msg
[2.446s] -- Up-to-date: /home/huynn/ros2_ws/install/my_interfaces/include/my_interfaces/my_interfaces/msg/rosidl_typesupport_introspection_c__visibility_control.h
[2.446s] -- Up-to-date: /home/huynn/ros2_ws/install/my_interfaces/include/my_interfaces/my_interfaces/msg/detail
[2.446s] -- Installing: /home/huynn/ros2_ws/install/my_interfaces/include/my_interfaces/my_interfaces/msg/detail/my_msg__rosidl_typesupport_introspection_c.h
[2.446s] -- Installing: /home/huynn/ros2_ws/install/my_interfaces/include/my_interfaces/my_interfaces/msg/detail/my_msg__type_support.c
[2.446s] -- Installing: /home/huynn/ros2_ws/install/my_interfaces/lib/libmy_interfaces__rosidl_typesupport_introspection_c.so
[2.447s] -- Set non-toolchain portion of runtime path of "/home/huynn/ros2_ws/install/my_interfaces/lib/libmy_interfaces__rosidl_typesupport_introspection_c.so" to ""
[2.447s] -- Installing: /home/huynn/ros2_ws/install/my_interfaces/lib/libmy_interfaces__rosidl_typesupport_c.so
[2.447s] -- Set non-toolchain portion of runtime path of "/home/huynn/ros2_ws/install/my_interfaces/lib/libmy_interfaces__rosidl_typesupport_c.so" to ""
[2.447s] -- Up-to-date: /home/huynn/ros2_ws/install/my_interfaces/include/my_interfaces/my_interfaces
[2.447s] -- Up-to-date: /home/huynn/ros2_ws/install/my_interfaces/include/my_interfaces/my_interfaces/srv
[2.447s] -- Installing: /home/huynn/ros2_ws/install/my_interfaces/include/my_interfaces/my_interfaces/srv/my_srv.hpp
[2.447s] -- Up-to-date: /home/huynn/ros2_ws/install/my_interfaces/include/my_interfaces/my_interfaces/srv/detail
[2.447s] -- Installing: /home/huynn/ros2_ws/install/my_interfaces/include/my_interfaces/my_interfaces/srv/detail/my_srv__type_support.hpp
[2.447s] -- Installing: /home/huynn/ros2_ws/install/my_interfaces/include/my_interfaces/my_interfaces/srv/detail/my_srv__traits.hpp
[2.447s] -- Installing: /home/huynn/ros2_ws/install/my_interfaces/include/my_interfaces/my_interfaces/srv/detail/my_srv__struct.hpp
[2.448s] -- Installing: /home/huynn/ros2_ws/install/my_interfaces/include/my_interfaces/my_interfaces/srv/detail/my_srv__builder.hpp
[2.448s] -- Up-to-date: /home/huynn/ros2_ws/install/my_interfaces/include/my_interfaces/my_interfaces/msg
[2.448s] -- Installing: /home/huynn/ros2_ws/install/my_interfaces/include/my_interfaces/my_interfaces/msg/my_msg.hpp
[2.448s] -- Installing: /home/huynn/ros2_ws/install/my_interfaces/include/my_interfaces/my_interfaces/msg/rosidl_generator_cpp__visibility_control.hpp
[2.448s] -- Up-to-date: /home/huynn/ros2_ws/install/my_interfaces/include/my_interfaces/my_interfaces/msg/detail
[2.448s] -- Installing: /home/huynn/ros2_ws/install/my_interfaces/include/my_interfaces/my_interfaces/msg/detail/my_msg__builder.hpp
[2.448s] -- Installing: /home/huynn/ros2_ws/install/my_interfaces/include/my_interfaces/my_interfaces/msg/detail/my_msg__struct.hpp
[2.448s] -- Installing: /home/huynn/ros2_ws/install/my_interfaces/include/my_interfaces/my_interfaces/msg/detail/my_msg__traits.hpp
[2.448s] -- Installing: /home/huynn/ros2_ws/install/my_interfaces/include/my_interfaces/my_interfaces/msg/detail/my_msg__type_support.hpp
[2.448s] -- Up-to-date: /home/huynn/ros2_ws/install/my_interfaces/include/my_interfaces/my_interfaces
[2.448s] -- Up-to-date: /home/huynn/ros2_ws/install/my_interfaces/include/my_interfaces/my_interfaces/srv
[2.448s] -- Up-to-date: /home/huynn/ros2_ws/install/my_interfaces/include/my_interfaces/my_interfaces/srv/detail
[2.448s] -- Installing: /home/huynn/ros2_ws/install/my_interfaces/include/my_interfaces/my_interfaces/srv/detail/my_srv__rosidl_typesupport_fastrtps_cpp.hpp
[2.449s] -- Up-to-date: /home/huynn/ros2_ws/install/my_interfaces/include/my_interfaces/my_interfaces/srv/detail/dds_fastrtps
[2.449s] -- Up-to-date: /home/huynn/ros2_ws/install/my_interfaces/include/my_interfaces/my_interfaces/msg
[2.449s] -- Up-to-date: /home/huynn/ros2_ws/install/my_interfaces/include/my_interfaces/my_interfaces/msg/rosidl_typesupport_fastrtps_cpp__visibility_control.h
[2.449s] -- Up-to-date: /home/huynn/ros2_ws/install/my_interfaces/include/my_interfaces/my_interfaces/msg/detail
[2.449s] -- Installing: /home/huynn/ros2_ws/install/my_interfaces/include/my_interfaces/my_interfaces/msg/detail/my_msg__rosidl_typesupport_fastrtps_cpp.hpp
[2.449s] -- Up-to-date: /home/huynn/ros2_ws/install/my_interfaces/include/my_interfaces/my_interfaces/msg/detail/dds_fastrtps
[2.449s] -- Installing: /home/huynn/ros2_ws/install/my_interfaces/lib/libmy_interfaces__rosidl_typesupport_fastrtps_cpp.so
[2.449s] -- Set non-toolchain portion of runtime path of "/home/huynn/ros2_ws/install/my_interfaces/lib/libmy_interfaces__rosidl_typesupport_fastrtps_cpp.so" to ""
[2.449s] -- Up-to-date: /home/huynn/ros2_ws/install/my_interfaces/include/my_interfaces/my_interfaces
[2.449s] -- Up-to-date: /home/huynn/ros2_ws/install/my_interfaces/include/my_interfaces/my_interfaces/srv
[2.450s] -- Up-to-date: /home/huynn/ros2_ws/install/my_interfaces/include/my_interfaces/my_interfaces/srv/detail
[2.450s] -- Installing: /home/huynn/ros2_ws/install/my_interfaces/include/my_interfaces/my_interfaces/srv/detail/my_srv__rosidl_typesupport_introspection_cpp.hpp
[2.450s] -- Installing: /home/huynn/ros2_ws/install/my_interfaces/include/my_interfaces/my_interfaces/srv/detail/my_srv__type_support.cpp
[2.450s] -- Up-to-date: /home/huynn/ros2_ws/install/my_interfaces/include/my_interfaces/my_interfaces/msg
[2.450s] -- Up-to-date: /home/huynn/ros2_ws/install/my_interfaces/include/my_interfaces/my_interfaces/msg/detail
[2.450s] -- Installing: /home/huynn/ros2_ws/install/my_interfaces/include/my_interfaces/my_interfaces/msg/detail/my_msg__type_support.cpp
[2.450s] -- Installing: /home/huynn/ros2_ws/install/my_interfaces/include/my_interfaces/my_interfaces/msg/detail/my_msg__rosidl_typesupport_introspection_cpp.hpp
[2.450s] -- Installing: /home/huynn/ros2_ws/install/my_interfaces/lib/libmy_interfaces__rosidl_typesupport_introspection_cpp.so
[2.451s] -- Set non-toolchain portion of runtime path of "/home/huynn/ros2_ws/install/my_interfaces/lib/libmy_interfaces__rosidl_typesupport_introspection_cpp.so" to ""
[2.451s] -- Installing: /home/huynn/ros2_ws/install/my_interfaces/lib/libmy_interfaces__rosidl_typesupport_cpp.so
[2.451s] -- Set non-toolchain portion of runtime path of "/home/huynn/ros2_ws/install/my_interfaces/lib/libmy_interfaces__rosidl_typesupport_cpp.so" to ""
[2.451s] -- Up-to-date: /home/huynn/ros2_ws/install/my_interfaces/share/my_interfaces/environment/pythonpath.sh
[2.451s] -- Up-to-date: /home/huynn/ros2_ws/install/my_interfaces/share/my_interfaces/environment/pythonpath.dsv
[2.451s] -- Up-to-date: /home/huynn/ros2_ws/install/my_interfaces/lib/python3.12/site-packages/my_interfaces-0.0.0-py3.12.egg-info
[2.451s] -- Installing: /home/huynn/ros2_ws/install/my_interfaces/lib/python3.12/site-packages/my_interfaces-0.0.0-py3.12.egg-info/PKG-INFO
[2.451s] -- Installing: /home/huynn/ros2_ws/install/my_interfaces/lib/python3.12/site-packages/my_interfaces-0.0.0-py3.12.egg-info/top_level.txt
[2.451s] -- Installing: /home/huynn/ros2_ws/install/my_interfaces/lib/python3.12/site-packages/my_interfaces-0.0.0-py3.12.egg-info/dependency_links.txt
[2.451s] -- Installing: /home/huynn/ros2_ws/install/my_interfaces/lib/python3.12/site-packages/my_interfaces-0.0.0-py3.12.egg-info/SOURCES.txt
[2.452s] -- Up-to-date: /home/huynn/ros2_ws/install/my_interfaces/lib/python3.12/site-packages/my_interfaces
[2.452s] -- Installing: /home/huynn/ros2_ws/install/my_interfaces/lib/python3.12/site-packages/my_interfaces/__init__.py
[2.452s] -- Installing: /home/huynn/ros2_ws/install/my_interfaces/lib/python3.12/site-packages/my_interfaces/_my_interfaces_s.ep.rosidl_typesupport_fastrtps_c.c
[2.452s] -- Installing: /home/huynn/ros2_ws/install/my_interfaces/lib/python3.12/site-packages/my_interfaces/my_interfaces_s__rosidl_typesupport_c.so
[2.452s] -- Installing: /home/huynn/ros2_ws/install/my_interfaces/lib/python3.12/site-packages/my_interfaces/my_interfaces_s__rosidl_typesupport_fastrtps_c.so
[2.452s] -- Up-to-date: /home/huynn/ros2_ws/install/my_interfaces/lib/python3.12/site-packages/my_interfaces/srv
[2.452s] -- Installing: /home/huynn/ros2_ws/install/my_interfaces/lib/python3.12/site-packages/my_interfaces/srv/__init__.py
[2.452s] -- Installing: /home/huynn/ros2_ws/install/my_interfaces/lib/python3.12/site-packages/my_interfaces/srv/_my_srv.py
[2.452s] -- Installing: /home/huynn/ros2_ws/install/my_interfaces/lib/python3.12/site-packages/my_interfaces/srv/_my_srv_s.c
[2.452s] -- Installing: /home/huynn/ros2_ws/install/my_interfaces/lib/python3.12/site-packages/my_interfaces/my_interfaces_s__rosidl_typesupport_introspection_c.so
[2.453s] -- Installing: /home/huynn/ros2_ws/install/my_interfaces/lib/python3.12/site-packages/my_interfaces/_my_interfaces_s.ep.rosidl_typesupport_introspection_c.c
[2.453s] -- Installing: /home/huynn/ros2_ws/install/my_interfaces/lib/python3.12/site-packages/my_interfaces/_my_interfaces_s.ep.rosidl_typesupport_c.c
[2.453s] -- Up-to-date: /home/huynn/ros2_ws/install/my_interfaces/lib/python3.12/site-packages/my_interfaces/msg
[2.453s] -- Installing: /home/huynn/ros2_ws/install/my_interfaces/lib/python3.12/site-packages/my_interfaces/msg/__init__.py
[2.453s] -- Installing: /home/huynn/ros2_ws/install/my_interfaces/lib/python3.12/site-packages/my_interfaces/msg/_my_msg_s.c
[2.453s] -- Installing: /home/huynn/ros2_ws/install/my_interfaces/lib/python3.12/site-packages/my_interfaces/msg/_my_msg.py
[2.479s] Listing '/home/huynn/ros2_ws/install/my_interfaces/lib/python3.12/site-packages/my_interfaces'...
[2.479s] Compiling '/home/huynn/ros2_ws/install/my_interfaces/lib/python3.12/site-packages/my_interfaces/__init__.py'...
[2.479s] Listing '/home/huynn/ros2_ws/install/my_interfaces/lib/python3.12/site-packages/my_interfaces/msg'...
[2.479s] Compiling '/home/huynn/ros2_ws/install/my_interfaces/lib/python3.12/site-packages/my_interfaces/msg/__init__.py'...
[2.479s] Compiling '/home/huynn/ros2_ws/install/my_interfaces/lib/python3.12/site-packages/my_interfaces/msg/_my_msg.py'...
[2.479s] Listing '/home/huynn/ros2_ws/install/my_interfaces/lib/python3.12/site-packages/my_interfaces/srv'...
[2.479s] Compiling '/home/huynn/ros2_ws/install/my_interfaces/lib/python3.12/site-packages/my_interfaces/srv/__init__.py'...
[2.480s] Compiling '/home/huynn/ros2_ws/install/my_interfaces/lib/python3.12/site-packages/my_interfaces/srv/_my_srv.py'...
[2.483s] -- Installing: /home/huynn/ros2_ws/install/my_interfaces/lib/python3.12/site-packages/my_interfaces/my_interfaces_s__rosidl_typesupport_fastrtps_c.so
[2.483s] -- Set non-toolchain portion of runtime path of "/home/huynn/ros2_ws/install/my_interfaces/lib/python3.12/site-packages/my_interfaces/my_interfaces_s__rosidl_typesupport_fastrtps_c.so" to ""
[2.483s] -- Installing: /home/huynn/ros2_ws/install/my_interfaces/lib/python3.12/site-packages/my_interfaces/my_interfaces_s__rosidl_typesupport_introspection_c.so
[2.483s] -- Set non-toolchain portion of runtime path of "/home/huynn/ros2_ws/install/my_interfaces/lib/python3.12/site-packages/my_interfaces/my_interfaces_s__rosidl_typesupport_introspection_c.so" to ""
[2.483s] -- Installing: /home/huynn/ros2_ws/install/my_interfaces/lib/python3.12/site-packages/my_interfaces/my_interfaces_s__rosidl_typesupport_c.so
[2.484s] -- Set non-toolchain portion of runtime path of "/home/huynn/ros2_ws/install/my_interfaces/lib/python3.12/site-packages/my_interfaces/my_interfaces_s__rosidl_typesupport_c.so" to ""
[2.484s] -- Installing: /home/huynn/ros2_ws/install/my_interfaces/lib/libmy_interfaces__rosidl_generator_py.so
[2.484s] -- Set non-toolchain portion of runtime path of "/home/huynn/ros2_ws/install/my_interfaces/lib/libmy_interfaces__rosidl_generator_py.so" to ""
[2.484s] -- Up-to-date: /home/huynn/ros2_ws/install/my_interfaces/share/my_interfaces/msg/MyMsg.idl
[2.484s] -- Installing: /home/huynn/ros2_ws/install/my_interfaces/share/my_interfaces/srv/MySrv.idl
[2.484s] -- Up-to-date: /home/huynn/ros2_ws/install/my_interfaces/share/my_interfaces/msg/MyMsg.msg
[2.484s] -- Installing: /home/huynn/ros2_ws/install/my_interfaces/share/my_interfaces/srv/MySrv.srv
[2.484s] -- Up-to-date: /home/huynn/ros2_ws/install/my_interfaces/share/ament_index/resource_index/package_run_dependencies/my_interfaces
[2.484s] -- Up-to-date: /home/huynn/ros2_ws/install/my_interfaces/share/ament_index/resource_index/parent_prefix_path/my_interfaces
[2.484s] -- Up-to-date: /home/huynn/ros2_ws/install/my_interfaces/share/my_interfaces/environment/ament_prefix_path.sh
[2.485s] -- Up-to-date: /home/huynn/ros2_ws/install/my_interfaces/share/my_interfaces/environment/ament_prefix_path.dsv
[2.485s] -- Up-to-date: /home/huynn/ros2_ws/install/my_interfaces/share/my_interfaces/environment/path.sh
[2.485s] -- Up-to-date: /home/huynn/ros2_ws/install/my_interfaces/share/my_interfaces/environment/path.dsv
[2.485s] -- Up-to-date: /home/huynn/ros2_ws/install/my_interfaces/share/my_interfaces/local_setup.bash
[2.485s] -- Up-to-date: /home/huynn/ros2_ws/install/my_interfaces/share/my_interfaces/local_setup.sh
[2.485s] -- Up-to-date: /home/huynn/ros2_ws/install/my_interfaces/share/my_interfaces/local_setup.zsh
[2.485s] -- Up-to-date: /home/huynn/ros2_ws/install/my_interfaces/share/my_interfaces/local_setup.dsv
[2.485s] -- Installing: /home/huynn/ros2_ws/install/my_interfaces/share/my_interfaces/package.dsv
[2.485s] -- Up-to-date: /home/huynn/ros2_ws/install/my_interfaces/share/ament_index/resource_index/packages/my_interfaces
[2.485s] -- Up-to-date: /home/huynn/ros2_ws/install/my_interfaces/share/my_interfaces/cmake/export_my_interfaces__rosidl_generator_cExport.cmake
[2.485s] -- Up-to-date: /home/huynn/ros2_ws/install/my_interfaces/share/my_interfaces/cmake/export_my_interfaces__rosidl_generator_cExport-noconfig.cmake
[2.485s] -- Up-to-date: /home/huynn/ros2_ws/install/my_interfaces/share/my_interfaces/cmake/export_my_interfaces__rosidl_typesupport_fastrtps_cExport.cmake
[2.485s] -- Up-to-date: /home/huynn/ros2_ws/install/my_interfaces/share/my_interfaces/cmake/export_my_interfaces__rosidl_typesupport_fastrtps_cExport-noconfig.cmake
[2.485s] -- Up-to-date: /home/huynn/ros2_ws/install/my_interfaces/share/my_interfaces/cmake/my_interfaces__rosidl_typesupport_introspection_cExport.cmake
[2.485s] -- Up-to-date: /home/huynn/ros2_ws/install/my_interfaces/share/my_interfaces/cmake/my_interfaces__rosidl_typesupport_introspection_cExport-noconfig.cmake
[2.485s] -- Up-to-date: /home/huynn/ros2_ws/install/my_interfaces/share/my_interfaces/cmake/my_interfaces__rosidl_typesupport_cExport.cmake
[2.485s] -- Up-to-date: /home/huynn/ros2_ws/install/my_interfaces/share/my_interfaces/cmake/my_interfaces__rosidl_typesupport_cExport-noconfig.cmake
[2.485s] -- Up-to-date: /home/huynn/ros2_ws/install/my_interfaces/share/my_interfaces/cmake/export_my_interfaces__rosidl_generator_cppExport.cmake
[2.485s] -- Up-to-date: /home/huynn/ros2_ws/install/my_interfaces/share/my_interfaces/cmake/export_my_interfaces__rosidl_typesupport_fastrtps_cppExport.cmake
[2.485s] -- Up-to-date: /home/huynn/ros2_ws/install/my_interfaces/share/my_interfaces/cmake/export_my_interfaces__rosidl_typesupport_fastrtps_cppExport-noconfig.cmake
[2.485s] -- Up-to-date: /home/huynn/ros2_ws/install/my_interfaces/share/my_interfaces/cmake/my_interfaces__rosidl_typesupport_introspection_cppExport.cmake
[2.485s] -- Up-to-date: /home/huynn/ros2_ws/install/my_interfaces/share/my_interfaces/cmake/my_interfaces__rosidl_typesupport_introspection_cppExport-noconfig.cmake
[2.485s] -- Up-to-date: /home/huynn/ros2_ws/install/my_interfaces/share/my_interfaces/cmake/my_interfaces__rosidl_typesupport_cppExport.cmake
[2.485s] -- Up-to-date: /home/huynn/ros2_ws/install/my_interfaces/share/my_interfaces/cmake/my_interfaces__rosidl_typesupport_cppExport-noconfig.cmake
[2.486s] -- Up-to-date: /home/huynn/ros2_ws/install/my_interfaces/share/my_interfaces/cmake/export_my_interfaces__rosidl_generator_pyExport.cmake
[2.486s] -- Up-to-date: /home/huynn/ros2_ws/install/my_interfaces/share/my_interfaces/cmake/export_my_interfaces__rosidl_generator_pyExport-noconfig.cmake
[2.486s] -- Up-to-date: /home/huynn/ros2_ws/install/my_interfaces/share/my_interfaces/cmake/rosidl_cmake-extras.cmake
[2.486s] -- Up-to-date: /home/huynn/ros2_ws/install/my_interfaces/share/my_interfaces/cmake/ament_cmake_export_dependencies-extras.cmake
[2.486s] -- Up-to-date: /home/huynn/ros2_ws/install/my_interfaces/share/my_interfaces/cmake/ament_cmake_export_include_directories-extras.cmake
[2.486s] -- Up-to-date: /home/huynn/ros2_ws/install/my_interfaces/share/my_interfaces/cmake/ament_cmake_export_libraries-extras.cmake
[2.486s] -- Up-to-date: /home/huynn/ros2_ws/install/my_interfaces/share/my_interfaces/cmake/ament_cmake_export_targets-extras.cmake
[2.486s] -- Up-to-date: /home/huynn/ros2_ws/install/my_interfaces/share/my_interfaces/cmake/rosidl_cmake_export_typesupport_targets-extras.cmake
[2.486s] -- Up-to-date: /home/huynn/ros2_ws/install/my_interfaces/share/my_interfaces/cmake/rosidl_cmake_export_typesupport_libraries-extras.cmake
[2.486s] -- Up-to-date: /home/huynn/ros2_ws/install/my_interfaces/share/my_interfaces/cmake/my_interfacesConfig.cmake
[2.486s] -- Up-to-date: /home/huynn/ros2_ws/install/my_interfaces/share/my_interfaces/cmake/my_interfacesConfig-version.cmake
[2.486s] -- Up-to-date: /home/huynn/ros2_ws/install/my_interfaces/share/my_interfaces/package.xml
[2.488s] Invoked command in '/home/huynn/ros2_ws/build/my_interfaces' returned '0': CMAKE_PREFIX_PATH=${CMAKE_PREFIX_PATH}:/home/huynn/ros2_ws/install/my_pkg:/opt/ros/jazzy DEBUGINFOD_URLS=https://debuginfod.ubuntu.com /usr/bin/cmake --install /home/huynn/ros2_ws/build/my_interfaces
