[0.016s] Invoking command in '/home/huynn/ros2_ws/src/build/my_interfaces': CMAKE_PREFIX_PATH=${CMAKE_PREFIX_PATH}:/home/huynn/ros2_ws/install/my_pkg:/opt/ros/jazzy DEBUGINFOD_URLS=https://debuginfod.ubuntu.com /usr/bin/cmake /home/huynn/ros2_ws/src/my_interfaces -DCMAKE_INSTALL_PREFIX=/home/huynn/ros2_ws/src/install/my_interfaces
[0.091s] -- The C compiler identification is GNU 13.3.0
[0.154s] -- The CXX compiler identification is GNU 13.3.0
[0.171s] -- Detecting C compiler ABI info
[0.248s] -- Detecting C compiler ABI info - done
[0.253s] -- Check for working C compiler: /usr/bin/cc - skipped
[0.254s] -- Detecting C compile features
[0.254s] -- Detecting C compile features - done
[0.263s] -- Detecting CXX compiler ABI info
[0.343s] -- Detecting CXX compiler ABI info - done
[0.348s] -- Check for working CXX compiler: /usr/bin/c++ - skipped
[0.348s] -- Detecting CXX compile features
[0.349s] -- Detecting CXX compile features - done
[0.352s] -- Found ament_cmake: 2.5.4 (/opt/ros/jazzy/share/ament_cmake/cmake)
[0.452s] -- Found Python3: /usr/bin/python3 (found version "3.12.3") found components: Interpreter 
[0.529s] -- Found rosidl_default_generators: 1.6.0 (/opt/ros/jazzy/share/rosidl_default_generators/cmake)
[0.534s] -- Using all available rosidl_typesupport_c: rosidl_typesupport_fastrtps_c;rosidl_typesupport_introspection_c
[0.574s] -- Using all available rosidl_typesupport_cpp: rosidl_typesupport_fastrtps_cpp;rosidl_typesupport_introspection_cpp
[0.608s] -- Found rosidl_adapter: 4.6.6 (/opt/ros/jazzy/share/rosidl_adapter/cmake)
[0.984s] -- Found ament_cmake_ros: 0.12.0 (/opt/ros/jazzy/share/ament_cmake_ros/cmake)
[1.277s] -- Using all available rosidl_typesupport_c: rosidl_typesupport_fastrtps_c;rosidl_typesupport_introspection_c
[1.661s] -- Using all available rosidl_typesupport_cpp: rosidl_typesupport_fastrtps_cpp;rosidl_typesupport_introspection_cpp
[1.664s] -- Found python_cmake_module: 0.11.1 (/opt/ros/jazzy/share/python_cmake_module/cmake)
[1.759s] -- Found PythonExtra: /usr/bin/python3  
[2.055s] -- Found Python3: /usr/bin/python3 (found version "3.12.3") found components: Interpreter Development NumPy Development.Module Development.Embed 
[2.087s] -- Found ament_lint_auto: 0.17.3 (/opt/ros/jazzy/share/ament_lint_auto/cmake)
[2.108s] -- Added test 'lint_cmake' to check CMake code style
[2.111s] -- Added test 'xmllint' to check XML markup files
[2.114s] -- Configuring done (2.1s)
[2.135s] -- Generating done (0.0s)
[2.141s] -- Build files have been written to: /home/huynn/ros2_ws/src/build/my_interfaces
[2.148s] Invoked command in '/home/huynn/ros2_ws/src/build/my_interfaces' returned '0': CMAKE_PREFIX_PATH=${CMAKE_PREFIX_PATH}:/home/huynn/ros2_ws/install/my_pkg:/opt/ros/jazzy DEBUGINFOD_URLS=https://debuginfod.ubuntu.com /usr/bin/cmake /home/huynn/ros2_ws/src/my_interfaces -DCMAKE_INSTALL_PREFIX=/home/huynn/ros2_ws/src/install/my_interfaces
[2.149s] Invoking command in '/home/huynn/ros2_ws/src/build/my_interfaces': CMAKE_PREFIX_PATH=${CMAKE_PREFIX_PATH}:/home/huynn/ros2_ws/install/my_pkg:/opt/ros/jazzy DEBUGINFOD_URLS=https://debuginfod.ubuntu.com /usr/bin/cmake --build /home/huynn/ros2_ws/src/build/my_interfaces -- -j16 -l16
[2.190s] [  2%] [34m[1mGenerating type hashes for ROS interfaces[0m
[2.196s] [  2%] Built target ament_cmake_python_copy_my_interfaces
[2.314s] [  2%] Built target my_interfaces__rosidl_generator_type_description
[2.322s] [  5%] [34m[1mGenerating C code for ROS interfaces[0m
[2.327s] running egg_info
[2.328s] creating my_interfaces.egg-info
[2.330s] [  8%] [34m[1mGenerating C++ code for ROS interfaces[0m
[2.340s] writing my_interfaces.egg-info/PKG-INFO
[2.340s] writing dependency_links to my_interfaces.egg-info/dependency_links.txt
[2.340s] writing top-level names to my_interfaces.egg-info/top_level.txt
[2.340s] writing manifest file 'my_interfaces.egg-info/SOURCES.txt'
[2.368s] reading manifest file 'my_interfaces.egg-info/SOURCES.txt'
[2.368s] writing manifest file 'my_interfaces.egg-info/SOURCES.txt'
[2.389s] [  8%] Built target ament_cmake_python_build_my_interfaces_egg
[2.463s] [  8%] Built target my_interfaces__cpp
[2.478s] [ 17%] [32mBuilding C object CMakeFiles/my_interfaces__rosidl_generator_c.dir/rosidl_generator_c/my_interfaces/msg/detail/my_msg__functions.c.o[0m
[2.478s] [ 17%] [32mBuilding C object CMakeFiles/my_interfaces__rosidl_generator_c.dir/rosidl_generator_c/my_interfaces/msg/detail/my_msg__type_support.c.o[0m
[2.478s] [ 17%] [32mBuilding C object CMakeFiles/my_interfaces__rosidl_generator_c.dir/rosidl_generator_c/my_interfaces/msg/detail/my_msg__description.c.o[0m
[2.524s] [ 20%] [32m[1mLinking C shared library libmy_interfaces__rosidl_generator_c.so[0m
[2.552s] [ 20%] Built target my_interfaces__rosidl_generator_c
[2.560s] [ 32%] [34m[1mGenerating C++ introspection for ROS interfaces[0m
[2.560s] [ 32%] [34m[1mGenerating C++ type support for eProsima Fast-RTPS[0m
[2.560s] [ 32%] [34m[1mGenerating C type support for eProsima Fast-RTPS[0m
[2.560s] [ 32%] [34m[1mGenerating C++ type support dispatch for ROS interfaces[0m
[2.560s] [ 38%] [34m[1mGenerating C type support dispatch for ROS interfaces[0m
[2.560s] [ 38%] [34m[1mGenerating C introspection for ROS interfaces[0m
[2.700s] [ 41%] [32mBuilding CXX object CMakeFiles/my_interfaces__rosidl_typesupport_cpp.dir/rosidl_typesupport_cpp/my_interfaces/msg/my_msg__type_support.cpp.o[0m
[2.709s] [ 44%] [32mBuilding CXX object CMakeFiles/my_interfaces__rosidl_typesupport_c.dir/rosidl_typesupport_c/my_interfaces/msg/my_msg__type_support.cpp.o[0m
[2.716s] [ 47%] [32mBuilding C object CMakeFiles/my_interfaces__rosidl_typesupport_introspection_c.dir/rosidl_typesupport_introspection_c/my_interfaces/msg/detail/my_msg__type_support.c.o[0m
[2.719s] [ 50%] [32mBuilding CXX object CMakeFiles/my_interfaces__rosidl_typesupport_introspection_cpp.dir/rosidl_typesupport_introspection_cpp/my_interfaces/msg/detail/my_msg__type_support.cpp.o[0m
[2.728s] [ 52%] [32mBuilding CXX object CMakeFiles/my_interfaces__rosidl_typesupport_fastrtps_cpp.dir/rosidl_typesupport_fastrtps_cpp/my_interfaces/msg/detail/dds_fastrtps/my_msg__type_support.cpp.o[0m
[2.730s] [ 55%] [32mBuilding CXX object CMakeFiles/my_interfaces__rosidl_typesupport_fastrtps_c.dir/rosidl_typesupport_fastrtps_c/my_interfaces/msg/detail/my_msg__type_support_c.cpp.o[0m
[2.742s] [ 61%] [32m[1mLinking C shared library libmy_interfaces__rosidl_typesupport_introspection_c.so[0m
[2.742s] [ 61%] [32m[1mLinking CXX shared library libmy_interfaces__rosidl_typesupport_c.so[0m
[2.767s] [ 61%] Built target my_interfaces__rosidl_typesupport_introspection_c
[2.773s] [ 61%] Built target my_interfaces__rosidl_typesupport_c
[2.905s] [ 64%] [32m[1mLinking CXX shared library libmy_interfaces__rosidl_typesupport_cpp.so[0m
[2.919s] [ 67%] [32m[1mLinking CXX shared library libmy_interfaces__rosidl_typesupport_introspection_cpp.so[0m
[2.939s] [ 67%] Built target my_interfaces__rosidl_typesupport_cpp
[2.963s] [ 67%] Built target my_interfaces__rosidl_typesupport_introspection_cpp
[3.017s] [ 70%] [32m[1mLinking CXX shared library libmy_interfaces__rosidl_typesupport_fastrtps_cpp.so[0m
[3.018s] [ 73%] [32m[1mLinking CXX shared library libmy_interfaces__rosidl_typesupport_fastrtps_c.so[0m
[3.072s] [ 73%] Built target my_interfaces__rosidl_typesupport_fastrtps_cpp
[3.072s] [ 73%] Built target my_interfaces__rosidl_typesupport_fastrtps_c
[3.087s] [ 73%] Built target my_interfaces
[3.103s] [ 76%] [34m[1mGenerating Python code for ROS interfaces[0m
[3.253s] [ 76%] Built target my_interfaces__py
[3.269s] [ 79%] [32mBuilding C object CMakeFiles/my_interfaces__rosidl_generator_py.dir/rosidl_generator_py/my_interfaces/msg/_my_msg_s.c.o[0m
[3.362s] [ 82%] [32m[1mLinking C shared library libmy_interfaces__rosidl_generator_py.so[0m
[3.392s] [ 82%] Built target my_interfaces__rosidl_generator_py
[3.410s] [ 91%] [32mBuilding C object CMakeFiles/my_interfaces_s__rosidl_typesupport_fastrtps_c.dir/rosidl_generator_py/my_interfaces/_my_interfaces_s.ep.rosidl_typesupport_fastrtps_c.c.o[0m
[3.411s] [ 91%] [32mBuilding C object CMakeFiles/my_interfaces_s__rosidl_typesupport_c.dir/rosidl_generator_py/my_interfaces/_my_interfaces_s.ep.rosidl_typesupport_c.c.o[0m
[3.411s] [ 91%] [32mBuilding C object CMakeFiles/my_interfaces_s__rosidl_typesupport_introspection_c.dir/rosidl_generator_py/my_interfaces/_my_interfaces_s.ep.rosidl_typesupport_introspection_c.c.o[0m
[3.474s] [ 97%] [32m[1mLinking C shared module rosidl_generator_py/my_interfaces/my_interfaces_s__rosidl_typesupport_introspection_c.so[0m
[3.474s] [ 97%] [32m[1mLinking C shared module rosidl_generator_py/my_interfaces/my_interfaces_s__rosidl_typesupport_c.so[0m
[3.477s] [100%] [32m[1mLinking C shared module rosidl_generator_py/my_interfaces/my_interfaces_s__rosidl_typesupport_fastrtps_c.so[0m
[3.497s] [100%] Built target my_interfaces_s__rosidl_typesupport_introspection_c
[3.497s] [100%] Built target my_interfaces_s__rosidl_typesupport_c
[3.501s] [100%] Built target my_interfaces_s__rosidl_typesupport_fastrtps_c
[3.512s] Invoked command in '/home/huynn/ros2_ws/src/build/my_interfaces' returned '0': CMAKE_PREFIX_PATH=${CMAKE_PREFIX_PATH}:/home/huynn/ros2_ws/install/my_pkg:/opt/ros/jazzy DEBUGINFOD_URLS=https://debuginfod.ubuntu.com /usr/bin/cmake --build /home/huynn/ros2_ws/src/build/my_interfaces -- -j16 -l16
[3.520s] Invoking command in '/home/huynn/ros2_ws/src/build/my_interfaces': CMAKE_PREFIX_PATH=${CMAKE_PREFIX_PATH}:/home/huynn/ros2_ws/install/my_pkg:/opt/ros/jazzy DEBUGINFOD_URLS=https://debuginfod.ubuntu.com /usr/bin/cmake --install /home/huynn/ros2_ws/src/build/my_interfaces
[3.526s] -- Install configuration: ""
[3.526s] -- Installing: /home/huynn/ros2_ws/src/install/my_interfaces/share/ament_index/resource_index/rosidl_interfaces/my_interfaces
[3.526s] -- Installing: /home/huynn/ros2_ws/src/install/my_interfaces/share/my_interfaces/msg/MyMsg.json
[3.527s] -- Installing: /home/huynn/ros2_ws/src/install/my_interfaces/include/my_interfaces/my_interfaces
[3.527s] -- Installing: /home/huynn/ros2_ws/src/install/my_interfaces/include/my_interfaces/my_interfaces/msg
[3.527s] -- Installing: /home/huynn/ros2_ws/src/install/my_interfaces/include/my_interfaces/my_interfaces/msg/my_msg.h
[3.527s] -- Installing: /home/huynn/ros2_ws/src/install/my_interfaces/include/my_interfaces/my_interfaces/msg/rosidl_generator_c__visibility_control.h
[3.527s] -- Installing: /home/huynn/ros2_ws/src/install/my_interfaces/include/my_interfaces/my_interfaces/msg/detail
[3.527s] -- Installing: /home/huynn/ros2_ws/src/install/my_interfaces/include/my_interfaces/my_interfaces/msg/detail/my_msg__type_support.c
[3.527s] -- Installing: /home/huynn/ros2_ws/src/install/my_interfaces/include/my_interfaces/my_interfaces/msg/detail/my_msg__description.c
[3.527s] -- Installing: /home/huynn/ros2_ws/src/install/my_interfaces/include/my_interfaces/my_interfaces/msg/detail/my_msg__type_support.h
[3.527s] -- Installing: /home/huynn/ros2_ws/src/install/my_interfaces/include/my_interfaces/my_interfaces/msg/detail/my_msg__struct.h
[3.527s] -- Installing: /home/huynn/ros2_ws/src/install/my_interfaces/include/my_interfaces/my_interfaces/msg/detail/my_msg__functions.c
[3.527s] -- Installing: /home/huynn/ros2_ws/src/install/my_interfaces/include/my_interfaces/my_interfaces/msg/detail/my_msg__functions.h
[3.528s] -- Installing: /home/huynn/ros2_ws/src/install/my_interfaces/share/my_interfaces/environment/library_path.sh
[3.528s] -- Installing: /home/huynn/ros2_ws/src/install/my_interfaces/share/my_interfaces/environment/library_path.dsv
[3.528s] -- Installing: /home/huynn/ros2_ws/src/install/my_interfaces/lib/libmy_interfaces__rosidl_generator_c.so
[3.528s] -- Set non-toolchain portion of runtime path of "/home/huynn/ros2_ws/src/install/my_interfaces/lib/libmy_interfaces__rosidl_generator_c.so" to ""
[3.528s] -- Up-to-date: /home/huynn/ros2_ws/src/install/my_interfaces/include/my_interfaces/my_interfaces
[3.528s] -- Up-to-date: /home/huynn/ros2_ws/src/install/my_interfaces/include/my_interfaces/my_interfaces/msg
[3.528s] -- Installing: /home/huynn/ros2_ws/src/install/my_interfaces/include/my_interfaces/my_interfaces/msg/rosidl_typesupport_fastrtps_c__visibility_control.h
[3.528s] -- Up-to-date: /home/huynn/ros2_ws/src/install/my_interfaces/include/my_interfaces/my_interfaces/msg/detail
[3.528s] -- Installing: /home/huynn/ros2_ws/src/install/my_interfaces/include/my_interfaces/my_interfaces/msg/detail/my_msg__rosidl_typesupport_fastrtps_c.h
[3.528s] -- Installing: /home/huynn/ros2_ws/src/install/my_interfaces/lib/libmy_interfaces__rosidl_typesupport_fastrtps_c.so
[3.529s] -- Set non-toolchain portion of runtime path of "/home/huynn/ros2_ws/src/install/my_interfaces/lib/libmy_interfaces__rosidl_typesupport_fastrtps_c.so" to ""
[3.529s] -- Up-to-date: /home/huynn/ros2_ws/src/install/my_interfaces/include/my_interfaces/my_interfaces
[3.529s] -- Up-to-date: /home/huynn/ros2_ws/src/install/my_interfaces/include/my_interfaces/my_interfaces/msg
[3.529s] -- Installing: /home/huynn/ros2_ws/src/install/my_interfaces/include/my_interfaces/my_interfaces/msg/rosidl_typesupport_introspection_c__visibility_control.h
[3.529s] -- Up-to-date: /home/huynn/ros2_ws/src/install/my_interfaces/include/my_interfaces/my_interfaces/msg/detail
[3.529s] -- Installing: /home/huynn/ros2_ws/src/install/my_interfaces/include/my_interfaces/my_interfaces/msg/detail/my_msg__rosidl_typesupport_introspection_c.h
[3.529s] -- Installing: /home/huynn/ros2_ws/src/install/my_interfaces/include/my_interfaces/my_interfaces/msg/detail/my_msg__type_support.c
[3.529s] -- Installing: /home/huynn/ros2_ws/src/install/my_interfaces/lib/libmy_interfaces__rosidl_typesupport_introspection_c.so
[3.529s] -- Set non-toolchain portion of runtime path of "/home/huynn/ros2_ws/src/install/my_interfaces/lib/libmy_interfaces__rosidl_typesupport_introspection_c.so" to ""
[3.529s] -- Installing: /home/huynn/ros2_ws/src/install/my_interfaces/lib/libmy_interfaces__rosidl_typesupport_c.so
[3.530s] -- Set non-toolchain portion of runtime path of "/home/huynn/ros2_ws/src/install/my_interfaces/lib/libmy_interfaces__rosidl_typesupport_c.so" to ""
[3.530s] -- Up-to-date: /home/huynn/ros2_ws/src/install/my_interfaces/include/my_interfaces/my_interfaces
[3.530s] -- Up-to-date: /home/huynn/ros2_ws/src/install/my_interfaces/include/my_interfaces/my_interfaces/msg
[3.530s] -- Installing: /home/huynn/ros2_ws/src/install/my_interfaces/include/my_interfaces/my_interfaces/msg/my_msg.hpp
[3.530s] -- Installing: /home/huynn/ros2_ws/src/install/my_interfaces/include/my_interfaces/my_interfaces/msg/rosidl_generator_cpp__visibility_control.hpp
[3.530s] -- Up-to-date: /home/huynn/ros2_ws/src/install/my_interfaces/include/my_interfaces/my_interfaces/msg/detail
[3.530s] -- Installing: /home/huynn/ros2_ws/src/install/my_interfaces/include/my_interfaces/my_interfaces/msg/detail/my_msg__builder.hpp
[3.530s] -- Installing: /home/huynn/ros2_ws/src/install/my_interfaces/include/my_interfaces/my_interfaces/msg/detail/my_msg__struct.hpp
[3.530s] -- Installing: /home/huynn/ros2_ws/src/install/my_interfaces/include/my_interfaces/my_interfaces/msg/detail/my_msg__traits.hpp
[3.530s] -- Installing: /home/huynn/ros2_ws/src/install/my_interfaces/include/my_interfaces/my_interfaces/msg/detail/my_msg__type_support.hpp
[3.530s] -- Up-to-date: /home/huynn/ros2_ws/src/install/my_interfaces/include/my_interfaces/my_interfaces
[3.530s] -- Up-to-date: /home/huynn/ros2_ws/src/install/my_interfaces/include/my_interfaces/my_interfaces/msg
[3.530s] -- Installing: /home/huynn/ros2_ws/src/install/my_interfaces/include/my_interfaces/my_interfaces/msg/rosidl_typesupport_fastrtps_cpp__visibility_control.h
[3.531s] -- Up-to-date: /home/huynn/ros2_ws/src/install/my_interfaces/include/my_interfaces/my_interfaces/msg/detail
[3.531s] -- Installing: /home/huynn/ros2_ws/src/install/my_interfaces/include/my_interfaces/my_interfaces/msg/detail/my_msg__rosidl_typesupport_fastrtps_cpp.hpp
[3.531s] -- Installing: /home/huynn/ros2_ws/src/install/my_interfaces/include/my_interfaces/my_interfaces/msg/detail/dds_fastrtps
[3.531s] -- Installing: /home/huynn/ros2_ws/src/install/my_interfaces/lib/libmy_interfaces__rosidl_typesupport_fastrtps_cpp.so
[3.531s] -- Set non-toolchain portion of runtime path of "/home/huynn/ros2_ws/src/install/my_interfaces/lib/libmy_interfaces__rosidl_typesupport_fastrtps_cpp.so" to ""
[3.531s] -- Up-to-date: /home/huynn/ros2_ws/src/install/my_interfaces/include/my_interfaces/my_interfaces
[3.531s] -- Up-to-date: /home/huynn/ros2_ws/src/install/my_interfaces/include/my_interfaces/my_interfaces/msg
[3.531s] -- Up-to-date: /home/huynn/ros2_ws/src/install/my_interfaces/include/my_interfaces/my_interfaces/msg/detail
[3.531s] -- Installing: /home/huynn/ros2_ws/src/install/my_interfaces/include/my_interfaces/my_interfaces/msg/detail/my_msg__type_support.cpp
[3.531s] -- Installing: /home/huynn/ros2_ws/src/install/my_interfaces/include/my_interfaces/my_interfaces/msg/detail/my_msg__rosidl_typesupport_introspection_cpp.hpp
[3.531s] -- Installing: /home/huynn/ros2_ws/src/install/my_interfaces/lib/libmy_interfaces__rosidl_typesupport_introspection_cpp.so
[3.532s] -- Set non-toolchain portion of runtime path of "/home/huynn/ros2_ws/src/install/my_interfaces/lib/libmy_interfaces__rosidl_typesupport_introspection_cpp.so" to ""
[3.532s] -- Installing: /home/huynn/ros2_ws/src/install/my_interfaces/lib/libmy_interfaces__rosidl_typesupport_cpp.so
[3.532s] -- Set non-toolchain portion of runtime path of "/home/huynn/ros2_ws/src/install/my_interfaces/lib/libmy_interfaces__rosidl_typesupport_cpp.so" to ""
[3.532s] -- Installing: /home/huynn/ros2_ws/src/install/my_interfaces/share/my_interfaces/environment/pythonpath.sh
[3.532s] -- Installing: /home/huynn/ros2_ws/src/install/my_interfaces/share/my_interfaces/environment/pythonpath.dsv
[3.532s] -- Installing: /home/huynn/ros2_ws/src/install/my_interfaces/lib/python3.12/site-packages/my_interfaces-0.0.0-py3.12.egg-info
[3.532s] -- Installing: /home/huynn/ros2_ws/src/install/my_interfaces/lib/python3.12/site-packages/my_interfaces-0.0.0-py3.12.egg-info/PKG-INFO
[3.532s] -- Installing: /home/huynn/ros2_ws/src/install/my_interfaces/lib/python3.12/site-packages/my_interfaces-0.0.0-py3.12.egg-info/top_level.txt
[3.532s] -- Installing: /home/huynn/ros2_ws/src/install/my_interfaces/lib/python3.12/site-packages/my_interfaces-0.0.0-py3.12.egg-info/dependency_links.txt
[3.533s] -- Installing: /home/huynn/ros2_ws/src/install/my_interfaces/lib/python3.12/site-packages/my_interfaces-0.0.0-py3.12.egg-info/SOURCES.txt
[3.533s] -- Installing: /home/huynn/ros2_ws/src/install/my_interfaces/lib/python3.12/site-packages/my_interfaces
[3.533s] -- Installing: /home/huynn/ros2_ws/src/install/my_interfaces/lib/python3.12/site-packages/my_interfaces/__init__.py
[3.533s] -- Installing: /home/huynn/ros2_ws/src/install/my_interfaces/lib/python3.12/site-packages/my_interfaces/_my_interfaces_s.ep.rosidl_typesupport_fastrtps_c.c
[3.533s] -- Installing: /home/huynn/ros2_ws/src/install/my_interfaces/lib/python3.12/site-packages/my_interfaces/my_interfaces_s__rosidl_typesupport_c.so
[3.533s] -- Installing: /home/huynn/ros2_ws/src/install/my_interfaces/lib/python3.12/site-packages/my_interfaces/my_interfaces_s__rosidl_typesupport_fastrtps_c.so
[3.533s] -- Installing: /home/huynn/ros2_ws/src/install/my_interfaces/lib/python3.12/site-packages/my_interfaces/my_interfaces_s__rosidl_typesupport_introspection_c.so
[3.533s] -- Installing: /home/huynn/ros2_ws/src/install/my_interfaces/lib/python3.12/site-packages/my_interfaces/_my_interfaces_s.ep.rosidl_typesupport_introspection_c.c
[3.533s] -- Installing: /home/huynn/ros2_ws/src/install/my_interfaces/lib/python3.12/site-packages/my_interfaces/_my_interfaces_s.ep.rosidl_typesupport_c.c
[3.533s] -- Installing: /home/huynn/ros2_ws/src/install/my_interfaces/lib/python3.12/site-packages/my_interfaces/msg
[3.533s] -- Installing: /home/huynn/ros2_ws/src/install/my_interfaces/lib/python3.12/site-packages/my_interfaces/msg/__init__.py
[3.533s] -- Installing: /home/huynn/ros2_ws/src/install/my_interfaces/lib/python3.12/site-packages/my_interfaces/msg/_my_msg_s.c
[3.534s] -- Installing: /home/huynn/ros2_ws/src/install/my_interfaces/lib/python3.12/site-packages/my_interfaces/msg/_my_msg.py
[3.558s] Listing '/home/huynn/ros2_ws/src/install/my_interfaces/lib/python3.12/site-packages/my_interfaces'...
[3.558s] Compiling '/home/huynn/ros2_ws/src/install/my_interfaces/lib/python3.12/site-packages/my_interfaces/__init__.py'...
[3.558s] Listing '/home/huynn/ros2_ws/src/install/my_interfaces/lib/python3.12/site-packages/my_interfaces/msg'...
[3.558s] Compiling '/home/huynn/ros2_ws/src/install/my_interfaces/lib/python3.12/site-packages/my_interfaces/msg/__init__.py'...
[3.558s] Compiling '/home/huynn/ros2_ws/src/install/my_interfaces/lib/python3.12/site-packages/my_interfaces/msg/_my_msg.py'...
[3.561s] -- Installing: /home/huynn/ros2_ws/src/install/my_interfaces/lib/python3.12/site-packages/my_interfaces/my_interfaces_s__rosidl_typesupport_fastrtps_c.so
[3.562s] -- Set non-toolchain portion of runtime path of "/home/huynn/ros2_ws/src/install/my_interfaces/lib/python3.12/site-packages/my_interfaces/my_interfaces_s__rosidl_typesupport_fastrtps_c.so" to ""
[3.562s] -- Installing: /home/huynn/ros2_ws/src/install/my_interfaces/lib/python3.12/site-packages/my_interfaces/my_interfaces_s__rosidl_typesupport_introspection_c.so
[3.562s] -- Set non-toolchain portion of runtime path of "/home/huynn/ros2_ws/src/install/my_interfaces/lib/python3.12/site-packages/my_interfaces/my_interfaces_s__rosidl_typesupport_introspection_c.so" to ""
[3.563s] -- Installing: /home/huynn/ros2_ws/src/install/my_interfaces/lib/python3.12/site-packages/my_interfaces/my_interfaces_s__rosidl_typesupport_c.so
[3.563s] -- Set non-toolchain portion of runtime path of "/home/huynn/ros2_ws/src/install/my_interfaces/lib/python3.12/site-packages/my_interfaces/my_interfaces_s__rosidl_typesupport_c.so" to ""
[3.563s] -- Installing: /home/huynn/ros2_ws/src/install/my_interfaces/lib/libmy_interfaces__rosidl_generator_py.so
[3.563s] -- Set non-toolchain portion of runtime path of "/home/huynn/ros2_ws/src/install/my_interfaces/lib/libmy_interfaces__rosidl_generator_py.so" to ""
[3.563s] -- Installing: /home/huynn/ros2_ws/src/install/my_interfaces/share/my_interfaces/msg/MyMsg.idl
[3.563s] -- Installing: /home/huynn/ros2_ws/src/install/my_interfaces/share/my_interfaces/msg/MyMsg.msg
[3.563s] -- Installing: /home/huynn/ros2_ws/src/install/my_interfaces/share/ament_index/resource_index/package_run_dependencies/my_interfaces
[3.564s] -- Installing: /home/huynn/ros2_ws/src/install/my_interfaces/share/ament_index/resource_index/parent_prefix_path/my_interfaces
[3.564s] -- Installing: /home/huynn/ros2_ws/src/install/my_interfaces/share/my_interfaces/environment/ament_prefix_path.sh
[3.564s] -- Installing: /home/huynn/ros2_ws/src/install/my_interfaces/share/my_interfaces/environment/ament_prefix_path.dsv
[3.564s] -- Installing: /home/huynn/ros2_ws/src/install/my_interfaces/share/my_interfaces/environment/path.sh
[3.564s] -- Installing: /home/huynn/ros2_ws/src/install/my_interfaces/share/my_interfaces/environment/path.dsv
[3.564s] -- Installing: /home/huynn/ros2_ws/src/install/my_interfaces/share/my_interfaces/local_setup.bash
[3.564s] -- Installing: /home/huynn/ros2_ws/src/install/my_interfaces/share/my_interfaces/local_setup.sh
[3.564s] -- Installing: /home/huynn/ros2_ws/src/install/my_interfaces/share/my_interfaces/local_setup.zsh
[3.564s] -- Installing: /home/huynn/ros2_ws/src/install/my_interfaces/share/my_interfaces/local_setup.dsv
[3.564s] -- Installing: /home/huynn/ros2_ws/src/install/my_interfaces/share/my_interfaces/package.dsv
[3.565s] -- Installing: /home/huynn/ros2_ws/src/install/my_interfaces/share/ament_index/resource_index/packages/my_interfaces
[3.565s] -- Installing: /home/huynn/ros2_ws/src/install/my_interfaces/share/my_interfaces/cmake/export_my_interfaces__rosidl_generator_cExport.cmake
[3.565s] -- Installing: /home/huynn/ros2_ws/src/install/my_interfaces/share/my_interfaces/cmake/export_my_interfaces__rosidl_generator_cExport-noconfig.cmake
[3.565s] -- Installing: /home/huynn/ros2_ws/src/install/my_interfaces/share/my_interfaces/cmake/export_my_interfaces__rosidl_typesupport_fastrtps_cExport.cmake
[3.565s] -- Installing: /home/huynn/ros2_ws/src/install/my_interfaces/share/my_interfaces/cmake/export_my_interfaces__rosidl_typesupport_fastrtps_cExport-noconfig.cmake
[3.565s] -- Installing: /home/huynn/ros2_ws/src/install/my_interfaces/share/my_interfaces/cmake/my_interfaces__rosidl_typesupport_introspection_cExport.cmake
[3.565s] -- Installing: /home/huynn/ros2_ws/src/install/my_interfaces/share/my_interfaces/cmake/my_interfaces__rosidl_typesupport_introspection_cExport-noconfig.cmake
[3.565s] -- Installing: /home/huynn/ros2_ws/src/install/my_interfaces/share/my_interfaces/cmake/my_interfaces__rosidl_typesupport_cExport.cmake
[3.565s] -- Installing: /home/huynn/ros2_ws/src/install/my_interfaces/share/my_interfaces/cmake/my_interfaces__rosidl_typesupport_cExport-noconfig.cmake
[3.565s] -- Installing: /home/huynn/ros2_ws/src/install/my_interfaces/share/my_interfaces/cmake/export_my_interfaces__rosidl_generator_cppExport.cmake
[3.566s] -- Installing: /home/huynn/ros2_ws/src/install/my_interfaces/share/my_interfaces/cmake/export_my_interfaces__rosidl_typesupport_fastrtps_cppExport.cmake
[3.566s] -- Installing: /home/huynn/ros2_ws/src/install/my_interfaces/share/my_interfaces/cmake/export_my_interfaces__rosidl_typesupport_fastrtps_cppExport-noconfig.cmake
[3.566s] -- Installing: /home/huynn/ros2_ws/src/install/my_interfaces/share/my_interfaces/cmake/my_interfaces__rosidl_typesupport_introspection_cppExport.cmake
[3.566s] -- Installing: /home/huynn/ros2_ws/src/install/my_interfaces/share/my_interfaces/cmake/my_interfaces__rosidl_typesupport_introspection_cppExport-noconfig.cmake
[3.566s] -- Installing: /home/huynn/ros2_ws/src/install/my_interfaces/share/my_interfaces/cmake/my_interfaces__rosidl_typesupport_cppExport.cmake
[3.566s] -- Installing: /home/huynn/ros2_ws/src/install/my_interfaces/share/my_interfaces/cmake/my_interfaces__rosidl_typesupport_cppExport-noconfig.cmake
[3.566s] -- Installing: /home/huynn/ros2_ws/src/install/my_interfaces/share/my_interfaces/cmake/export_my_interfaces__rosidl_generator_pyExport.cmake
[3.566s] -- Installing: /home/huynn/ros2_ws/src/install/my_interfaces/share/my_interfaces/cmake/export_my_interfaces__rosidl_generator_pyExport-noconfig.cmake
[3.566s] -- Installing: /home/huynn/ros2_ws/src/install/my_interfaces/share/my_interfaces/cmake/rosidl_cmake-extras.cmake
[3.566s] -- Installing: /home/huynn/ros2_ws/src/install/my_interfaces/share/my_interfaces/cmake/ament_cmake_export_include_directories-extras.cmake
[3.567s] -- Installing: /home/huynn/ros2_ws/src/install/my_interfaces/share/my_interfaces/cmake/ament_cmake_export_libraries-extras.cmake
[3.567s] -- Installing: /home/huynn/ros2_ws/src/install/my_interfaces/share/my_interfaces/cmake/ament_cmake_export_targets-extras.cmake
[3.567s] -- Installing: /home/huynn/ros2_ws/src/install/my_interfaces/share/my_interfaces/cmake/rosidl_cmake_export_typesupport_targets-extras.cmake
[3.567s] -- Installing: /home/huynn/ros2_ws/src/install/my_interfaces/share/my_interfaces/cmake/ament_cmake_export_dependencies-extras.cmake
[3.567s] -- Installing: /home/huynn/ros2_ws/src/install/my_interfaces/share/my_interfaces/cmake/rosidl_cmake_export_typesupport_libraries-extras.cmake
[3.567s] -- Installing: /home/huynn/ros2_ws/src/install/my_interfaces/share/my_interfaces/cmake/my_interfacesConfig.cmake
[3.567s] -- Installing: /home/huynn/ros2_ws/src/install/my_interfaces/share/my_interfaces/cmake/my_interfacesConfig-version.cmake
[3.567s] -- Installing: /home/huynn/ros2_ws/src/install/my_interfaces/share/my_interfaces/package.xml
[3.569s] Invoked command in '/home/huynn/ros2_ws/src/build/my_interfaces' returned '0': CMAKE_PREFIX_PATH=${CMAKE_PREFIX_PATH}:/home/huynn/ros2_ws/install/my_pkg:/opt/ros/jazzy DEBUGINFOD_URLS=https://debuginfod.ubuntu.com /usr/bin/cmake --install /home/huynn/ros2_ws/src/build/my_interfaces
