-- Found ament_cmake: 2.5.4 (/opt/ros/jazzy/share/ament_cmake/cmake)
-- Found Python3: /usr/bin/python3 (found version "3.12.3") found components: Interpreter 
-- Found rosidl_default_generators: 1.6.0 (/opt/ros/jazzy/share/rosidl_default_generators/cmake)
-- Using all available rosidl_typesupport_c: rosidl_typesupport_fastrtps_c;rosidl_typesupport_introspection_c
-- Using all available rosidl_typesupport_cpp: rosidl_typesupport_fastrtps_cpp;rosidl_typesupport_introspection_cpp
-- Found rosidl_adapter: 4.6.6 (/opt/ros/jazzy/share/rosidl_adapter/cmake)
-- Found ament_cmake_ros: 0.12.0 (/opt/ros/jazzy/share/ament_cmake_ros/cmake)
-- Using all available rosidl_typesupport_c: rosidl_typesupport_fastrtps_c;rosidl_typesupport_introspection_c
-- Using all available rosidl_typesupport_cpp: rosidl_typesupport_fastrtps_cpp;rosidl_typesupport_introspection_cpp
-- Found python_cmake_module: 0.11.1 (/opt/ros/jazzy/share/python_cmake_module/cmake)
-- Found Python3: /usr/bin/python3 (found version "3.12.3") found components: Interpreter Development NumPy Development.Module Development.Embed 
-- Found ament_lint_auto: 0.17.3 (/opt/ros/jazzy/share/ament_lint_auto/cmake)
-- Added test 'lint_cmake' to check CMake code style
-- Added test 'xmllint' to check XML markup files
-- Configuring done (0.6s)
-- Generating done (0.0s)
-- Build files have been written to: /home/huynn/ros2_ws/build/my_interfaces
[  2%] [34m[1mGenerating type hashes for ROS interfaces[0m
[  2%] Built target ament_cmake_python_copy_my_interfaces
running egg_info
[  2%] Built target my_interfaces__rosidl_generator_type_description
writing my_interfaces.egg-info/PKG-INFO
writing dependency_links to my_interfaces.egg-info/dependency_links.txt
writing top-level names to my_interfaces.egg-info/top_level.txt
[  4%] [34m[1mGenerating C code for ROS interfaces[0m
[  6%] [34m[1mGenerating C++ code for ROS interfaces[0m
reading manifest file 'my_interfaces.egg-info/SOURCES.txt'
writing manifest file 'my_interfaces.egg-info/SOURCES.txt'
[  6%] Built target ament_cmake_python_build_my_interfaces_egg
[  6%] Built target my_interfaces__cpp
[ 15%] [32mBuilding C object CMakeFiles/my_interfaces__rosidl_generator_c.dir/rosidl_generator_c/my_interfaces/msg/detail/my_msg__description.c.o[0m
[ 15%] [32mBuilding C object CMakeFiles/my_interfaces__rosidl_generator_c.dir/rosidl_generator_c/my_interfaces/msg/detail/my_msg__functions.c.o[0m
[ 15%] [32mBuilding C object CMakeFiles/my_interfaces__rosidl_generator_c.dir/rosidl_generator_c/my_interfaces/msg/detail/my_msg__type_support.c.o[0m
[ 20%] [32mBuilding C object CMakeFiles/my_interfaces__rosidl_generator_c.dir/rosidl_generator_c/my_interfaces/srv/detail/my_srv__description.c.o[0m
[ 20%] [32mBuilding C object CMakeFiles/my_interfaces__rosidl_generator_c.dir/rosidl_generator_c/my_interfaces/srv/detail/my_srv__functions.c.o[0m
[ 20%] [32mBuilding C object CMakeFiles/my_interfaces__rosidl_generator_c.dir/rosidl_generator_c/my_interfaces/srv/detail/my_srv__type_support.c.o[0m
[ 22%] [32m[1mLinking C shared library libmy_interfaces__rosidl_generator_c.so[0m
[ 22%] Built target my_interfaces__rosidl_generator_c
[ 36%] [34m[1mGenerating C++ type support for eProsima Fast-RTPS[0m
[ 36%] [34m[1mGenerating C introspection for ROS interfaces[0m
[ 36%] [34m[1mGenerating C++ type support dispatch for ROS interfaces[0m
[ 36%] [34m[1mGenerating C type support for eProsima Fast-RTPS[0m
[ 36%] [34m[1mGenerating C type support dispatch for ROS interfaces[0m
[ 36%] [34m[1mGenerating C++ introspection for ROS interfaces[0m
[ 38%] [32mBuilding CXX object CMakeFiles/my_interfaces__rosidl_typesupport_c.dir/rosidl_typesupport_c/my_interfaces/msg/my_msg__type_support.cpp.o[0m
[ 40%] [32mBuilding CXX object CMakeFiles/my_interfaces__rosidl_typesupport_c.dir/rosidl_typesupport_c/my_interfaces/srv/my_srv__type_support.cpp.o[0m
[ 43%] [32mBuilding CXX object CMakeFiles/my_interfaces__rosidl_typesupport_cpp.dir/rosidl_typesupport_cpp/my_interfaces/msg/my_msg__type_support.cpp.o[0m
[ 45%] [32mBuilding CXX object CMakeFiles/my_interfaces__rosidl_typesupport_cpp.dir/rosidl_typesupport_cpp/my_interfaces/srv/my_srv__type_support.cpp.o[0m
[ 47%] [32mBuilding CXX object CMakeFiles/my_interfaces__rosidl_typesupport_introspection_cpp.dir/rosidl_typesupport_introspection_cpp/my_interfaces/msg/detail/my_msg__type_support.cpp.o[0m
[ 50%] [32mBuilding CXX object CMakeFiles/my_interfaces__rosidl_typesupport_introspection_cpp.dir/rosidl_typesupport_introspection_cpp/my_interfaces/srv/detail/my_srv__type_support.cpp.o[0m
[ 52%] [32mBuilding C object CMakeFiles/my_interfaces__rosidl_typesupport_introspection_c.dir/rosidl_typesupport_introspection_c/my_interfaces/msg/detail/my_msg__type_support.c.o[0m
[ 54%] [32mBuilding C object CMakeFiles/my_interfaces__rosidl_typesupport_introspection_c.dir/rosidl_typesupport_introspection_c/my_interfaces/srv/detail/my_srv__type_support.c.o[0m
[ 56%] [32m[1mLinking CXX shared library libmy_interfaces__rosidl_typesupport_c.so[0m
[ 59%] [32mBuilding CXX object CMakeFiles/my_interfaces__rosidl_typesupport_fastrtps_cpp.dir/rosidl_typesupport_fastrtps_cpp/my_interfaces/msg/detail/dds_fastrtps/my_msg__type_support.cpp.o[0m
[ 61%] [32mBuilding CXX object CMakeFiles/my_interfaces__rosidl_typesupport_fastrtps_cpp.dir/rosidl_typesupport_fastrtps_cpp/my_interfaces/srv/detail/dds_fastrtps/my_srv__type_support.cpp.o[0m
[ 65%] [32mBuilding CXX object CMakeFiles/my_interfaces__rosidl_typesupport_fastrtps_c.dir/rosidl_typesupport_fastrtps_c/my_interfaces/srv/detail/my_srv__type_support_c.cpp.o[0m
[ 65%] [32m[1mLinking C shared library libmy_interfaces__rosidl_typesupport_introspection_c.so[0m
[ 68%] [32mBuilding CXX object CMakeFiles/my_interfaces__rosidl_typesupport_fastrtps_c.dir/rosidl_typesupport_fastrtps_c/my_interfaces/msg/detail/my_msg__type_support_c.cpp.o[0m
[ 68%] Built target my_interfaces__rosidl_typesupport_c
[ 68%] Built target my_interfaces__rosidl_typesupport_introspection_c
[ 70%] [32m[1mLinking CXX shared library libmy_interfaces__rosidl_typesupport_cpp.so[0m
[ 72%] [32m[1mLinking CXX shared library libmy_interfaces__rosidl_typesupport_introspection_cpp.so[0m
[ 72%] Built target my_interfaces__rosidl_typesupport_cpp
[ 72%] Built target my_interfaces__rosidl_typesupport_introspection_cpp
[ 75%] [32m[1mLinking CXX shared library libmy_interfaces__rosidl_typesupport_fastrtps_c.so[0m
[ 75%] Built target my_interfaces__rosidl_typesupport_fastrtps_c
[ 77%] [32m[1mLinking CXX shared library libmy_interfaces__rosidl_typesupport_fastrtps_cpp.so[0m
[ 77%] Built target my_interfaces__rosidl_typesupport_fastrtps_cpp
[ 77%] Built target my_interfaces
[ 79%] [34m[1mGenerating Python code for ROS interfaces[0m
[ 79%] Built target my_interfaces__py
[ 84%] [32mBuilding C object CMakeFiles/my_interfaces__rosidl_generator_py.dir/rosidl_generator_py/my_interfaces/srv/_my_srv_s.c.o[0m
[ 84%] [32mBuilding C object CMakeFiles/my_interfaces__rosidl_generator_py.dir/rosidl_generator_py/my_interfaces/msg/_my_msg_s.c.o[0m
[ 86%] [32m[1mLinking C shared library libmy_interfaces__rosidl_generator_py.so[0m
[ 86%] Built target my_interfaces__rosidl_generator_py
[ 93%] [32mBuilding C object CMakeFiles/my_interfaces_s__rosidl_typesupport_fastrtps_c.dir/rosidl_generator_py/my_interfaces/_my_interfaces_s.ep.rosidl_typesupport_fastrtps_c.c.o[0m
[ 93%] [32mBuilding C object CMakeFiles/my_interfaces_s__rosidl_typesupport_c.dir/rosidl_generator_py/my_interfaces/_my_interfaces_s.ep.rosidl_typesupport_c.c.o[0m
[ 93%] [32mBuilding C object CMakeFiles/my_interfaces_s__rosidl_typesupport_introspection_c.dir/rosidl_generator_py/my_interfaces/_my_interfaces_s.ep.rosidl_typesupport_introspection_c.c.o[0m
[ 97%] [32m[1mLinking C shared module rosidl_generator_py/my_interfaces/my_interfaces_s__rosidl_typesupport_introspection_c.so[0m
[ 97%] [32m[1mLinking C shared module rosidl_generator_py/my_interfaces/my_interfaces_s__rosidl_typesupport_c.so[0m
[100%] [32m[1mLinking C shared module rosidl_generator_py/my_interfaces/my_interfaces_s__rosidl_typesupport_fastrtps_c.so[0m
[100%] Built target my_interfaces_s__rosidl_typesupport_introspection_c
[100%] Built target my_interfaces_s__rosidl_typesupport_c
[100%] Built target my_interfaces_s__rosidl_typesupport_fastrtps_c
-- Install configuration: ""
-- Installing: /home/huynn/ros2_ws/install/my_interfaces/share/ament_index/resource_index/rosidl_interfaces/my_interfaces
-- Installing: /home/huynn/ros2_ws/install/my_interfaces/share/my_interfaces/msg/MyMsg.json
-- Installing: /home/huynn/ros2_ws/install/my_interfaces/share/my_interfaces/srv/MySrv.json
-- Up-to-date: /home/huynn/ros2_ws/install/my_interfaces/include/my_interfaces/my_interfaces
-- Installing: /home/huynn/ros2_ws/install/my_interfaces/include/my_interfaces/my_interfaces/srv
-- Installing: /home/huynn/ros2_ws/install/my_interfaces/include/my_interfaces/my_interfaces/srv/my_srv.h
-- Installing: /home/huynn/ros2_ws/install/my_interfaces/include/my_interfaces/my_interfaces/srv/detail
-- Installing: /home/huynn/ros2_ws/install/my_interfaces/include/my_interfaces/my_interfaces/srv/detail/my_srv__type_support.h
-- Installing: /home/huynn/ros2_ws/install/my_interfaces/include/my_interfaces/my_interfaces/srv/detail/my_srv__functions.c
-- Installing: /home/huynn/ros2_ws/install/my_interfaces/include/my_interfaces/my_interfaces/srv/detail/my_srv__description.c
-- Installing: /home/huynn/ros2_ws/install/my_interfaces/include/my_interfaces/my_interfaces/srv/detail/my_srv__type_support.c
-- Installing: /home/huynn/ros2_ws/install/my_interfaces/include/my_interfaces/my_interfaces/srv/detail/my_srv__struct.h
-- Installing: /home/huynn/ros2_ws/install/my_interfaces/include/my_interfaces/my_interfaces/srv/detail/my_srv__functions.h
-- Up-to-date: /home/huynn/ros2_ws/install/my_interfaces/include/my_interfaces/my_interfaces/msg
-- Installing: /home/huynn/ros2_ws/install/my_interfaces/include/my_interfaces/my_interfaces/msg/my_msg.h
-- Up-to-date: /home/huynn/ros2_ws/install/my_interfaces/include/my_interfaces/my_interfaces/msg/rosidl_generator_c__visibility_control.h
-- Up-to-date: /home/huynn/ros2_ws/install/my_interfaces/include/my_interfaces/my_interfaces/msg/detail
-- Installing: /home/huynn/ros2_ws/install/my_interfaces/include/my_interfaces/my_interfaces/msg/detail/my_msg__type_support.c
-- Installing: /home/huynn/ros2_ws/install/my_interfaces/include/my_interfaces/my_interfaces/msg/detail/my_msg__description.c
-- Installing: /home/huynn/ros2_ws/install/my_interfaces/include/my_interfaces/my_interfaces/msg/detail/my_msg__type_support.h
-- Installing: /home/huynn/ros2_ws/install/my_interfaces/include/my_interfaces/my_interfaces/msg/detail/my_msg__struct.h
-- Installing: /home/huynn/ros2_ws/install/my_interfaces/include/my_interfaces/my_interfaces/msg/detail/my_msg__functions.c
-- Installing: /home/huynn/ros2_ws/install/my_interfaces/include/my_interfaces/my_interfaces/msg/detail/my_msg__functions.h
-- Up-to-date: /home/huynn/ros2_ws/install/my_interfaces/share/my_interfaces/environment/library_path.sh
-- Up-to-date: /home/huynn/ros2_ws/install/my_interfaces/share/my_interfaces/environment/library_path.dsv
-- Installing: /home/huynn/ros2_ws/install/my_interfaces/lib/libmy_interfaces__rosidl_generator_c.so
-- Set non-toolchain portion of runtime path of "/home/huynn/ros2_ws/install/my_interfaces/lib/libmy_interfaces__rosidl_generator_c.so" to ""
-- Up-to-date: /home/huynn/ros2_ws/install/my_interfaces/include/my_interfaces/my_interfaces
-- Up-to-date: /home/huynn/ros2_ws/install/my_interfaces/include/my_interfaces/my_interfaces/srv
-- Up-to-date: /home/huynn/ros2_ws/install/my_interfaces/include/my_interfaces/my_interfaces/srv/detail
-- Installing: /home/huynn/ros2_ws/install/my_interfaces/include/my_interfaces/my_interfaces/srv/detail/my_srv__rosidl_typesupport_fastrtps_c.h
-- Up-to-date: /home/huynn/ros2_ws/install/my_interfaces/include/my_interfaces/my_interfaces/msg
-- Up-to-date: /home/huynn/ros2_ws/install/my_interfaces/include/my_interfaces/my_interfaces/msg/rosidl_typesupport_fastrtps_c__visibility_control.h
-- Up-to-date: /home/huynn/ros2_ws/install/my_interfaces/include/my_interfaces/my_interfaces/msg/detail
-- Installing: /home/huynn/ros2_ws/install/my_interfaces/include/my_interfaces/my_interfaces/msg/detail/my_msg__rosidl_typesupport_fastrtps_c.h
-- Installing: /home/huynn/ros2_ws/install/my_interfaces/lib/libmy_interfaces__rosidl_typesupport_fastrtps_c.so
-- Set non-toolchain portion of runtime path of "/home/huynn/ros2_ws/install/my_interfaces/lib/libmy_interfaces__rosidl_typesupport_fastrtps_c.so" to ""
-- Up-to-date: /home/huynn/ros2_ws/install/my_interfaces/include/my_interfaces/my_interfaces
-- Up-to-date: /home/huynn/ros2_ws/install/my_interfaces/include/my_interfaces/my_interfaces/srv
-- Up-to-date: /home/huynn/ros2_ws/install/my_interfaces/include/my_interfaces/my_interfaces/srv/detail
-- Up-to-date: /home/huynn/ros2_ws/install/my_interfaces/include/my_interfaces/my_interfaces/srv/detail/my_srv__type_support.c
-- Installing: /home/huynn/ros2_ws/install/my_interfaces/include/my_interfaces/my_interfaces/srv/detail/my_srv__rosidl_typesupport_introspection_c.h
-- Up-to-date: /home/huynn/ros2_ws/install/my_interfaces/include/my_interfaces/my_interfaces/msg
-- Up-to-date: /home/huynn/ros2_ws/install/my_interfaces/include/my_interfaces/my_interfaces/msg/rosidl_typesupport_introspection_c__visibility_control.h
-- Up-to-date: /home/huynn/ros2_ws/install/my_interfaces/include/my_interfaces/my_interfaces/msg/detail
-- Installing: /home/huynn/ros2_ws/install/my_interfaces/include/my_interfaces/my_interfaces/msg/detail/my_msg__rosidl_typesupport_introspection_c.h
-- Up-to-date: /home/huynn/ros2_ws/install/my_interfaces/include/my_interfaces/my_interfaces/msg/detail/my_msg__type_support.c
-- Installing: /home/huynn/ros2_ws/install/my_interfaces/lib/libmy_interfaces__rosidl_typesupport_introspection_c.so
-- Set non-toolchain portion of runtime path of "/home/huynn/ros2_ws/install/my_interfaces/lib/libmy_interfaces__rosidl_typesupport_introspection_c.so" to ""
-- Installing: /home/huynn/ros2_ws/install/my_interfaces/lib/libmy_interfaces__rosidl_typesupport_c.so
-- Set non-toolchain portion of runtime path of "/home/huynn/ros2_ws/install/my_interfaces/lib/libmy_interfaces__rosidl_typesupport_c.so" to ""
-- Up-to-date: /home/huynn/ros2_ws/install/my_interfaces/include/my_interfaces/my_interfaces
-- Up-to-date: /home/huynn/ros2_ws/install/my_interfaces/include/my_interfaces/my_interfaces/srv
-- Installing: /home/huynn/ros2_ws/install/my_interfaces/include/my_interfaces/my_interfaces/srv/my_srv.hpp
-- Up-to-date: /home/huynn/ros2_ws/install/my_interfaces/include/my_interfaces/my_interfaces/srv/detail
-- Installing: /home/huynn/ros2_ws/install/my_interfaces/include/my_interfaces/my_interfaces/srv/detail/my_srv__type_support.hpp
-- Installing: /home/huynn/ros2_ws/install/my_interfaces/include/my_interfaces/my_interfaces/srv/detail/my_srv__traits.hpp
-- Installing: /home/huynn/ros2_ws/install/my_interfaces/include/my_interfaces/my_interfaces/srv/detail/my_srv__struct.hpp
-- Installing: /home/huynn/ros2_ws/install/my_interfaces/include/my_interfaces/my_interfaces/srv/detail/my_srv__builder.hpp
-- Up-to-date: /home/huynn/ros2_ws/install/my_interfaces/include/my_interfaces/my_interfaces/msg
-- Installing: /home/huynn/ros2_ws/install/my_interfaces/include/my_interfaces/my_interfaces/msg/my_msg.hpp
-- Installing: /home/huynn/ros2_ws/install/my_interfaces/include/my_interfaces/my_interfaces/msg/rosidl_generator_cpp__visibility_control.hpp
-- Up-to-date: /home/huynn/ros2_ws/install/my_interfaces/include/my_interfaces/my_interfaces/msg/detail
-- Installing: /home/huynn/ros2_ws/install/my_interfaces/include/my_interfaces/my_interfaces/msg/detail/my_msg__builder.hpp
-- Installing: /home/huynn/ros2_ws/install/my_interfaces/include/my_interfaces/my_interfaces/msg/detail/my_msg__struct.hpp
-- Installing: /home/huynn/ros2_ws/install/my_interfaces/include/my_interfaces/my_interfaces/msg/detail/my_msg__traits.hpp
-- Installing: /home/huynn/ros2_ws/install/my_interfaces/include/my_interfaces/my_interfaces/msg/detail/my_msg__type_support.hpp
-- Up-to-date: /home/huynn/ros2_ws/install/my_interfaces/include/my_interfaces/my_interfaces
-- Up-to-date: /home/huynn/ros2_ws/install/my_interfaces/include/my_interfaces/my_interfaces/srv
-- Up-to-date: /home/huynn/ros2_ws/install/my_interfaces/include/my_interfaces/my_interfaces/srv/detail
-- Installing: /home/huynn/ros2_ws/install/my_interfaces/include/my_interfaces/my_interfaces/srv/detail/my_srv__rosidl_typesupport_fastrtps_cpp.hpp
-- Installing: /home/huynn/ros2_ws/install/my_interfaces/include/my_interfaces/my_interfaces/srv/detail/dds_fastrtps
-- Up-to-date: /home/huynn/ros2_ws/install/my_interfaces/include/my_interfaces/my_interfaces/msg
-- Up-to-date: /home/huynn/ros2_ws/install/my_interfaces/include/my_interfaces/my_interfaces/msg/rosidl_typesupport_fastrtps_cpp__visibility_control.h
-- Up-to-date: /home/huynn/ros2_ws/install/my_interfaces/include/my_interfaces/my_interfaces/msg/detail
-- Installing: /home/huynn/ros2_ws/install/my_interfaces/include/my_interfaces/my_interfaces/msg/detail/my_msg__rosidl_typesupport_fastrtps_cpp.hpp
-- Up-to-date: /home/huynn/ros2_ws/install/my_interfaces/include/my_interfaces/my_interfaces/msg/detail/dds_fastrtps
-- Installing: /home/huynn/ros2_ws/install/my_interfaces/lib/libmy_interfaces__rosidl_typesupport_fastrtps_cpp.so
-- Set non-toolchain portion of runtime path of "/home/huynn/ros2_ws/install/my_interfaces/lib/libmy_interfaces__rosidl_typesupport_fastrtps_cpp.so" to ""
-- Up-to-date: /home/huynn/ros2_ws/install/my_interfaces/include/my_interfaces/my_interfaces
-- Up-to-date: /home/huynn/ros2_ws/install/my_interfaces/include/my_interfaces/my_interfaces/srv
-- Up-to-date: /home/huynn/ros2_ws/install/my_interfaces/include/my_interfaces/my_interfaces/srv/detail
-- Installing: /home/huynn/ros2_ws/install/my_interfaces/include/my_interfaces/my_interfaces/srv/detail/my_srv__rosidl_typesupport_introspection_cpp.hpp
-- Installing: /home/huynn/ros2_ws/install/my_interfaces/include/my_interfaces/my_interfaces/srv/detail/my_srv__type_support.cpp
-- Up-to-date: /home/huynn/ros2_ws/install/my_interfaces/include/my_interfaces/my_interfaces/msg
-- Up-to-date: /home/huynn/ros2_ws/install/my_interfaces/include/my_interfaces/my_interfaces/msg/detail
-- Installing: /home/huynn/ros2_ws/install/my_interfaces/include/my_interfaces/my_interfaces/msg/detail/my_msg__type_support.cpp
-- Installing: /home/huynn/ros2_ws/install/my_interfaces/include/my_interfaces/my_interfaces/msg/detail/my_msg__rosidl_typesupport_introspection_cpp.hpp
-- Installing: /home/huynn/ros2_ws/install/my_interfaces/lib/libmy_interfaces__rosidl_typesupport_introspection_cpp.so
-- Set non-toolchain portion of runtime path of "/home/huynn/ros2_ws/install/my_interfaces/lib/libmy_interfaces__rosidl_typesupport_introspection_cpp.so" to ""
-- Installing: /home/huynn/ros2_ws/install/my_interfaces/lib/libmy_interfaces__rosidl_typesupport_cpp.so
-- Set non-toolchain portion of runtime path of "/home/huynn/ros2_ws/install/my_interfaces/lib/libmy_interfaces__rosidl_typesupport_cpp.so" to ""
-- Up-to-date: /home/huynn/ros2_ws/install/my_interfaces/share/my_interfaces/environment/pythonpath.sh
-- Up-to-date: /home/huynn/ros2_ws/install/my_interfaces/share/my_interfaces/environment/pythonpath.dsv
-- Up-to-date: /home/huynn/ros2_ws/install/my_interfaces/lib/python3.12/site-packages/my_interfaces-0.0.0-py3.12.egg-info
-- Installing: /home/huynn/ros2_ws/install/my_interfaces/lib/python3.12/site-packages/my_interfaces-0.0.0-py3.12.egg-info/PKG-INFO
-- Installing: /home/huynn/ros2_ws/install/my_interfaces/lib/python3.12/site-packages/my_interfaces-0.0.0-py3.12.egg-info/top_level.txt
-- Installing: /home/huynn/ros2_ws/install/my_interfaces/lib/python3.12/site-packages/my_interfaces-0.0.0-py3.12.egg-info/dependency_links.txt
-- Installing: /home/huynn/ros2_ws/install/my_interfaces/lib/python3.12/site-packages/my_interfaces-0.0.0-py3.12.egg-info/SOURCES.txt
-- Up-to-date: /home/huynn/ros2_ws/install/my_interfaces/lib/python3.12/site-packages/my_interfaces
-- Installing: /home/huynn/ros2_ws/install/my_interfaces/lib/python3.12/site-packages/my_interfaces/__init__.py
-- Installing: /home/huynn/ros2_ws/install/my_interfaces/lib/python3.12/site-packages/my_interfaces/_my_interfaces_s.ep.rosidl_typesupport_fastrtps_c.c
-- Installing: /home/huynn/ros2_ws/install/my_interfaces/lib/python3.12/site-packages/my_interfaces/my_interfaces_s__rosidl_typesupport_c.so
-- Installing: /home/huynn/ros2_ws/install/my_interfaces/lib/python3.12/site-packages/my_interfaces/my_interfaces_s__rosidl_typesupport_fastrtps_c.so
-- Installing: /home/huynn/ros2_ws/install/my_interfaces/lib/python3.12/site-packages/my_interfaces/srv
-- Installing: /home/huynn/ros2_ws/install/my_interfaces/lib/python3.12/site-packages/my_interfaces/srv/__init__.py
-- Installing: /home/huynn/ros2_ws/install/my_interfaces/lib/python3.12/site-packages/my_interfaces/srv/_my_srv.py
-- Installing: /home/huynn/ros2_ws/install/my_interfaces/lib/python3.12/site-packages/my_interfaces/srv/_my_srv_s.c
-- Installing: /home/huynn/ros2_ws/install/my_interfaces/lib/python3.12/site-packages/my_interfaces/my_interfaces_s__rosidl_typesupport_introspection_c.so
-- Installing: /home/huynn/ros2_ws/install/my_interfaces/lib/python3.12/site-packages/my_interfaces/_my_interfaces_s.ep.rosidl_typesupport_introspection_c.c
-- Installing: /home/huynn/ros2_ws/install/my_interfaces/lib/python3.12/site-packages/my_interfaces/_my_interfaces_s.ep.rosidl_typesupport_c.c
-- Up-to-date: /home/huynn/ros2_ws/install/my_interfaces/lib/python3.12/site-packages/my_interfaces/msg
-- Installing: /home/huynn/ros2_ws/install/my_interfaces/lib/python3.12/site-packages/my_interfaces/msg/__init__.py
-- Installing: /home/huynn/ros2_ws/install/my_interfaces/lib/python3.12/site-packages/my_interfaces/msg/_my_msg_s.c
-- Installing: /home/huynn/ros2_ws/install/my_interfaces/lib/python3.12/site-packages/my_interfaces/msg/_my_msg.py
Listing '/home/huynn/ros2_ws/install/my_interfaces/lib/python3.12/site-packages/my_interfaces'...
Compiling '/home/huynn/ros2_ws/install/my_interfaces/lib/python3.12/site-packages/my_interfaces/__init__.py'...
Listing '/home/huynn/ros2_ws/install/my_interfaces/lib/python3.12/site-packages/my_interfaces/msg'...
Compiling '/home/huynn/ros2_ws/install/my_interfaces/lib/python3.12/site-packages/my_interfaces/msg/__init__.py'...
Compiling '/home/huynn/ros2_ws/install/my_interfaces/lib/python3.12/site-packages/my_interfaces/msg/_my_msg.py'...
Listing '/home/huynn/ros2_ws/install/my_interfaces/lib/python3.12/site-packages/my_interfaces/srv'...
Compiling '/home/huynn/ros2_ws/install/my_interfaces/lib/python3.12/site-packages/my_interfaces/srv/__init__.py'...
Compiling '/home/huynn/ros2_ws/install/my_interfaces/lib/python3.12/site-packages/my_interfaces/srv/_my_srv.py'...
-- Installing: /home/huynn/ros2_ws/install/my_interfaces/lib/python3.12/site-packages/my_interfaces/my_interfaces_s__rosidl_typesupport_fastrtps_c.so
-- Set non-toolchain portion of runtime path of "/home/huynn/ros2_ws/install/my_interfaces/lib/python3.12/site-packages/my_interfaces/my_interfaces_s__rosidl_typesupport_fastrtps_c.so" to ""
-- Installing: /home/huynn/ros2_ws/install/my_interfaces/lib/python3.12/site-packages/my_interfaces/my_interfaces_s__rosidl_typesupport_introspection_c.so
-- Set non-toolchain portion of runtime path of "/home/huynn/ros2_ws/install/my_interfaces/lib/python3.12/site-packages/my_interfaces/my_interfaces_s__rosidl_typesupport_introspection_c.so" to ""
-- Installing: /home/huynn/ros2_ws/install/my_interfaces/lib/python3.12/site-packages/my_interfaces/my_interfaces_s__rosidl_typesupport_c.so
-- Set non-toolchain portion of runtime path of "/home/huynn/ros2_ws/install/my_interfaces/lib/python3.12/site-packages/my_interfaces/my_interfaces_s__rosidl_typesupport_c.so" to ""
-- Installing: /home/huynn/ros2_ws/install/my_interfaces/lib/libmy_interfaces__rosidl_generator_py.so
-- Set non-toolchain portion of runtime path of "/home/huynn/ros2_ws/install/my_interfaces/lib/libmy_interfaces__rosidl_generator_py.so" to ""
-- Up-to-date: /home/huynn/ros2_ws/install/my_interfaces/share/my_interfaces/msg/MyMsg.idl
-- Installing: /home/huynn/ros2_ws/install/my_interfaces/share/my_interfaces/srv/MySrv.idl
-- Up-to-date: /home/huynn/ros2_ws/install/my_interfaces/share/my_interfaces/msg/MyMsg.msg
-- Installing: /home/huynn/ros2_ws/install/my_interfaces/share/my_interfaces/srv/MySrv.srv
-- Up-to-date: /home/huynn/ros2_ws/install/my_interfaces/share/ament_index/resource_index/package_run_dependencies/my_interfaces
-- Up-to-date: /home/huynn/ros2_ws/install/my_interfaces/share/ament_index/resource_index/parent_prefix_path/my_interfaces
-- Up-to-date: /home/huynn/ros2_ws/install/my_interfaces/share/my_interfaces/environment/ament_prefix_path.sh
-- Up-to-date: /home/huynn/ros2_ws/install/my_interfaces/share/my_interfaces/environment/ament_prefix_path.dsv
-- Up-to-date: /home/huynn/ros2_ws/install/my_interfaces/share/my_interfaces/environment/path.sh
-- Up-to-date: /home/huynn/ros2_ws/install/my_interfaces/share/my_interfaces/environment/path.dsv
-- Up-to-date: /home/huynn/ros2_ws/install/my_interfaces/share/my_interfaces/local_setup.bash
-- Up-to-date: /home/huynn/ros2_ws/install/my_interfaces/share/my_interfaces/local_setup.sh
-- Up-to-date: /home/huynn/ros2_ws/install/my_interfaces/share/my_interfaces/local_setup.zsh
-- Up-to-date: /home/huynn/ros2_ws/install/my_interfaces/share/my_interfaces/local_setup.dsv
-- Installing: /home/huynn/ros2_ws/install/my_interfaces/share/my_interfaces/package.dsv
-- Up-to-date: /home/huynn/ros2_ws/install/my_interfaces/share/ament_index/resource_index/packages/my_interfaces
-- Old export file "/home/huynn/ros2_ws/install/my_interfaces/share/my_interfaces/cmake/export_my_interfaces__rosidl_generator_cExport.cmake" will be replaced.  Removing files [/home/huynn/ros2_ws/install/my_interfaces/share/my_interfaces/cmake/export_my_interfaces__rosidl_generator_cExport-noconfig.cmake].
-- Installing: /home/huynn/ros2_ws/install/my_interfaces/share/my_interfaces/cmake/export_my_interfaces__rosidl_generator_cExport.cmake
-- Installing: /home/huynn/ros2_ws/install/my_interfaces/share/my_interfaces/cmake/export_my_interfaces__rosidl_generator_cExport-noconfig.cmake
-- Old export file "/home/huynn/ros2_ws/install/my_interfaces/share/my_interfaces/cmake/export_my_interfaces__rosidl_typesupport_fastrtps_cExport.cmake" will be replaced.  Removing files [/home/huynn/ros2_ws/install/my_interfaces/share/my_interfaces/cmake/export_my_interfaces__rosidl_typesupport_fastrtps_cExport-noconfig.cmake].
-- Installing: /home/huynn/ros2_ws/install/my_interfaces/share/my_interfaces/cmake/export_my_interfaces__rosidl_typesupport_fastrtps_cExport.cmake
-- Installing: /home/huynn/ros2_ws/install/my_interfaces/share/my_interfaces/cmake/export_my_interfaces__rosidl_typesupport_fastrtps_cExport-noconfig.cmake
-- Old export file "/home/huynn/ros2_ws/install/my_interfaces/share/my_interfaces/cmake/my_interfaces__rosidl_typesupport_introspection_cExport.cmake" will be replaced.  Removing files [/home/huynn/ros2_ws/install/my_interfaces/share/my_interfaces/cmake/my_interfaces__rosidl_typesupport_introspection_cExport-noconfig.cmake].
-- Installing: /home/huynn/ros2_ws/install/my_interfaces/share/my_interfaces/cmake/my_interfaces__rosidl_typesupport_introspection_cExport.cmake
-- Installing: /home/huynn/ros2_ws/install/my_interfaces/share/my_interfaces/cmake/my_interfaces__rosidl_typesupport_introspection_cExport-noconfig.cmake
-- Old export file "/home/huynn/ros2_ws/install/my_interfaces/share/my_interfaces/cmake/my_interfaces__rosidl_typesupport_cExport.cmake" will be replaced.  Removing files [/home/huynn/ros2_ws/install/my_interfaces/share/my_interfaces/cmake/my_interfaces__rosidl_typesupport_cExport-noconfig.cmake].
-- Installing: /home/huynn/ros2_ws/install/my_interfaces/share/my_interfaces/cmake/my_interfaces__rosidl_typesupport_cExport.cmake
-- Installing: /home/huynn/ros2_ws/install/my_interfaces/share/my_interfaces/cmake/my_interfaces__rosidl_typesupport_cExport-noconfig.cmake
-- Installing: /home/huynn/ros2_ws/install/my_interfaces/share/my_interfaces/cmake/export_my_interfaces__rosidl_generator_cppExport.cmake
-- Old export file "/home/huynn/ros2_ws/install/my_interfaces/share/my_interfaces/cmake/export_my_interfaces__rosidl_typesupport_fastrtps_cppExport.cmake" will be replaced.  Removing files [/home/huynn/ros2_ws/install/my_interfaces/share/my_interfaces/cmake/export_my_interfaces__rosidl_typesupport_fastrtps_cppExport-noconfig.cmake].
-- Installing: /home/huynn/ros2_ws/install/my_interfaces/share/my_interfaces/cmake/export_my_interfaces__rosidl_typesupport_fastrtps_cppExport.cmake
-- Installing: /home/huynn/ros2_ws/install/my_interfaces/share/my_interfaces/cmake/export_my_interfaces__rosidl_typesupport_fastrtps_cppExport-noconfig.cmake
-- Old export file "/home/huynn/ros2_ws/install/my_interfaces/share/my_interfaces/cmake/my_interfaces__rosidl_typesupport_introspection_cppExport.cmake" will be replaced.  Removing files [/home/huynn/ros2_ws/install/my_interfaces/share/my_interfaces/cmake/my_interfaces__rosidl_typesupport_introspection_cppExport-noconfig.cmake].
-- Installing: /home/huynn/ros2_ws/install/my_interfaces/share/my_interfaces/cmake/my_interfaces__rosidl_typesupport_introspection_cppExport.cmake
-- Installing: /home/huynn/ros2_ws/install/my_interfaces/share/my_interfaces/cmake/my_interfaces__rosidl_typesupport_introspection_cppExport-noconfig.cmake
-- Old export file "/home/huynn/ros2_ws/install/my_interfaces/share/my_interfaces/cmake/my_interfaces__rosidl_typesupport_cppExport.cmake" will be replaced.  Removing files [/home/huynn/ros2_ws/install/my_interfaces/share/my_interfaces/cmake/my_interfaces__rosidl_typesupport_cppExport-noconfig.cmake].
-- Installing: /home/huynn/ros2_ws/install/my_interfaces/share/my_interfaces/cmake/my_interfaces__rosidl_typesupport_cppExport.cmake
-- Installing: /home/huynn/ros2_ws/install/my_interfaces/share/my_interfaces/cmake/my_interfaces__rosidl_typesupport_cppExport-noconfig.cmake
-- Up-to-date: /home/huynn/ros2_ws/install/my_interfaces/share/my_interfaces/cmake/export_my_interfaces__rosidl_generator_pyExport.cmake
-- Installing: /home/huynn/ros2_ws/install/my_interfaces/share/my_interfaces/cmake/export_my_interfaces__rosidl_generator_pyExport-noconfig.cmake
-- Installing: /home/huynn/ros2_ws/install/my_interfaces/share/my_interfaces/cmake/rosidl_cmake-extras.cmake
-- Installing: /home/huynn/ros2_ws/install/my_interfaces/share/my_interfaces/cmake/ament_cmake_export_dependencies-extras.cmake
-- Up-to-date: /home/huynn/ros2_ws/install/my_interfaces/share/my_interfaces/cmake/ament_cmake_export_include_directories-extras.cmake
-- Up-to-date: /home/huynn/ros2_ws/install/my_interfaces/share/my_interfaces/cmake/ament_cmake_export_libraries-extras.cmake
-- Up-to-date: /home/huynn/ros2_ws/install/my_interfaces/share/my_interfaces/cmake/ament_cmake_export_targets-extras.cmake
-- Up-to-date: /home/huynn/ros2_ws/install/my_interfaces/share/my_interfaces/cmake/rosidl_cmake_export_typesupport_targets-extras.cmake
-- Up-to-date: /home/huynn/ros2_ws/install/my_interfaces/share/my_interfaces/cmake/rosidl_cmake_export_typesupport_libraries-extras.cmake
-- Installing: /home/huynn/ros2_ws/install/my_interfaces/share/my_interfaces/cmake/my_interfacesConfig.cmake
-- Up-to-date: /home/huynn/ros2_ws/install/my_interfaces/share/my_interfaces/cmake/my_interfacesConfig-version.cmake
-- Installing: /home/huynn/ros2_ws/install/my_interfaces/share/my_interfaces/package.xml
