[0.597s] Invoking command in '/home/huynn/ros2_ws/src/my_pkg': DEBUGINFOD_URLS=https://debuginfod.ubuntu.com PYTHONPATH=/home/huynn/ros2_ws/build/my_pkg/prefix_override:/usr/lib/python3/dist-packages/colcon_core/task/python/colcon_distutils_commands:/home/huynn/ros2_ws/install/my_pkg/lib/python3.12/site-packages:${PYTHONPATH} /usr/bin/python3 -W ignore:setup.py install is deprecated -W ignore:easy_install command is deprecated setup.py egg_info --egg-base ../../build/my_pkg build --build-base /home/huynn/ros2_ws/build/my_pkg/build install --record /home/huynn/ros2_ws/build/my_pkg/install.log --single-version-externally-managed install_data
[0.751s] running egg_info
[0.761s] writing ../../build/my_pkg/my_pkg.egg-info/PKG-INFO
[0.761s] writing dependency_links to ../../build/my_pkg/my_pkg.egg-info/dependency_links.txt
[0.761s] writing entry points to ../../build/my_pkg/my_pkg.egg-info/entry_points.txt
[0.761s] writing requirements to ../../build/my_pkg/my_pkg.egg-info/requires.txt
[0.761s] writing top-level names to ../../build/my_pkg/my_pkg.egg-info/top_level.txt
[0.780s] reading manifest file '../../build/my_pkg/my_pkg.egg-info/SOURCES.txt'
[0.781s] adding license file 'LICENSE'
[0.781s] writing manifest file '../../build/my_pkg/my_pkg.egg-info/SOURCES.txt'
[0.781s] running build
[0.781s] running build_py
[0.781s] copying my_pkg/client.py -> /home/huynn/ros2_ws/build/my_pkg/build/lib/my_pkg
[0.782s] running install
[0.785s] running install_lib
[0.795s] copying /home/huynn/ros2_ws/build/my_pkg/build/lib/my_pkg/client.py -> /home/huynn/ros2_ws/install/my_pkg/lib/python3.12/site-packages/my_pkg
[0.795s] byte-compiling /home/huynn/ros2_ws/install/my_pkg/lib/python3.12/site-packages/my_pkg/client.py to client.cpython-312.pyc
[0.796s] running install_data
[0.796s] running install_egg_info
[0.811s] removing '/home/huynn/ros2_ws/install/my_pkg/lib/python3.12/site-packages/my_pkg-0.0.0-py3.12.egg-info' (and everything under it)
[0.811s] Copying ../../build/my_pkg/my_pkg.egg-info to /home/huynn/ros2_ws/install/my_pkg/lib/python3.12/site-packages/my_pkg-0.0.0-py3.12.egg-info
[0.812s] running install_scripts
[0.889s] Installing aw script to /home/huynn/ros2_ws/install/my_pkg/lib/my_pkg
[0.889s] Installing client script to /home/huynn/ros2_ws/install/my_pkg/lib/my_pkg
[0.889s] Installing listener script to /home/huynn/ros2_ws/install/my_pkg/lib/my_pkg
[0.889s] Installing server script to /home/huynn/ros2_ws/install/my_pkg/lib/my_pkg
[0.889s] Installing talker script to /home/huynn/ros2_ws/install/my_pkg/lib/my_pkg
[0.889s] Installing turtle script to /home/huynn/ros2_ws/install/my_pkg/lib/my_pkg
[0.889s] writing list of installed files to '/home/huynn/ros2_ws/build/my_pkg/install.log'
[0.926s] Invoked command in '/home/huynn/ros2_ws/src/my_pkg' returned '0': DEBUGINFOD_URLS=https://debuginfod.ubuntu.com PYTHONPATH=/home/huynn/ros2_ws/build/my_pkg/prefix_override:/usr/lib/python3/dist-packages/colcon_core/task/python/colcon_distutils_commands:/home/huynn/ros2_ws/install/my_pkg/lib/python3.12/site-packages:${PYTHONPATH} /usr/bin/python3 -W ignore:setup.py install is deprecated -W ignore:easy_install command is deprecated setup.py egg_info --egg-base ../../build/my_pkg build --build-base /home/huynn/ros2_ws/build/my_pkg/build install --record /home/huynn/ros2_ws/build/my_pkg/install.log --single-version-externally-managed install_data
