[0.013s] Invoking command in '/home/huynn/ros2_ws/build/my_interfaces': CMAKE_PREFIX_PATH=${CMAKE_PREFIX_PATH}:/home/huynn/ros2_ws/install/my_pkg:/opt/ros/jazzy DEBUGINFOD_URLS=https://debuginfod.ubuntu.com /usr/bin/cmake --build /home/huynn/ros2_ws/build/my_interfaces -- -j16 -l16
[0.034s] -- Found ament_cmake: 2.5.4 (/opt/ros/jazzy/share/ament_cmake/cmake)
[0.053s] -- Found Python3: /usr/bin/python3 (found version "3.12.3") found components: Interpreter 
[0.104s] -- Found rosidl_default_generators: 1.6.0 (/opt/ros/jazzy/share/rosidl_default_generators/cmake)
[0.107s] -- Using all available rosidl_typesupport_c: rosidl_typesupport_fastrtps_c;rosidl_typesupport_introspection_c
[0.129s] -- Using all available rosidl_typesupport_cpp: rosidl_typesupport_fastrtps_cpp;rosidl_typesupport_introspection_cpp
[0.146s] -- Found rosidl_adapter: 4.6.6 (/opt/ros/jazzy/share/rosidl_adapter/cmake)
[0.334s] -- Found ament_cmake_ros: 0.12.0 (/opt/ros/jazzy/share/ament_cmake_ros/cmake)
[0.396s] -- Using all available rosidl_typesupport_c: rosidl_typesupport_fastrtps_c;rosidl_typesupport_introspection_c
[0.483s] -- Using all available rosidl_typesupport_cpp: rosidl_typesupport_fastrtps_cpp;rosidl_typesupport_introspection_cpp
[0.484s] -- Found python_cmake_module: 0.11.1 (/opt/ros/jazzy/share/python_cmake_module/cmake)
[0.671s] -- Found Python3: /usr/bin/python3 (found version "3.12.3") found components: Interpreter Development NumPy Development.Module Development.Embed 
[0.678s] -- Found ament_lint_auto: 0.17.3 (/opt/ros/jazzy/share/ament_lint_auto/cmake)
[0.684s] -- Added test 'lint_cmake' to check CMake code style
[0.685s] -- Added test 'xmllint' to check XML markup files
[0.686s] -- Configuring done (0.7s)
[0.712s] -- Generating done (0.0s)
[0.720s] -- Build files have been written to: /home/huynn/ros2_ws/build/my_interfaces
[0.748s] [  2%] [34m[1mGenerating type hashes for ROS interfaces[0m
[0.757s] [  2%] Built target ament_cmake_python_copy_my_interfaces
[0.872s] [  2%] Built target my_interfaces__rosidl_generator_type_description
[0.880s] [  4%] [34m[1mGenerating C code for ROS interfaces[0m
[0.886s] running egg_info
[0.888s] [  6%] [34m[1mGenerating C++ code for ROS interfaces[0m
[0.895s] writing my_interfaces.egg-info/PKG-INFO
[0.895s] writing dependency_links to my_interfaces.egg-info/dependency_links.txt
[0.895s] writing top-level names to my_interfaces.egg-info/top_level.txt
[0.925s] reading manifest file 'my_interfaces.egg-info/SOURCES.txt'
[0.926s] writing manifest file 'my_interfaces.egg-info/SOURCES.txt'
[0.949s] [  6%] Built target ament_cmake_python_build_my_interfaces_egg
[1.072s] [  6%] Built target my_interfaces__cpp
[1.097s] [ 20%] [32mBuilding C object CMakeFiles/my_interfaces__rosidl_generator_c.dir/rosidl_generator_c/my_interfaces/msg/detail/my_msg__functions.c.o[0m
[1.097s] [ 20%] [32mBuilding C object CMakeFiles/my_interfaces__rosidl_generator_c.dir/rosidl_generator_c/my_interfaces/msg/detail/my_msg__description.c.o[0m
[1.097s] [ 20%] [32mBuilding C object CMakeFiles/my_interfaces__rosidl_generator_c.dir/rosidl_generator_c/my_interfaces/srv/detail/my_srv__functions.c.o[0m
[1.097s] [ 20%] [32mBuilding C object CMakeFiles/my_interfaces__rosidl_generator_c.dir/rosidl_generator_c/my_interfaces/srv/detail/my_srv__description.c.o[0m
[1.097s] [ 20%] [32mBuilding C object CMakeFiles/my_interfaces__rosidl_generator_c.dir/rosidl_generator_c/my_interfaces/msg/detail/my_msg__type_support.c.o[0m
[1.097s] [ 20%] [32mBuilding C object CMakeFiles/my_interfaces__rosidl_generator_c.dir/rosidl_generator_c/my_interfaces/srv/detail/my_srv__type_support.c.o[0m
[1.148s] [ 22%] [32m[1mLinking C shared library libmy_interfaces__rosidl_generator_c.so[0m
[1.177s] [ 22%] Built target my_interfaces__rosidl_generator_c
[1.185s] [ 36%] [34m[1mGenerating C type support dispatch for ROS interfaces[0m
[1.186s] [ 36%] [34m[1mGenerating C++ introspection for ROS interfaces[0m
[1.186s] [ 36%] [34m[1mGenerating C type support for eProsima Fast-RTPS[0m
[1.186s] [ 36%] [34m[1mGenerating C++ type support dispatch for ROS interfaces[0m
[1.186s] [ 36%] [34m[1mGenerating C introspection for ROS interfaces[0m
[1.186s] [ 36%] [34m[1mGenerating C++ type support for eProsima Fast-RTPS[0m
[1.354s] [ 38%] [32mBuilding CXX object CMakeFiles/my_interfaces__rosidl_typesupport_c.dir/rosidl_typesupport_c/my_interfaces/msg/my_msg__type_support.cpp.o[0m
[1.355s] [ 40%] [32mBuilding CXX object CMakeFiles/my_interfaces__rosidl_typesupport_cpp.dir/rosidl_typesupport_cpp/my_interfaces/msg/my_msg__type_support.cpp.o[0m
[1.355s] [ 43%] [32mBuilding CXX object CMakeFiles/my_interfaces__rosidl_typesupport_c.dir/rosidl_typesupport_c/my_interfaces/srv/my_srv__type_support.cpp.o[0m
[1.356s] [ 45%] [32mBuilding CXX object CMakeFiles/my_interfaces__rosidl_typesupport_cpp.dir/rosidl_typesupport_cpp/my_interfaces/srv/my_srv__type_support.cpp.o[0m
[1.375s] [ 50%] [32mBuilding CXX object CMakeFiles/my_interfaces__rosidl_typesupport_introspection_cpp.dir/rosidl_typesupport_introspection_cpp/my_interfaces/srv/detail/my_srv__type_support.cpp.o[0m
[1.375s] [ 50%] [32mBuilding CXX object CMakeFiles/my_interfaces__rosidl_typesupport_introspection_cpp.dir/rosidl_typesupport_introspection_cpp/my_interfaces/msg/detail/my_msg__type_support.cpp.o[0m
[1.381s] [ 54%] [32mBuilding C object CMakeFiles/my_interfaces__rosidl_typesupport_introspection_c.dir/rosidl_typesupport_introspection_c/my_interfaces/msg/detail/my_msg__type_support.c.o[0m
[1.381s] [ 54%] [32mBuilding C object CMakeFiles/my_interfaces__rosidl_typesupport_introspection_c.dir/rosidl_typesupport_introspection_c/my_interfaces/srv/detail/my_srv__type_support.c.o[0m
[1.393s] [ 56%] [32m[1mLinking CXX shared library libmy_interfaces__rosidl_typesupport_c.so[0m
[1.413s] [ 59%] [32mBuilding CXX object CMakeFiles/my_interfaces__rosidl_typesupport_fastrtps_cpp.dir/rosidl_typesupport_fastrtps_cpp/my_interfaces/msg/detail/dds_fastrtps/my_msg__type_support.cpp.o[0m
[1.414s] [ 61%] [32mBuilding CXX object CMakeFiles/my_interfaces__rosidl_typesupport_fastrtps_cpp.dir/rosidl_typesupport_fastrtps_cpp/my_interfaces/srv/detail/dds_fastrtps/my_srv__type_support.cpp.o[0m
[1.425s] [ 63%] [32m[1mLinking C shared library libmy_interfaces__rosidl_typesupport_introspection_c.so[0m
[1.432s] [ 63%] Built target my_interfaces__rosidl_typesupport_c
[1.433s] [ 65%] [32mBuilding CXX object CMakeFiles/my_interfaces__rosidl_typesupport_fastrtps_c.dir/rosidl_typesupport_fastrtps_c/my_interfaces/msg/detail/my_msg__type_support_c.cpp.o[0m
[1.434s] [ 68%] [32mBuilding CXX object CMakeFiles/my_interfaces__rosidl_typesupport_fastrtps_c.dir/rosidl_typesupport_fastrtps_c/my_interfaces/srv/detail/my_srv__type_support_c.cpp.o[0m
[1.454s] [ 68%] Built target my_interfaces__rosidl_typesupport_introspection_c
[1.657s] [ 70%] [32m[1mLinking CXX shared library libmy_interfaces__rosidl_typesupport_cpp.so[0m
[1.692s] [ 72%] [32m[1mLinking CXX shared library libmy_interfaces__rosidl_typesupport_introspection_cpp.so[0m
[1.728s] [ 72%] Built target my_interfaces__rosidl_typesupport_cpp
[1.757s] [ 72%] Built target my_interfaces__rosidl_typesupport_introspection_cpp
[1.788s] [ 75%] [32m[1mLinking CXX shared library libmy_interfaces__rosidl_typesupport_fastrtps_c.so[0m
[1.837s] [ 77%] [32m[1mLinking CXX shared library libmy_interfaces__rosidl_typesupport_fastrtps_cpp.so[0m
[1.841s] [ 77%] Built target my_interfaces__rosidl_typesupport_fastrtps_c
[1.894s] [ 77%] Built target my_interfaces__rosidl_typesupport_fastrtps_cpp
[1.912s] [ 77%] Built target my_interfaces
[1.930s] [ 79%] [34m[1mGenerating Python code for ROS interfaces[0m
[2.160s] [ 79%] Built target my_interfaces__py
[2.179s] [ 81%] [32mBuilding C object CMakeFiles/my_interfaces__rosidl_generator_py.dir/rosidl_generator_py/my_interfaces/msg/_my_msg_s.c.o[0m
[2.179s] [ 84%] [32mBuilding C object CMakeFiles/my_interfaces__rosidl_generator_py.dir/rosidl_generator_py/my_interfaces/srv/_my_srv_s.c.o[0m
[2.276s] [ 86%] [32m[1mLinking C shared library libmy_interfaces__rosidl_generator_py.so[0m
[2.311s] [ 86%] Built target my_interfaces__rosidl_generator_py
[2.331s] [ 90%] [32mBuilding C object CMakeFiles/my_interfaces_s__rosidl_typesupport_fastrtps_c.dir/rosidl_generator_py/my_interfaces/_my_interfaces_s.ep.rosidl_typesupport_fastrtps_c.c.o[0m
[2.331s] [ 90%] [32mBuilding C object CMakeFiles/my_interfaces_s__rosidl_typesupport_c.dir/rosidl_generator_py/my_interfaces/_my_interfaces_s.ep.rosidl_typesupport_c.c.o[0m
[2.331s] [ 93%] [32mBuilding C object CMakeFiles/my_interfaces_s__rosidl_typesupport_introspection_c.dir/rosidl_generator_py/my_interfaces/_my_interfaces_s.ep.rosidl_typesupport_introspection_c.c.o[0m
[2.404s] [ 97%] [32m[1mLinking C shared module rosidl_generator_py/my_interfaces/my_interfaces_s__rosidl_typesupport_c.so[0m
[2.404s] [ 97%] [32m[1mLinking C shared module rosidl_generator_py/my_interfaces/my_interfaces_s__rosidl_typesupport_introspection_c.so[0m
[2.405s] [100%] [32m[1mLinking C shared module rosidl_generator_py/my_interfaces/my_interfaces_s__rosidl_typesupport_fastrtps_c.so[0m
[2.432s] [100%] Built target my_interfaces_s__rosidl_typesupport_introspection_c
[2.432s] [100%] Built target my_interfaces_s__rosidl_typesupport_c
[2.432s] [100%] Built target my_interfaces_s__rosidl_typesupport_fastrtps_c
[2.442s] Invoked command in '/home/huynn/ros2_ws/build/my_interfaces' returned '0': CMAKE_PREFIX_PATH=${CMAKE_PREFIX_PATH}:/home/huynn/ros2_ws/install/my_pkg:/opt/ros/jazzy DEBUGINFOD_URLS=https://debuginfod.ubuntu.com /usr/bin/cmake --build /home/huynn/ros2_ws/build/my_interfaces -- -j16 -l16
[2.450s] Invoking command in '/home/huynn/ros2_ws/build/my_interfaces': CMAKE_PREFIX_PATH=${CMAKE_PREFIX_PATH}:/home/huynn/ros2_ws/install/my_pkg:/opt/ros/jazzy DEBUGINFOD_URLS=https://debuginfod.ubuntu.com /usr/bin/cmake --install /home/huynn/ros2_ws/build/my_interfaces
[2.456s] -- Install configuration: ""
[2.456s] -- Up-to-date: /home/huynn/ros2_ws/install/my_interfaces/share/ament_index/resource_index/rosidl_interfaces/my_interfaces
[2.456s] -- Installing: /home/huynn/ros2_ws/install/my_interfaces/share/my_interfaces/msg/MyMsg.json
[2.456s] -- Installing: /home/huynn/ros2_ws/install/my_interfaces/share/my_interfaces/srv/MySrv.json
[2.456s] -- Up-to-date: /home/huynn/ros2_ws/install/my_interfaces/include/my_interfaces/my_interfaces
[2.456s] -- Up-to-date: /home/huynn/ros2_ws/install/my_interfaces/include/my_interfaces/my_interfaces/srv
[2.456s] -- Installing: /home/huynn/ros2_ws/install/my_interfaces/include/my_interfaces/my_interfaces/srv/my_srv.h
[2.456s] -- Up-to-date: /home/huynn/ros2_ws/install/my_interfaces/include/my_interfaces/my_interfaces/srv/detail
[2.456s] -- Installing: /home/huynn/ros2_ws/install/my_interfaces/include/my_interfaces/my_interfaces/srv/detail/my_srv__type_support.h
[2.456s] -- Installing: /home/huynn/ros2_ws/install/my_interfaces/include/my_interfaces/my_interfaces/srv/detail/my_srv__functions.c
[2.457s] -- Installing: /home/huynn/ros2_ws/install/my_interfaces/include/my_interfaces/my_interfaces/srv/detail/my_srv__description.c
[2.457s] -- Installing: /home/huynn/ros2_ws/install/my_interfaces/include/my_interfaces/my_interfaces/srv/detail/my_srv__type_support.c
[2.457s] -- Installing: /home/huynn/ros2_ws/install/my_interfaces/include/my_interfaces/my_interfaces/srv/detail/my_srv__struct.h
[2.457s] -- Installing: /home/huynn/ros2_ws/install/my_interfaces/include/my_interfaces/my_interfaces/srv/detail/my_srv__functions.h
[2.457s] -- Up-to-date: /home/huynn/ros2_ws/install/my_interfaces/include/my_interfaces/my_interfaces/msg
[2.457s] -- Installing: /home/huynn/ros2_ws/install/my_interfaces/include/my_interfaces/my_interfaces/msg/my_msg.h
[2.457s] -- Up-to-date: /home/huynn/ros2_ws/install/my_interfaces/include/my_interfaces/my_interfaces/msg/rosidl_generator_c__visibility_control.h
[2.457s] -- Up-to-date: /home/huynn/ros2_ws/install/my_interfaces/include/my_interfaces/my_interfaces/msg/detail
[2.457s] -- Installing: /home/huynn/ros2_ws/install/my_interfaces/include/my_interfaces/my_interfaces/msg/detail/my_msg__type_support.c
[2.457s] -- Installing: /home/huynn/ros2_ws/install/my_interfaces/include/my_interfaces/my_interfaces/msg/detail/my_msg__description.c
[2.457s] -- Installing: /home/huynn/ros2_ws/install/my_interfaces/include/my_interfaces/my_interfaces/msg/detail/my_msg__type_support.h
[2.457s] -- Installing: /home/huynn/ros2_ws/install/my_interfaces/include/my_interfaces/my_interfaces/msg/detail/my_msg__struct.h
[2.457s] -- Installing: /home/huynn/ros2_ws/install/my_interfaces/include/my_interfaces/my_interfaces/msg/detail/my_msg__functions.c
[2.458s] -- Installing: /home/huynn/ros2_ws/install/my_interfaces/include/my_interfaces/my_interfaces/msg/detail/my_msg__functions.h
[2.458s] -- Up-to-date: /home/huynn/ros2_ws/install/my_interfaces/share/my_interfaces/environment/library_path.sh
[2.458s] -- Up-to-date: /home/huynn/ros2_ws/install/my_interfaces/share/my_interfaces/environment/library_path.dsv
[2.458s] -- Installing: /home/huynn/ros2_ws/install/my_interfaces/lib/libmy_interfaces__rosidl_generator_c.so
[2.458s] -- Set non-toolchain portion of runtime path of "/home/huynn/ros2_ws/install/my_interfaces/lib/libmy_interfaces__rosidl_generator_c.so" to ""
[2.458s] -- Up-to-date: /home/huynn/ros2_ws/install/my_interfaces/include/my_interfaces/my_interfaces
[2.458s] -- Up-to-date: /home/huynn/ros2_ws/install/my_interfaces/include/my_interfaces/my_interfaces/srv
[2.458s] -- Up-to-date: /home/huynn/ros2_ws/install/my_interfaces/include/my_interfaces/my_interfaces/srv/detail
[2.458s] -- Installing: /home/huynn/ros2_ws/install/my_interfaces/include/my_interfaces/my_interfaces/srv/detail/my_srv__rosidl_typesupport_fastrtps_c.h
[2.458s] -- Up-to-date: /home/huynn/ros2_ws/install/my_interfaces/include/my_interfaces/my_interfaces/msg
[2.459s] -- Up-to-date: /home/huynn/ros2_ws/install/my_interfaces/include/my_interfaces/my_interfaces/msg/rosidl_typesupport_fastrtps_c__visibility_control.h
[2.459s] -- Up-to-date: /home/huynn/ros2_ws/install/my_interfaces/include/my_interfaces/my_interfaces/msg/detail
[2.459s] -- Installing: /home/huynn/ros2_ws/install/my_interfaces/include/my_interfaces/my_interfaces/msg/detail/my_msg__rosidl_typesupport_fastrtps_c.h
[2.459s] -- Installing: /home/huynn/ros2_ws/install/my_interfaces/lib/libmy_interfaces__rosidl_typesupport_fastrtps_c.so
[2.459s] -- Set non-toolchain portion of runtime path of "/home/huynn/ros2_ws/install/my_interfaces/lib/libmy_interfaces__rosidl_typesupport_fastrtps_c.so" to ""
[2.459s] -- Up-to-date: /home/huynn/ros2_ws/install/my_interfaces/include/my_interfaces/my_interfaces
[2.459s] -- Up-to-date: /home/huynn/ros2_ws/install/my_interfaces/include/my_interfaces/my_interfaces/srv
[2.459s] -- Up-to-date: /home/huynn/ros2_ws/install/my_interfaces/include/my_interfaces/my_interfaces/srv/detail
[2.459s] -- Up-to-date: /home/huynn/ros2_ws/install/my_interfaces/include/my_interfaces/my_interfaces/srv/detail/my_srv__type_support.c
[2.459s] -- Installing: /home/huynn/ros2_ws/install/my_interfaces/include/my_interfaces/my_interfaces/srv/detail/my_srv__rosidl_typesupport_introspection_c.h
[2.459s] -- Up-to-date: /home/huynn/ros2_ws/install/my_interfaces/include/my_interfaces/my_interfaces/msg
[2.459s] -- Up-to-date: /home/huynn/ros2_ws/install/my_interfaces/include/my_interfaces/my_interfaces/msg/rosidl_typesupport_introspection_c__visibility_control.h
[2.459s] -- Up-to-date: /home/huynn/ros2_ws/install/my_interfaces/include/my_interfaces/my_interfaces/msg/detail
[2.460s] -- Installing: /home/huynn/ros2_ws/install/my_interfaces/include/my_interfaces/my_interfaces/msg/detail/my_msg__rosidl_typesupport_introspection_c.h
[2.460s] -- Up-to-date: /home/huynn/ros2_ws/install/my_interfaces/include/my_interfaces/my_interfaces/msg/detail/my_msg__type_support.c
[2.460s] -- Installing: /home/huynn/ros2_ws/install/my_interfaces/lib/libmy_interfaces__rosidl_typesupport_introspection_c.so
[2.460s] -- Set non-toolchain portion of runtime path of "/home/huynn/ros2_ws/install/my_interfaces/lib/libmy_interfaces__rosidl_typesupport_introspection_c.so" to ""
[2.460s] -- Installing: /home/huynn/ros2_ws/install/my_interfaces/lib/libmy_interfaces__rosidl_typesupport_c.so
[2.460s] -- Set non-toolchain portion of runtime path of "/home/huynn/ros2_ws/install/my_interfaces/lib/libmy_interfaces__rosidl_typesupport_c.so" to ""
[2.460s] -- Up-to-date: /home/huynn/ros2_ws/install/my_interfaces/include/my_interfaces/my_interfaces
[2.460s] -- Up-to-date: /home/huynn/ros2_ws/install/my_interfaces/include/my_interfaces/my_interfaces/srv
[2.461s] -- Installing: /home/huynn/ros2_ws/install/my_interfaces/include/my_interfaces/my_interfaces/srv/my_srv.hpp
[2.461s] -- Up-to-date: /home/huynn/ros2_ws/install/my_interfaces/include/my_interfaces/my_interfaces/srv/detail
[2.461s] -- Installing: /home/huynn/ros2_ws/install/my_interfaces/include/my_interfaces/my_interfaces/srv/detail/my_srv__type_support.hpp
[2.461s] -- Installing: /home/huynn/ros2_ws/install/my_interfaces/include/my_interfaces/my_interfaces/srv/detail/my_srv__traits.hpp
[2.461s] -- Installing: /home/huynn/ros2_ws/install/my_interfaces/include/my_interfaces/my_interfaces/srv/detail/my_srv__struct.hpp
[2.461s] -- Installing: /home/huynn/ros2_ws/install/my_interfaces/include/my_interfaces/my_interfaces/srv/detail/my_srv__builder.hpp
[2.461s] -- Up-to-date: /home/huynn/ros2_ws/install/my_interfaces/include/my_interfaces/my_interfaces/msg
[2.461s] -- Installing: /home/huynn/ros2_ws/install/my_interfaces/include/my_interfaces/my_interfaces/msg/my_msg.hpp
[2.461s] -- Installing: /home/huynn/ros2_ws/install/my_interfaces/include/my_interfaces/my_interfaces/msg/rosidl_generator_cpp__visibility_control.hpp
[2.461s] -- Up-to-date: /home/huynn/ros2_ws/install/my_interfaces/include/my_interfaces/my_interfaces/msg/detail
[2.461s] -- Installing: /home/huynn/ros2_ws/install/my_interfaces/include/my_interfaces/my_interfaces/msg/detail/my_msg__builder.hpp
[2.461s] -- Installing: /home/huynn/ros2_ws/install/my_interfaces/include/my_interfaces/my_interfaces/msg/detail/my_msg__struct.hpp
[2.461s] -- Installing: /home/huynn/ros2_ws/install/my_interfaces/include/my_interfaces/my_interfaces/msg/detail/my_msg__traits.hpp
[2.462s] -- Installing: /home/huynn/ros2_ws/install/my_interfaces/include/my_interfaces/my_interfaces/msg/detail/my_msg__type_support.hpp
[2.462s] -- Up-to-date: /home/huynn/ros2_ws/install/my_interfaces/include/my_interfaces/my_interfaces
[2.462s] -- Up-to-date: /home/huynn/ros2_ws/install/my_interfaces/include/my_interfaces/my_interfaces/srv
[2.462s] -- Up-to-date: /home/huynn/ros2_ws/install/my_interfaces/include/my_interfaces/my_interfaces/srv/detail
[2.462s] -- Installing: /home/huynn/ros2_ws/install/my_interfaces/include/my_interfaces/my_interfaces/srv/detail/my_srv__rosidl_typesupport_fastrtps_cpp.hpp
[2.462s] -- Up-to-date: /home/huynn/ros2_ws/install/my_interfaces/include/my_interfaces/my_interfaces/srv/detail/dds_fastrtps
[2.462s] -- Up-to-date: /home/huynn/ros2_ws/install/my_interfaces/include/my_interfaces/my_interfaces/msg
[2.462s] -- Up-to-date: /home/huynn/ros2_ws/install/my_interfaces/include/my_interfaces/my_interfaces/msg/rosidl_typesupport_fastrtps_cpp__visibility_control.h
[2.462s] -- Up-to-date: /home/huynn/ros2_ws/install/my_interfaces/include/my_interfaces/my_interfaces/msg/detail
[2.462s] -- Installing: /home/huynn/ros2_ws/install/my_interfaces/include/my_interfaces/my_interfaces/msg/detail/my_msg__rosidl_typesupport_fastrtps_cpp.hpp
[2.462s] -- Up-to-date: /home/huynn/ros2_ws/install/my_interfaces/include/my_interfaces/my_interfaces/msg/detail/dds_fastrtps
[2.462s] -- Installing: /home/huynn/ros2_ws/install/my_interfaces/lib/libmy_interfaces__rosidl_typesupport_fastrtps_cpp.so
[2.463s] -- Set non-toolchain portion of runtime path of "/home/huynn/ros2_ws/install/my_interfaces/lib/libmy_interfaces__rosidl_typesupport_fastrtps_cpp.so" to ""
[2.463s] -- Up-to-date: /home/huynn/ros2_ws/install/my_interfaces/include/my_interfaces/my_interfaces
[2.463s] -- Up-to-date: /home/huynn/ros2_ws/install/my_interfaces/include/my_interfaces/my_interfaces/srv
[2.463s] -- Up-to-date: /home/huynn/ros2_ws/install/my_interfaces/include/my_interfaces/my_interfaces/srv/detail
[2.463s] -- Installing: /home/huynn/ros2_ws/install/my_interfaces/include/my_interfaces/my_interfaces/srv/detail/my_srv__rosidl_typesupport_introspection_cpp.hpp
[2.463s] -- Installing: /home/huynn/ros2_ws/install/my_interfaces/include/my_interfaces/my_interfaces/srv/detail/my_srv__type_support.cpp
[2.464s] -- Up-to-date: /home/huynn/ros2_ws/install/my_interfaces/include/my_interfaces/my_interfaces/msg
[2.464s] -- Up-to-date: /home/huynn/ros2_ws/install/my_interfaces/include/my_interfaces/my_interfaces/msg/detail
[2.464s] -- Installing: /home/huynn/ros2_ws/install/my_interfaces/include/my_interfaces/my_interfaces/msg/detail/my_msg__type_support.cpp
[2.464s] -- Installing: /home/huynn/ros2_ws/install/my_interfaces/include/my_interfaces/my_interfaces/msg/detail/my_msg__rosidl_typesupport_introspection_cpp.hpp
[2.464s] -- Installing: /home/huynn/ros2_ws/install/my_interfaces/lib/libmy_interfaces__rosidl_typesupport_introspection_cpp.so
[2.464s] -- Set non-toolchain portion of runtime path of "/home/huynn/ros2_ws/install/my_interfaces/lib/libmy_interfaces__rosidl_typesupport_introspection_cpp.so" to ""
[2.464s] -- Installing: /home/huynn/ros2_ws/install/my_interfaces/lib/libmy_interfaces__rosidl_typesupport_cpp.so
[2.465s] -- Set non-toolchain portion of runtime path of "/home/huynn/ros2_ws/install/my_interfaces/lib/libmy_interfaces__rosidl_typesupport_cpp.so" to ""
[2.465s] -- Up-to-date: /home/huynn/ros2_ws/install/my_interfaces/share/my_interfaces/environment/pythonpath.sh
[2.465s] -- Up-to-date: /home/huynn/ros2_ws/install/my_interfaces/share/my_interfaces/environment/pythonpath.dsv
[2.465s] -- Up-to-date: /home/huynn/ros2_ws/install/my_interfaces/lib/python3.12/site-packages/my_interfaces-0.0.0-py3.12.egg-info
[2.465s] -- Installing: /home/huynn/ros2_ws/install/my_interfaces/lib/python3.12/site-packages/my_interfaces-0.0.0-py3.12.egg-info/PKG-INFO
[2.465s] -- Installing: /home/huynn/ros2_ws/install/my_interfaces/lib/python3.12/site-packages/my_interfaces-0.0.0-py3.12.egg-info/top_level.txt
[2.465s] -- Installing: /home/huynn/ros2_ws/install/my_interfaces/lib/python3.12/site-packages/my_interfaces-0.0.0-py3.12.egg-info/dependency_links.txt
[2.465s] -- Installing: /home/huynn/ros2_ws/install/my_interfaces/lib/python3.12/site-packages/my_interfaces-0.0.0-py3.12.egg-info/SOURCES.txt
[2.465s] -- Up-to-date: /home/huynn/ros2_ws/install/my_interfaces/lib/python3.12/site-packages/my_interfaces
[2.465s] -- Installing: /home/huynn/ros2_ws/install/my_interfaces/lib/python3.12/site-packages/my_interfaces/__init__.py
[2.465s] -- Installing: /home/huynn/ros2_ws/install/my_interfaces/lib/python3.12/site-packages/my_interfaces/_my_interfaces_s.ep.rosidl_typesupport_fastrtps_c.c
[2.466s] -- Installing: /home/huynn/ros2_ws/install/my_interfaces/lib/python3.12/site-packages/my_interfaces/my_interfaces_s__rosidl_typesupport_c.so
[2.466s] -- Installing: /home/huynn/ros2_ws/install/my_interfaces/lib/python3.12/site-packages/my_interfaces/my_interfaces_s__rosidl_typesupport_fastrtps_c.so
[2.466s] -- Up-to-date: /home/huynn/ros2_ws/install/my_interfaces/lib/python3.12/site-packages/my_interfaces/srv
[2.466s] -- Installing: /home/huynn/ros2_ws/install/my_interfaces/lib/python3.12/site-packages/my_interfaces/srv/__init__.py
[2.466s] -- Installing: /home/huynn/ros2_ws/install/my_interfaces/lib/python3.12/site-packages/my_interfaces/srv/_my_srv.py
[2.466s] -- Installing: /home/huynn/ros2_ws/install/my_interfaces/lib/python3.12/site-packages/my_interfaces/srv/_my_srv_s.c
[2.466s] -- Installing: /home/huynn/ros2_ws/install/my_interfaces/lib/python3.12/site-packages/my_interfaces/my_interfaces_s__rosidl_typesupport_introspection_c.so
[2.466s] -- Installing: /home/huynn/ros2_ws/install/my_interfaces/lib/python3.12/site-packages/my_interfaces/_my_interfaces_s.ep.rosidl_typesupport_introspection_c.c
[2.466s] -- Installing: /home/huynn/ros2_ws/install/my_interfaces/lib/python3.12/site-packages/my_interfaces/_my_interfaces_s.ep.rosidl_typesupport_c.c
[2.466s] -- Up-to-date: /home/huynn/ros2_ws/install/my_interfaces/lib/python3.12/site-packages/my_interfaces/msg
[2.467s] -- Installing: /home/huynn/ros2_ws/install/my_interfaces/lib/python3.12/site-packages/my_interfaces/msg/__init__.py
[2.467s] -- Installing: /home/huynn/ros2_ws/install/my_interfaces/lib/python3.12/site-packages/my_interfaces/msg/_my_msg_s.c
[2.467s] -- Installing: /home/huynn/ros2_ws/install/my_interfaces/lib/python3.12/site-packages/my_interfaces/msg/_my_msg.py
[2.493s] Listing '/home/huynn/ros2_ws/install/my_interfaces/lib/python3.12/site-packages/my_interfaces'...
[2.493s] Compiling '/home/huynn/ros2_ws/install/my_interfaces/lib/python3.12/site-packages/my_interfaces/__init__.py'...
[2.493s] Listing '/home/huynn/ros2_ws/install/my_interfaces/lib/python3.12/site-packages/my_interfaces/msg'...
[2.493s] Compiling '/home/huynn/ros2_ws/install/my_interfaces/lib/python3.12/site-packages/my_interfaces/msg/__init__.py'...
[2.493s] Compiling '/home/huynn/ros2_ws/install/my_interfaces/lib/python3.12/site-packages/my_interfaces/msg/_my_msg.py'...
[2.493s] Listing '/home/huynn/ros2_ws/install/my_interfaces/lib/python3.12/site-packages/my_interfaces/srv'...
[2.493s] Compiling '/home/huynn/ros2_ws/install/my_interfaces/lib/python3.12/site-packages/my_interfaces/srv/__init__.py'...
[2.493s] Compiling '/home/huynn/ros2_ws/install/my_interfaces/lib/python3.12/site-packages/my_interfaces/srv/_my_srv.py'...
[2.497s] -- Installing: /home/huynn/ros2_ws/install/my_interfaces/lib/python3.12/site-packages/my_interfaces/my_interfaces_s__rosidl_typesupport_fastrtps_c.so
[2.498s] -- Set non-toolchain portion of runtime path of "/home/huynn/ros2_ws/install/my_interfaces/lib/python3.12/site-packages/my_interfaces/my_interfaces_s__rosidl_typesupport_fastrtps_c.so" to ""
[2.498s] -- Installing: /home/huynn/ros2_ws/install/my_interfaces/lib/python3.12/site-packages/my_interfaces/my_interfaces_s__rosidl_typesupport_introspection_c.so
[2.498s] -- Set non-toolchain portion of runtime path of "/home/huynn/ros2_ws/install/my_interfaces/lib/python3.12/site-packages/my_interfaces/my_interfaces_s__rosidl_typesupport_introspection_c.so" to ""
[2.498s] -- Installing: /home/huynn/ros2_ws/install/my_interfaces/lib/python3.12/site-packages/my_interfaces/my_interfaces_s__rosidl_typesupport_c.so
[2.499s] -- Set non-toolchain portion of runtime path of "/home/huynn/ros2_ws/install/my_interfaces/lib/python3.12/site-packages/my_interfaces/my_interfaces_s__rosidl_typesupport_c.so" to ""
[2.499s] -- Installing: /home/huynn/ros2_ws/install/my_interfaces/lib/libmy_interfaces__rosidl_generator_py.so
[2.499s] -- Set non-toolchain portion of runtime path of "/home/huynn/ros2_ws/install/my_interfaces/lib/libmy_interfaces__rosidl_generator_py.so" to ""
[2.499s] -- Up-to-date: /home/huynn/ros2_ws/install/my_interfaces/share/my_interfaces/msg/MyMsg.idl
[2.499s] -- Installing: /home/huynn/ros2_ws/install/my_interfaces/share/my_interfaces/srv/MySrv.idl
[2.499s] -- Up-to-date: /home/huynn/ros2_ws/install/my_interfaces/share/my_interfaces/msg/MyMsg.msg
[2.499s] -- Installing: /home/huynn/ros2_ws/install/my_interfaces/share/my_interfaces/srv/MySrv.srv
[2.499s] -- Up-to-date: /home/huynn/ros2_ws/install/my_interfaces/share/ament_index/resource_index/package_run_dependencies/my_interfaces
[2.500s] -- Up-to-date: /home/huynn/ros2_ws/install/my_interfaces/share/ament_index/resource_index/parent_prefix_path/my_interfaces
[2.500s] -- Up-to-date: /home/huynn/ros2_ws/install/my_interfaces/share/my_interfaces/environment/ament_prefix_path.sh
[2.500s] -- Up-to-date: /home/huynn/ros2_ws/install/my_interfaces/share/my_interfaces/environment/ament_prefix_path.dsv
[2.500s] -- Up-to-date: /home/huynn/ros2_ws/install/my_interfaces/share/my_interfaces/environment/path.sh
[2.500s] -- Up-to-date: /home/huynn/ros2_ws/install/my_interfaces/share/my_interfaces/environment/path.dsv
[2.500s] -- Up-to-date: /home/huynn/ros2_ws/install/my_interfaces/share/my_interfaces/local_setup.bash
[2.500s] -- Up-to-date: /home/huynn/ros2_ws/install/my_interfaces/share/my_interfaces/local_setup.sh
[2.500s] -- Up-to-date: /home/huynn/ros2_ws/install/my_interfaces/share/my_interfaces/local_setup.zsh
[2.500s] -- Up-to-date: /home/huynn/ros2_ws/install/my_interfaces/share/my_interfaces/local_setup.dsv
[2.500s] -- Installing: /home/huynn/ros2_ws/install/my_interfaces/share/my_interfaces/package.dsv
[2.500s] -- Up-to-date: /home/huynn/ros2_ws/install/my_interfaces/share/ament_index/resource_index/packages/my_interfaces
[2.500s] -- Up-to-date: /home/huynn/ros2_ws/install/my_interfaces/share/my_interfaces/cmake/export_my_interfaces__rosidl_generator_cExport.cmake
[2.500s] -- Up-to-date: /home/huynn/ros2_ws/install/my_interfaces/share/my_interfaces/cmake/export_my_interfaces__rosidl_generator_cExport-noconfig.cmake
[2.500s] -- Up-to-date: /home/huynn/ros2_ws/install/my_interfaces/share/my_interfaces/cmake/export_my_interfaces__rosidl_typesupport_fastrtps_cExport.cmake
[2.500s] -- Up-to-date: /home/huynn/ros2_ws/install/my_interfaces/share/my_interfaces/cmake/export_my_interfaces__rosidl_typesupport_fastrtps_cExport-noconfig.cmake
[2.500s] -- Up-to-date: /home/huynn/ros2_ws/install/my_interfaces/share/my_interfaces/cmake/my_interfaces__rosidl_typesupport_introspection_cExport.cmake
[2.500s] -- Up-to-date: /home/huynn/ros2_ws/install/my_interfaces/share/my_interfaces/cmake/my_interfaces__rosidl_typesupport_introspection_cExport-noconfig.cmake
[2.500s] -- Up-to-date: /home/huynn/ros2_ws/install/my_interfaces/share/my_interfaces/cmake/my_interfaces__rosidl_typesupport_cExport.cmake
[2.500s] -- Up-to-date: /home/huynn/ros2_ws/install/my_interfaces/share/my_interfaces/cmake/my_interfaces__rosidl_typesupport_cExport-noconfig.cmake
[2.500s] -- Up-to-date: /home/huynn/ros2_ws/install/my_interfaces/share/my_interfaces/cmake/export_my_interfaces__rosidl_generator_cppExport.cmake
[2.500s] -- Up-to-date: /home/huynn/ros2_ws/install/my_interfaces/share/my_interfaces/cmake/export_my_interfaces__rosidl_typesupport_fastrtps_cppExport.cmake
[2.500s] -- Up-to-date: /home/huynn/ros2_ws/install/my_interfaces/share/my_interfaces/cmake/export_my_interfaces__rosidl_typesupport_fastrtps_cppExport-noconfig.cmake
[2.500s] -- Up-to-date: /home/huynn/ros2_ws/install/my_interfaces/share/my_interfaces/cmake/my_interfaces__rosidl_typesupport_introspection_cppExport.cmake
[2.501s] -- Up-to-date: /home/huynn/ros2_ws/install/my_interfaces/share/my_interfaces/cmake/my_interfaces__rosidl_typesupport_introspection_cppExport-noconfig.cmake
[2.501s] -- Up-to-date: /home/huynn/ros2_ws/install/my_interfaces/share/my_interfaces/cmake/my_interfaces__rosidl_typesupport_cppExport.cmake
[2.501s] -- Up-to-date: /home/huynn/ros2_ws/install/my_interfaces/share/my_interfaces/cmake/my_interfaces__rosidl_typesupport_cppExport-noconfig.cmake
[2.501s] -- Up-to-date: /home/huynn/ros2_ws/install/my_interfaces/share/my_interfaces/cmake/export_my_interfaces__rosidl_generator_pyExport.cmake
[2.501s] -- Up-to-date: /home/huynn/ros2_ws/install/my_interfaces/share/my_interfaces/cmake/export_my_interfaces__rosidl_generator_pyExport-noconfig.cmake
[2.501s] -- Up-to-date: /home/huynn/ros2_ws/install/my_interfaces/share/my_interfaces/cmake/rosidl_cmake-extras.cmake
[2.501s] -- Up-to-date: /home/huynn/ros2_ws/install/my_interfaces/share/my_interfaces/cmake/ament_cmake_export_dependencies-extras.cmake
[2.501s] -- Up-to-date: /home/huynn/ros2_ws/install/my_interfaces/share/my_interfaces/cmake/ament_cmake_export_include_directories-extras.cmake
[2.501s] -- Up-to-date: /home/huynn/ros2_ws/install/my_interfaces/share/my_interfaces/cmake/ament_cmake_export_libraries-extras.cmake
[2.501s] -- Up-to-date: /home/huynn/ros2_ws/install/my_interfaces/share/my_interfaces/cmake/ament_cmake_export_targets-extras.cmake
[2.501s] -- Up-to-date: /home/huynn/ros2_ws/install/my_interfaces/share/my_interfaces/cmake/rosidl_cmake_export_typesupport_targets-extras.cmake
[2.501s] -- Up-to-date: /home/huynn/ros2_ws/install/my_interfaces/share/my_interfaces/cmake/rosidl_cmake_export_typesupport_libraries-extras.cmake
[2.501s] -- Up-to-date: /home/huynn/ros2_ws/install/my_interfaces/share/my_interfaces/cmake/my_interfacesConfig.cmake
[2.501s] -- Up-to-date: /home/huynn/ros2_ws/install/my_interfaces/share/my_interfaces/cmake/my_interfacesConfig-version.cmake
[2.501s] -- Up-to-date: /home/huynn/ros2_ws/install/my_interfaces/share/my_interfaces/package.xml
[2.505s] Invoked command in '/home/huynn/ros2_ws/build/my_interfaces' returned '0': CMAKE_PREFIX_PATH=${CMAKE_PREFIX_PATH}:/home/huynn/ros2_ws/install/my_pkg:/opt/ros/jazzy DEBUGINFOD_URLS=https://debuginfod.ubuntu.com /usr/bin/cmake --install /home/huynn/ros2_ws/build/my_interfaces
