[0.058s] DEBUG:colcon:Command line arguments: ['/usr/bin/colcon', 'build', '--packages-select', 'my_interfaces']
[0.058s] DEBUG:colcon:Parsed command line arguments: Namespace(log_base=None, log_level=None, verb_name='build', build_base='build', install_base='install', merge_install=False, symlink_install=False, test_result_base=None, continue_on_error=False, executor='parallel', parallel_workers=16, event_handlers=None, ignore_user_meta=False, metas=['./colcon.meta'], base_paths=['.'], packages_ignore=None, packages_ignore_regex=None, paths=None, packages_up_to=None, packages_up_to_regex=None, packages_above=None, packages_above_and_dependencies=None, packages_above_depth=None, packages_select_by_dep=None, packages_skip_by_dep=None, packages_skip_up_to=None, packages_select_build_failed=False, packages_skip_build_finished=False, packages_select_test_failures=False, packages_skip_test_passed=False, packages_select=['my_interfaces'], packages_skip=None, packages_select_regex=None, packages_skip_regex=None, packages_start=None, packages_end=None, allow_overriding=[], cmake_args=None, cmake_target=None, cmake_target_skip_unavailable=False, cmake_clean_cache=False, cmake_clean_first=False, cmake_force_configure=False, ament_cmake_args=None, catkin_cmake_args=None, catkin_skip_building_tests=False, mixin_files=None, mixin=None, verb_parser=<colcon_mixin.mixin.mixin_argument.MixinArgumentDecorator object at 0x7983673a0b00>, verb_extension=<colcon_core.verb.build.BuildVerb object at 0x798367438a40>, main=<bound method BuildVerb.main of <colcon_core.verb.build.BuildVerb object at 0x798367438a40>>, mixin_verb=('build',))
[0.081s] Level 1:colcon.colcon_core.package_discovery:discover_packages(colcon_meta) check parameters
[0.081s] Level 1:colcon.colcon_core.package_discovery:discover_packages(recursive) check parameters
[0.081s] Level 1:colcon.colcon_core.package_discovery:discover_packages(ignore) check parameters
[0.081s] Level 1:colcon.colcon_core.package_discovery:discover_packages(path) check parameters
[0.081s] Level 1:colcon.colcon_core.package_discovery:discover_packages(colcon_meta) discover
[0.081s] Level 1:colcon.colcon_core.package_discovery:discover_packages(recursive) discover
[0.081s] INFO:colcon.colcon_core.package_discovery:Crawling recursively for packages in '/home/huynn/ros2_ws'
[0.081s] Level 1:colcon.colcon_core.package_identification:_identify(.) by extensions ['ignore', 'ignore_ament_install']
[0.081s] Level 1:colcon.colcon_core.package_identification:_identify(.) by extension 'ignore'
[0.081s] Level 1:colcon.colcon_core.package_identification:_identify(.) by extension 'ignore_ament_install'
[0.081s] Level 1:colcon.colcon_core.package_identification:_identify(.) by extensions ['colcon_pkg']
[0.081s] Level 1:colcon.colcon_core.package_identification:_identify(.) by extension 'colcon_pkg'
[0.081s] Level 1:colcon.colcon_core.package_identification:_identify(.) by extensions ['colcon_meta']
[0.081s] Level 1:colcon.colcon_core.package_identification:_identify(.) by extension 'colcon_meta'
[0.081s] Level 1:colcon.colcon_core.package_identification:_identify(.) by extensions ['ros']
[0.081s] Level 1:colcon.colcon_core.package_identification:_identify(.) by extension 'ros'
[0.096s] Level 1:colcon.colcon_core.package_identification:_identify(.) by extensions ['cmake', 'python']
[0.096s] Level 1:colcon.colcon_core.package_identification:_identify(.) by extension 'cmake'
[0.096s] Level 1:colcon.colcon_core.package_identification:_identify(.) by extension 'python'
[0.096s] Level 1:colcon.colcon_core.package_identification:_identify(.) by extensions ['python_setup_py']
[0.096s] Level 1:colcon.colcon_core.package_identification:_identify(.) by extension 'python_setup_py'
[0.096s] Level 1:colcon.colcon_core.package_identification:_identify(__pycache__) by extensions ['ignore', 'ignore_ament_install']
[0.097s] Level 1:colcon.colcon_core.package_identification:_identify(__pycache__) by extension 'ignore'
[0.097s] Level 1:colcon.colcon_core.package_identification:_identify(__pycache__) by extension 'ignore_ament_install'
[0.097s] Level 1:colcon.colcon_core.package_identification:_identify(__pycache__) by extensions ['colcon_pkg']
[0.097s] Level 1:colcon.colcon_core.package_identification:_identify(__pycache__) by extension 'colcon_pkg'
[0.097s] Level 1:colcon.colcon_core.package_identification:_identify(__pycache__) by extensions ['colcon_meta']
[0.097s] Level 1:colcon.colcon_core.package_identification:_identify(__pycache__) by extension 'colcon_meta'
[0.097s] Level 1:colcon.colcon_core.package_identification:_identify(__pycache__) by extensions ['ros']
[0.097s] Level 1:colcon.colcon_core.package_identification:_identify(__pycache__) by extension 'ros'
[0.097s] Level 1:colcon.colcon_core.package_identification:_identify(__pycache__) by extensions ['cmake', 'python']
[0.097s] Level 1:colcon.colcon_core.package_identification:_identify(__pycache__) by extension 'cmake'
[0.097s] Level 1:colcon.colcon_core.package_identification:_identify(__pycache__) by extension 'python'
[0.097s] Level 1:colcon.colcon_core.package_identification:_identify(__pycache__) by extensions ['python_setup_py']
[0.097s] Level 1:colcon.colcon_core.package_identification:_identify(__pycache__) by extension 'python_setup_py'
[0.097s] Level 1:colcon.colcon_core.package_identification:_identify(build) by extensions ['ignore', 'ignore_ament_install']
[0.097s] Level 1:colcon.colcon_core.package_identification:_identify(build) by extension 'ignore'
[0.097s] Level 1:colcon.colcon_core.package_identification:_identify(build) ignored
[0.097s] Level 1:colcon.colcon_core.package_identification:_identify(install) by extensions ['ignore', 'ignore_ament_install']
[0.097s] Level 1:colcon.colcon_core.package_identification:_identify(install) by extension 'ignore'
[0.097s] Level 1:colcon.colcon_core.package_identification:_identify(install) ignored
[0.097s] Level 1:colcon.colcon_core.package_identification:_identify(log) by extensions ['ignore', 'ignore_ament_install']
[0.097s] Level 1:colcon.colcon_core.package_identification:_identify(log) by extension 'ignore'
[0.097s] Level 1:colcon.colcon_core.package_identification:_identify(log) ignored
[0.097s] Level 1:colcon.colcon_core.package_identification:_identify(src) by extensions ['ignore', 'ignore_ament_install']
[0.097s] Level 1:colcon.colcon_core.package_identification:_identify(src) by extension 'ignore'
[0.097s] Level 1:colcon.colcon_core.package_identification:_identify(src) by extension 'ignore_ament_install'
[0.097s] Level 1:colcon.colcon_core.package_identification:_identify(src) by extensions ['colcon_pkg']
[0.097s] Level 1:colcon.colcon_core.package_identification:_identify(src) by extension 'colcon_pkg'
[0.097s] Level 1:colcon.colcon_core.package_identification:_identify(src) by extensions ['colcon_meta']
[0.097s] Level 1:colcon.colcon_core.package_identification:_identify(src) by extension 'colcon_meta'
[0.097s] Level 1:colcon.colcon_core.package_identification:_identify(src) by extensions ['ros']
[0.097s] Level 1:colcon.colcon_core.package_identification:_identify(src) by extension 'ros'
[0.097s] Level 1:colcon.colcon_core.package_identification:_identify(src) by extensions ['cmake', 'python']
[0.097s] Level 1:colcon.colcon_core.package_identification:_identify(src) by extension 'cmake'
[0.097s] Level 1:colcon.colcon_core.package_identification:_identify(src) by extension 'python'
[0.097s] Level 1:colcon.colcon_core.package_identification:_identify(src) by extensions ['python_setup_py']
[0.097s] Level 1:colcon.colcon_core.package_identification:_identify(src) by extension 'python_setup_py'
[0.097s] Level 1:colcon.colcon_core.package_identification:_identify(src/build) by extensions ['ignore', 'ignore_ament_install']
[0.097s] Level 1:colcon.colcon_core.package_identification:_identify(src/build) by extension 'ignore'
[0.097s] Level 1:colcon.colcon_core.package_identification:_identify(src/build) ignored
[0.097s] Level 1:colcon.colcon_core.package_identification:_identify(src/install) by extensions ['ignore', 'ignore_ament_install']
[0.098s] Level 1:colcon.colcon_core.package_identification:_identify(src/install) by extension 'ignore'
[0.098s] Level 1:colcon.colcon_core.package_identification:_identify(src/install) ignored
[0.098s] Level 1:colcon.colcon_core.package_identification:_identify(src/log) by extensions ['ignore', 'ignore_ament_install']
[0.098s] Level 1:colcon.colcon_core.package_identification:_identify(src/log) by extension 'ignore'
[0.098s] Level 1:colcon.colcon_core.package_identification:_identify(src/log) ignored
[0.098s] Level 1:colcon.colcon_core.package_identification:_identify(src/my_interfaces) by extensions ['ignore', 'ignore_ament_install']
[0.098s] Level 1:colcon.colcon_core.package_identification:_identify(src/my_interfaces) by extension 'ignore'
[0.098s] Level 1:colcon.colcon_core.package_identification:_identify(src/my_interfaces) by extension 'ignore_ament_install'
[0.098s] Level 1:colcon.colcon_core.package_identification:_identify(src/my_interfaces) by extensions ['colcon_pkg']
[0.098s] Level 1:colcon.colcon_core.package_identification:_identify(src/my_interfaces) by extension 'colcon_pkg'
[0.098s] Level 1:colcon.colcon_core.package_identification:_identify(src/my_interfaces) by extensions ['colcon_meta']
[0.098s] Level 1:colcon.colcon_core.package_identification:_identify(src/my_interfaces) by extension 'colcon_meta'
[0.098s] Level 1:colcon.colcon_core.package_identification:_identify(src/my_interfaces) by extensions ['ros']
[0.098s] Level 1:colcon.colcon_core.package_identification:_identify(src/my_interfaces) by extension 'ros'
[0.099s] DEBUG:colcon.colcon_core.package_identification:Package 'src/my_interfaces' with type 'ros.ament_cmake' and name 'my_interfaces'
[0.099s] Level 1:colcon.colcon_core.package_identification:_identify(src/my_pkg) by extensions ['ignore', 'ignore_ament_install']
[0.099s] Level 1:colcon.colcon_core.package_identification:_identify(src/my_pkg) by extension 'ignore'
[0.099s] Level 1:colcon.colcon_core.package_identification:_identify(src/my_pkg) by extension 'ignore_ament_install'
[0.099s] Level 1:colcon.colcon_core.package_identification:_identify(src/my_pkg) by extensions ['colcon_pkg']
[0.099s] Level 1:colcon.colcon_core.package_identification:_identify(src/my_pkg) by extension 'colcon_pkg'
[0.099s] Level 1:colcon.colcon_core.package_identification:_identify(src/my_pkg) by extensions ['colcon_meta']
[0.099s] Level 1:colcon.colcon_core.package_identification:_identify(src/my_pkg) by extension 'colcon_meta'
[0.099s] Level 1:colcon.colcon_core.package_identification:_identify(src/my_pkg) by extensions ['ros']
[0.099s] Level 1:colcon.colcon_core.package_identification:_identify(src/my_pkg) by extension 'ros'
[0.100s] DEBUG:colcon.colcon_core.package_identification:Package 'src/my_pkg' with type 'ros.ament_python' and name 'my_pkg'
[0.100s] Level 1:colcon.colcon_core.package_discovery:discover_packages(recursive) using defaults
[0.100s] Level 1:colcon.colcon_core.package_discovery:discover_packages(ignore) discover
[0.100s] Level 1:colcon.colcon_core.package_discovery:discover_packages(ignore) using defaults
[0.100s] Level 1:colcon.colcon_core.package_discovery:discover_packages(path) discover
[0.100s] Level 1:colcon.colcon_core.package_discovery:discover_packages(path) using defaults
[0.109s] INFO:colcon.colcon_core.package_selection:Skipping not selected package 'my_pkg' in 'src/my_pkg'
[0.109s] Level 1:colcon.colcon_core.package_discovery:discover_packages(prefix_path) check parameters
[0.109s] Level 1:colcon.colcon_core.package_discovery:discover_packages(prefix_path) discover
[0.110s] DEBUG:colcon.colcon_installed_package_information.package_discovery:Found 2 installed packages in /home/huynn/ros2_ws/install
[0.111s] DEBUG:colcon.colcon_installed_package_information.package_discovery:Found 285 installed packages in /opt/ros/jazzy
[0.112s] Level 1:colcon.colcon_core.package_discovery:discover_packages(prefix_path) using defaults
[0.133s] Level 5:colcon.colcon_core.verb:set package 'my_interfaces' build argument 'cmake_args' from command line to 'None'
[0.133s] Level 5:colcon.colcon_core.verb:set package 'my_interfaces' build argument 'cmake_target' from command line to 'None'
[0.133s] Level 5:colcon.colcon_core.verb:set package 'my_interfaces' build argument 'cmake_target_skip_unavailable' from command line to 'False'
[0.133s] Level 5:colcon.colcon_core.verb:set package 'my_interfaces' build argument 'cmake_clean_cache' from command line to 'False'
[0.133s] Level 5:colcon.colcon_core.verb:set package 'my_interfaces' build argument 'cmake_clean_first' from command line to 'False'
[0.133s] Level 5:colcon.colcon_core.verb:set package 'my_interfaces' build argument 'cmake_force_configure' from command line to 'False'
[0.133s] Level 5:colcon.colcon_core.verb:set package 'my_interfaces' build argument 'ament_cmake_args' from command line to 'None'
[0.133s] Level 5:colcon.colcon_core.verb:set package 'my_interfaces' build argument 'catkin_cmake_args' from command line to 'None'
[0.133s] Level 5:colcon.colcon_core.verb:set package 'my_interfaces' build argument 'catkin_skip_building_tests' from command line to 'False'
[0.133s] DEBUG:colcon.colcon_core.verb:Building package 'my_interfaces' with the following arguments: {'ament_cmake_args': None, 'build_base': '/home/huynn/ros2_ws/build/my_interfaces', 'catkin_cmake_args': None, 'catkin_skip_building_tests': False, 'cmake_args': None, 'cmake_clean_cache': False, 'cmake_clean_first': False, 'cmake_force_configure': False, 'cmake_target': None, 'cmake_target_skip_unavailable': False, 'install_base': '/home/huynn/ros2_ws/install/my_interfaces', 'merge_install': False, 'path': '/home/huynn/ros2_ws/src/my_interfaces', 'symlink_install': False, 'test_result_base': None}
[0.133s] INFO:colcon.colcon_core.executor:Executing jobs using 'parallel' executor
[0.134s] DEBUG:colcon.colcon_parallel_executor.executor.parallel:run_until_complete
[0.134s] INFO:colcon.colcon_ros.task.ament_cmake.build:Building ROS package in '/home/huynn/ros2_ws/src/my_interfaces' with build type 'ament_cmake'
[0.134s] INFO:colcon.colcon_cmake.task.cmake.build:Building CMake package in '/home/huynn/ros2_ws/src/my_interfaces'
[0.136s] INFO:colcon.colcon_core.plugin_system:Skipping extension 'colcon_core.shell.bat': Not used on non-Windows systems
[0.136s] INFO:colcon.colcon_core.shell:Skip shell extension 'powershell' for command environment: Not usable outside of PowerShell
[0.136s] DEBUG:colcon.colcon_core.shell:Skip shell extension 'dsv' for command environment
[0.144s] DEBUG:colcon.colcon_core.event_handler.log_command:Invoking command in '/home/huynn/ros2_ws/build/my_interfaces': CMAKE_PREFIX_PATH=${CMAKE_PREFIX_PATH}:/home/huynn/ros2_ws/install/my_pkg:/opt/ros/jazzy DEBUGINFOD_URLS=https://debuginfod.ubuntu.com /usr/bin/cmake --build /home/huynn/ros2_ws/build/my_interfaces -- -j16 -l16
[2.609s] DEBUG:colcon.colcon_core.event_handler.log_command:Invoked command in '/home/huynn/ros2_ws/build/my_interfaces' returned '0': CMAKE_PREFIX_PATH=${CMAKE_PREFIX_PATH}:/home/huynn/ros2_ws/install/my_pkg:/opt/ros/jazzy DEBUGINFOD_URLS=https://debuginfod.ubuntu.com /usr/bin/cmake --build /home/huynn/ros2_ws/build/my_interfaces -- -j16 -l16
[2.617s] DEBUG:colcon.colcon_core.event_handler.log_command:Invoking command in '/home/huynn/ros2_ws/build/my_interfaces': CMAKE_PREFIX_PATH=${CMAKE_PREFIX_PATH}:/home/huynn/ros2_ws/install/my_pkg:/opt/ros/jazzy DEBUGINFOD_URLS=https://debuginfod.ubuntu.com /usr/bin/cmake --install /home/huynn/ros2_ws/build/my_interfaces
[2.676s] Level 1:colcon.colcon_core.environment:create_environment_scripts_only(my_interfaces)
[2.676s] DEBUG:colcon.colcon_core.event_handler.log_command:Invoked command in '/home/huynn/ros2_ws/build/my_interfaces' returned '0': CMAKE_PREFIX_PATH=${CMAKE_PREFIX_PATH}:/home/huynn/ros2_ws/install/my_pkg:/opt/ros/jazzy DEBUGINFOD_URLS=https://debuginfod.ubuntu.com /usr/bin/cmake --install /home/huynn/ros2_ws/build/my_interfaces
[2.677s] Level 1:colcon.colcon_core.environment:checking '/home/huynn/ros2_ws/install/my_interfaces' for CMake module files
[2.677s] Level 1:colcon.colcon_core.environment:checking '/home/huynn/ros2_ws/install/my_interfaces' for CMake config files
[2.678s] Level 1:colcon.colcon_core.shell:create_environment_hook('my_interfaces', 'cmake_prefix_path')
[2.678s] INFO:colcon.colcon_core.shell:Creating environment hook '/home/huynn/ros2_ws/install/my_interfaces/share/my_interfaces/hook/cmake_prefix_path.ps1'
[2.678s] INFO:colcon.colcon_core.shell:Creating environment descriptor '/home/huynn/ros2_ws/install/my_interfaces/share/my_interfaces/hook/cmake_prefix_path.dsv'
[2.679s] INFO:colcon.colcon_core.shell:Creating environment hook '/home/huynn/ros2_ws/install/my_interfaces/share/my_interfaces/hook/cmake_prefix_path.sh'
[2.679s] Level 1:colcon.colcon_core.environment:checking '/home/huynn/ros2_ws/install/my_interfaces/lib'
[2.679s] Level 1:colcon.colcon_core.shell:create_environment_hook('my_interfaces', 'ld_library_path_lib')
[2.679s] INFO:colcon.colcon_core.shell:Creating environment hook '/home/huynn/ros2_ws/install/my_interfaces/share/my_interfaces/hook/ld_library_path_lib.ps1'
[2.680s] INFO:colcon.colcon_core.shell:Creating environment descriptor '/home/huynn/ros2_ws/install/my_interfaces/share/my_interfaces/hook/ld_library_path_lib.dsv'
[2.680s] INFO:colcon.colcon_core.shell:Creating environment hook '/home/huynn/ros2_ws/install/my_interfaces/share/my_interfaces/hook/ld_library_path_lib.sh'
[2.680s] Level 1:colcon.colcon_core.environment:checking '/home/huynn/ros2_ws/install/my_interfaces/bin'
[2.680s] Level 1:colcon.colcon_core.environment:checking '/home/huynn/ros2_ws/install/my_interfaces/lib/pkgconfig/my_interfaces.pc'
[2.680s] Level 1:colcon.colcon_core.environment:checking '/home/huynn/ros2_ws/install/my_interfaces/lib/python3.12/site-packages'
[2.680s] Level 1:colcon.colcon_core.shell:create_environment_hook('my_interfaces', 'pythonpath')
[2.680s] INFO:colcon.colcon_core.shell:Creating environment hook '/home/huynn/ros2_ws/install/my_interfaces/share/my_interfaces/hook/pythonpath.ps1'
[2.681s] INFO:colcon.colcon_core.shell:Creating environment descriptor '/home/huynn/ros2_ws/install/my_interfaces/share/my_interfaces/hook/pythonpath.dsv'
[2.681s] INFO:colcon.colcon_core.shell:Creating environment hook '/home/huynn/ros2_ws/install/my_interfaces/share/my_interfaces/hook/pythonpath.sh'
[2.681s] Level 1:colcon.colcon_core.environment:checking '/home/huynn/ros2_ws/install/my_interfaces/bin'
[2.681s] INFO:colcon.colcon_core.shell:Creating package script '/home/huynn/ros2_ws/install/my_interfaces/share/my_interfaces/package.ps1'
[2.682s] INFO:colcon.colcon_core.shell:Creating package descriptor '/home/huynn/ros2_ws/install/my_interfaces/share/my_interfaces/package.dsv'
[2.682s] INFO:colcon.colcon_core.shell:Creating package script '/home/huynn/ros2_ws/install/my_interfaces/share/my_interfaces/package.sh'
[2.682s] INFO:colcon.colcon_core.shell:Creating package script '/home/huynn/ros2_ws/install/my_interfaces/share/my_interfaces/package.bash'
[2.683s] INFO:colcon.colcon_core.shell:Creating package script '/home/huynn/ros2_ws/install/my_interfaces/share/my_interfaces/package.zsh'
[2.683s] Level 1:colcon.colcon_core.environment:create_file_with_runtime_dependencies(/home/huynn/ros2_ws/install/my_interfaces/share/colcon-core/packages/my_interfaces)
[2.683s] Level 1:colcon.colcon_core.environment:create_environment_scripts_only(my_interfaces)
[2.683s] Level 1:colcon.colcon_core.environment:checking '/home/huynn/ros2_ws/install/my_interfaces' for CMake module files
[2.684s] Level 1:colcon.colcon_core.environment:checking '/home/huynn/ros2_ws/install/my_interfaces' for CMake config files
[2.684s] Level 1:colcon.colcon_core.shell:create_environment_hook('my_interfaces', 'cmake_prefix_path')
[2.684s] INFO:colcon.colcon_core.shell:Creating environment hook '/home/huynn/ros2_ws/install/my_interfaces/share/my_interfaces/hook/cmake_prefix_path.ps1'
[2.685s] INFO:colcon.colcon_core.shell:Creating environment descriptor '/home/huynn/ros2_ws/install/my_interfaces/share/my_interfaces/hook/cmake_prefix_path.dsv'
[2.685s] INFO:colcon.colcon_core.shell:Creating environment hook '/home/huynn/ros2_ws/install/my_interfaces/share/my_interfaces/hook/cmake_prefix_path.sh'
[2.685s] Level 1:colcon.colcon_core.environment:checking '/home/huynn/ros2_ws/install/my_interfaces/lib'
[2.685s] Level 1:colcon.colcon_core.shell:create_environment_hook('my_interfaces', 'ld_library_path_lib')
[2.685s] INFO:colcon.colcon_core.shell:Creating environment hook '/home/huynn/ros2_ws/install/my_interfaces/share/my_interfaces/hook/ld_library_path_lib.ps1'
[2.685s] INFO:colcon.colcon_core.shell:Creating environment descriptor '/home/huynn/ros2_ws/install/my_interfaces/share/my_interfaces/hook/ld_library_path_lib.dsv'
[2.686s] INFO:colcon.colcon_core.shell:Creating environment hook '/home/huynn/ros2_ws/install/my_interfaces/share/my_interfaces/hook/ld_library_path_lib.sh'
[2.686s] Level 1:colcon.colcon_core.environment:checking '/home/huynn/ros2_ws/install/my_interfaces/bin'
[2.686s] Level 1:colcon.colcon_core.environment:checking '/home/huynn/ros2_ws/install/my_interfaces/lib/pkgconfig/my_interfaces.pc'
[2.686s] Level 1:colcon.colcon_core.environment:checking '/home/huynn/ros2_ws/install/my_interfaces/lib/python3.12/site-packages'
[2.686s] Level 1:colcon.colcon_core.shell:create_environment_hook('my_interfaces', 'pythonpath')
[2.686s] INFO:colcon.colcon_core.shell:Creating environment hook '/home/huynn/ros2_ws/install/my_interfaces/share/my_interfaces/hook/pythonpath.ps1'
[2.686s] INFO:colcon.colcon_core.shell:Creating environment descriptor '/home/huynn/ros2_ws/install/my_interfaces/share/my_interfaces/hook/pythonpath.dsv'
[2.687s] INFO:colcon.colcon_core.shell:Creating environment hook '/home/huynn/ros2_ws/install/my_interfaces/share/my_interfaces/hook/pythonpath.sh'
[2.687s] Level 1:colcon.colcon_core.environment:checking '/home/huynn/ros2_ws/install/my_interfaces/bin'
[2.687s] INFO:colcon.colcon_core.shell:Creating package script '/home/huynn/ros2_ws/install/my_interfaces/share/my_interfaces/package.ps1'
[2.687s] INFO:colcon.colcon_core.shell:Creating package descriptor '/home/huynn/ros2_ws/install/my_interfaces/share/my_interfaces/package.dsv'
[2.688s] INFO:colcon.colcon_core.shell:Creating package script '/home/huynn/ros2_ws/install/my_interfaces/share/my_interfaces/package.sh'
[2.688s] INFO:colcon.colcon_core.shell:Creating package script '/home/huynn/ros2_ws/install/my_interfaces/share/my_interfaces/package.bash'
[2.688s] INFO:colcon.colcon_core.shell:Creating package script '/home/huynn/ros2_ws/install/my_interfaces/share/my_interfaces/package.zsh'
[2.688s] Level 1:colcon.colcon_core.environment:create_file_with_runtime_dependencies(/home/huynn/ros2_ws/install/my_interfaces/share/colcon-core/packages/my_interfaces)
[2.688s] DEBUG:colcon.colcon_parallel_executor.executor.parallel:closing loop
[2.689s] DEBUG:colcon.colcon_parallel_executor.executor.parallel:loop closed
[2.689s] DEBUG:colcon.colcon_parallel_executor.executor.parallel:run_until_complete finished with '0'
[2.689s] DEBUG:colcon.colcon_core.event_reactor:joining thread
[2.695s] INFO:colcon.colcon_core.plugin_system:Skipping extension 'colcon_notification.desktop_notification.terminal_notifier': Not used on non-Darwin systems
[2.695s] INFO:colcon.colcon_core.plugin_system:Skipping extension 'colcon_notification.desktop_notification.win32': Not used on non-Windows systems
[2.695s] INFO:colcon.colcon_notification.desktop_notification:Sending desktop notification using 'notify2'
[2.704s] DEBUG:colcon.colcon_core.event_reactor:joined thread
[2.705s] INFO:colcon.colcon_core.shell:Creating prefix script '/home/huynn/ros2_ws/install/local_setup.ps1'
[2.705s] INFO:colcon.colcon_core.shell:Creating prefix util module '/home/huynn/ros2_ws/install/_local_setup_util_ps1.py'
[2.706s] INFO:colcon.colcon_core.shell:Creating prefix chain script '/home/huynn/ros2_ws/install/setup.ps1'
[2.707s] INFO:colcon.colcon_core.shell:Creating prefix script '/home/huynn/ros2_ws/install/local_setup.sh'
[2.707s] INFO:colcon.colcon_core.shell:Creating prefix util module '/home/huynn/ros2_ws/install/_local_setup_util_sh.py'
[2.707s] INFO:colcon.colcon_core.shell:Creating prefix chain script '/home/huynn/ros2_ws/install/setup.sh'
[2.708s] INFO:colcon.colcon_core.shell:Creating prefix script '/home/huynn/ros2_ws/install/local_setup.bash'
[2.708s] INFO:colcon.colcon_core.shell:Creating prefix chain script '/home/huynn/ros2_ws/install/setup.bash'
[2.708s] INFO:colcon.colcon_core.shell:Creating prefix script '/home/huynn/ros2_ws/install/local_setup.zsh'
[2.709s] INFO:colcon.colcon_core.shell:Creating prefix chain script '/home/huynn/ros2_ws/install/setup.zsh'
