[0.011s] Invoking command in '/home/huynn/ros2_ws/build/my_interfaces': CMAKE_PREFIX_PATH=${CMAKE_PREFIX_PATH}:/home/huynn/ros2_ws/install/my_pkg:/opt/ros/jazzy DEBUGINFOD_URLS=https://debuginfod.ubuntu.com /usr/bin/cmake --build /home/huynn/ros2_ws/build/my_interfaces -- -j16 -l16
[0.031s] -- Found ament_cmake: 2.5.4 (/opt/ros/jazzy/share/ament_cmake/cmake)
[0.050s] -- Found Python3: /usr/bin/python3 (found version "3.12.3") found components: Interpreter 
[0.100s] -- Found rosidl_default_generators: 1.6.0 (/opt/ros/jazzy/share/rosidl_default_generators/cmake)
[0.102s] -- Using all available rosidl_typesupport_c: rosidl_typesupport_fastrtps_c;rosidl_typesupport_introspection_c
[0.126s] -- Using all available rosidl_typesupport_cpp: rosidl_typesupport_fastrtps_cpp;rosidl_typesupport_introspection_cpp
[0.143s] -- Found rosidl_adapter: 4.6.6 (/opt/ros/jazzy/share/rosidl_adapter/cmake)
[0.298s] -- Found ament_cmake_ros: 0.12.0 (/opt/ros/jazzy/share/ament_cmake_ros/cmake)
[0.358s] -- Using all available rosidl_typesupport_c: rosidl_typesupport_fastrtps_c;rosidl_typesupport_introspection_c
[0.438s] -- Using all available rosidl_typesupport_cpp: rosidl_typesupport_fastrtps_cpp;rosidl_typesupport_introspection_cpp
[0.439s] -- Found python_cmake_module: 0.11.1 (/opt/ros/jazzy/share/python_cmake_module/cmake)
[0.614s] -- Found Python3: /usr/bin/python3 (found version "3.12.3") found components: Interpreter Development NumPy Development.Module Development.Embed 
[0.620s] -- Found ament_lint_auto: 0.17.3 (/opt/ros/jazzy/share/ament_lint_auto/cmake)
[0.625s] -- Added test 'lint_cmake' to check CMake code style
[0.626s] -- Added test 'xmllint' to check XML markup files
[0.627s] -- Configuring done (0.6s)
[0.648s] -- Generating done (0.0s)
[0.655s] -- Build files have been written to: /home/huynn/ros2_ws/build/my_interfaces
[0.681s] [  2%] Built target my_interfaces__rosidl_generator_type_description
[0.688s] [  2%] Built target ament_cmake_python_copy_my_interfaces
[0.696s] [  5%] Built target my_interfaces__cpp
[0.698s] [ 20%] Built target my_interfaces__rosidl_generator_c
[0.720s] [ 38%] Built target my_interfaces__rosidl_typesupport_introspection_c
[0.720s] [ 38%] Built target my_interfaces__rosidl_typesupport_c
[0.720s] [ 47%] Built target my_interfaces__rosidl_typesupport_fastrtps_c
[0.721s] [ 58%] Built target my_interfaces__rosidl_typesupport_introspection_cpp
[0.721s] [ 64%] Built target my_interfaces__rosidl_typesupport_cpp
[0.722s] [ 73%] Built target my_interfaces__rosidl_typesupport_fastrtps_cpp
[0.739s] [ 73%] Built target my_interfaces
[0.759s] [ 76%] Built target my_interfaces__py
[0.780s] [ 82%] Built target my_interfaces__rosidl_generator_py
[0.798s] [ 88%] Built target my_interfaces_s__rosidl_typesupport_fastrtps_c
[0.799s] [ 94%] Built target my_interfaces_s__rosidl_typesupport_introspection_c
[0.799s] [100%] Built target my_interfaces_s__rosidl_typesupport_c
[0.823s] running egg_info
[0.832s] writing my_interfaces.egg-info/PKG-INFO
[0.832s] writing dependency_links to my_interfaces.egg-info/dependency_links.txt
[0.832s] writing top-level names to my_interfaces.egg-info/top_level.txt
[0.860s] reading manifest file 'my_interfaces.egg-info/SOURCES.txt'
[0.860s] writing manifest file 'my_interfaces.egg-info/SOURCES.txt'
[0.880s] [100%] Built target ament_cmake_python_build_my_interfaces_egg
[0.889s] Invoked command in '/home/huynn/ros2_ws/build/my_interfaces' returned '0': CMAKE_PREFIX_PATH=${CMAKE_PREFIX_PATH}:/home/huynn/ros2_ws/install/my_pkg:/opt/ros/jazzy DEBUGINFOD_URLS=https://debuginfod.ubuntu.com /usr/bin/cmake --build /home/huynn/ros2_ws/build/my_interfaces -- -j16 -l16
[0.896s] Invoking command in '/home/huynn/ros2_ws/build/my_interfaces': CMAKE_PREFIX_PATH=${CMAKE_PREFIX_PATH}:/home/huynn/ros2_ws/install/my_pkg:/opt/ros/jazzy DEBUGINFOD_URLS=https://debuginfod.ubuntu.com /usr/bin/cmake --install /home/huynn/ros2_ws/build/my_interfaces
[0.903s] -- Install configuration: ""
[0.903s] -- Up-to-date: /home/huynn/ros2_ws/install/my_interfaces/share/ament_index/resource_index/rosidl_interfaces/my_interfaces
[0.904s] -- Up-to-date: /home/huynn/ros2_ws/install/my_interfaces/share/my_interfaces/msg/MyMsg.json
[0.904s] -- Up-to-date: /home/huynn/ros2_ws/install/my_interfaces/include/my_interfaces/my_interfaces
[0.904s] -- Up-to-date: /home/huynn/ros2_ws/install/my_interfaces/include/my_interfaces/my_interfaces/msg
[0.904s] -- Up-to-date: /home/huynn/ros2_ws/install/my_interfaces/include/my_interfaces/my_interfaces/msg/my_msg.h
[0.904s] -- Up-to-date: /home/huynn/ros2_ws/install/my_interfaces/include/my_interfaces/my_interfaces/msg/rosidl_generator_c__visibility_control.h
[0.904s] -- Up-to-date: /home/huynn/ros2_ws/install/my_interfaces/include/my_interfaces/my_interfaces/msg/detail
[0.905s] -- Up-to-date: /home/huynn/ros2_ws/install/my_interfaces/include/my_interfaces/my_interfaces/msg/detail/my_msg__type_support.c
[0.905s] -- Up-to-date: /home/huynn/ros2_ws/install/my_interfaces/include/my_interfaces/my_interfaces/msg/detail/my_msg__description.c
[0.905s] -- Up-to-date: /home/huynn/ros2_ws/install/my_interfaces/include/my_interfaces/my_interfaces/msg/detail/my_msg__type_support.h
[0.906s] -- Up-to-date: /home/huynn/ros2_ws/install/my_interfaces/include/my_interfaces/my_interfaces/msg/detail/my_msg__struct.h
[0.906s] -- Up-to-date: /home/huynn/ros2_ws/install/my_interfaces/include/my_interfaces/my_interfaces/msg/detail/my_msg__functions.c
[0.906s] -- Up-to-date: /home/huynn/ros2_ws/install/my_interfaces/include/my_interfaces/my_interfaces/msg/detail/my_msg__functions.h
[0.906s] -- Up-to-date: /home/huynn/ros2_ws/install/my_interfaces/share/my_interfaces/environment/library_path.sh
[0.906s] -- Up-to-date: /home/huynn/ros2_ws/install/my_interfaces/share/my_interfaces/environment/library_path.dsv
[0.906s] -- Up-to-date: /home/huynn/ros2_ws/install/my_interfaces/lib/libmy_interfaces__rosidl_generator_c.so
[0.906s] -- Up-to-date: /home/huynn/ros2_ws/install/my_interfaces/include/my_interfaces/my_interfaces
[0.906s] -- Up-to-date: /home/huynn/ros2_ws/install/my_interfaces/include/my_interfaces/my_interfaces/msg
[0.906s] -- Up-to-date: /home/huynn/ros2_ws/install/my_interfaces/include/my_interfaces/my_interfaces/msg/rosidl_typesupport_fastrtps_c__visibility_control.h
[0.906s] -- Up-to-date: /home/huynn/ros2_ws/install/my_interfaces/include/my_interfaces/my_interfaces/msg/detail
[0.906s] -- Up-to-date: /home/huynn/ros2_ws/install/my_interfaces/include/my_interfaces/my_interfaces/msg/detail/my_msg__rosidl_typesupport_fastrtps_c.h
[0.906s] -- Up-to-date: /home/huynn/ros2_ws/install/my_interfaces/lib/libmy_interfaces__rosidl_typesupport_fastrtps_c.so
[0.906s] -- Up-to-date: /home/huynn/ros2_ws/install/my_interfaces/include/my_interfaces/my_interfaces
[0.906s] -- Up-to-date: /home/huynn/ros2_ws/install/my_interfaces/include/my_interfaces/my_interfaces/msg
[0.907s] -- Up-to-date: /home/huynn/ros2_ws/install/my_interfaces/include/my_interfaces/my_interfaces/msg/rosidl_typesupport_introspection_c__visibility_control.h
[0.907s] -- Up-to-date: /home/huynn/ros2_ws/install/my_interfaces/include/my_interfaces/my_interfaces/msg/detail
[0.907s] -- Up-to-date: /home/huynn/ros2_ws/install/my_interfaces/include/my_interfaces/my_interfaces/msg/detail/my_msg__rosidl_typesupport_introspection_c.h
[0.907s] -- Up-to-date: /home/huynn/ros2_ws/install/my_interfaces/include/my_interfaces/my_interfaces/msg/detail/my_msg__type_support.c
[0.907s] -- Up-to-date: /home/huynn/ros2_ws/install/my_interfaces/lib/libmy_interfaces__rosidl_typesupport_introspection_c.so
[0.907s] -- Up-to-date: /home/huynn/ros2_ws/install/my_interfaces/lib/libmy_interfaces__rosidl_typesupport_c.so
[0.907s] -- Up-to-date: /home/huynn/ros2_ws/install/my_interfaces/include/my_interfaces/my_interfaces
[0.907s] -- Up-to-date: /home/huynn/ros2_ws/install/my_interfaces/include/my_interfaces/my_interfaces/msg
[0.907s] -- Up-to-date: /home/huynn/ros2_ws/install/my_interfaces/include/my_interfaces/my_interfaces/msg/my_msg.hpp
[0.907s] -- Up-to-date: /home/huynn/ros2_ws/install/my_interfaces/include/my_interfaces/my_interfaces/msg/rosidl_generator_cpp__visibility_control.hpp
[0.907s] -- Up-to-date: /home/huynn/ros2_ws/install/my_interfaces/include/my_interfaces/my_interfaces/msg/detail
[0.907s] -- Up-to-date: /home/huynn/ros2_ws/install/my_interfaces/include/my_interfaces/my_interfaces/msg/detail/my_msg__builder.hpp
[0.907s] -- Up-to-date: /home/huynn/ros2_ws/install/my_interfaces/include/my_interfaces/my_interfaces/msg/detail/my_msg__struct.hpp
[0.908s] -- Up-to-date: /home/huynn/ros2_ws/install/my_interfaces/include/my_interfaces/my_interfaces/msg/detail/my_msg__traits.hpp
[0.908s] -- Up-to-date: /home/huynn/ros2_ws/install/my_interfaces/include/my_interfaces/my_interfaces/msg/detail/my_msg__type_support.hpp
[0.908s] -- Up-to-date: /home/huynn/ros2_ws/install/my_interfaces/include/my_interfaces/my_interfaces
[0.908s] -- Up-to-date: /home/huynn/ros2_ws/install/my_interfaces/include/my_interfaces/my_interfaces/msg
[0.908s] -- Up-to-date: /home/huynn/ros2_ws/install/my_interfaces/include/my_interfaces/my_interfaces/msg/rosidl_typesupport_fastrtps_cpp__visibility_control.h
[0.908s] -- Up-to-date: /home/huynn/ros2_ws/install/my_interfaces/include/my_interfaces/my_interfaces/msg/detail
[0.908s] -- Up-to-date: /home/huynn/ros2_ws/install/my_interfaces/include/my_interfaces/my_interfaces/msg/detail/my_msg__rosidl_typesupport_fastrtps_cpp.hpp
[0.908s] -- Up-to-date: /home/huynn/ros2_ws/install/my_interfaces/include/my_interfaces/my_interfaces/msg/detail/dds_fastrtps
[0.908s] -- Up-to-date: /home/huynn/ros2_ws/install/my_interfaces/lib/libmy_interfaces__rosidl_typesupport_fastrtps_cpp.so
[0.908s] -- Up-to-date: /home/huynn/ros2_ws/install/my_interfaces/include/my_interfaces/my_interfaces
[0.908s] -- Up-to-date: /home/huynn/ros2_ws/install/my_interfaces/include/my_interfaces/my_interfaces/msg
[0.908s] -- Up-to-date: /home/huynn/ros2_ws/install/my_interfaces/include/my_interfaces/my_interfaces/msg/detail
[0.908s] -- Up-to-date: /home/huynn/ros2_ws/install/my_interfaces/include/my_interfaces/my_interfaces/msg/detail/my_msg__type_support.cpp
[0.908s] -- Up-to-date: /home/huynn/ros2_ws/install/my_interfaces/include/my_interfaces/my_interfaces/msg/detail/my_msg__rosidl_typesupport_introspection_cpp.hpp
[0.908s] -- Up-to-date: /home/huynn/ros2_ws/install/my_interfaces/lib/libmy_interfaces__rosidl_typesupport_introspection_cpp.so
[0.908s] -- Up-to-date: /home/huynn/ros2_ws/install/my_interfaces/lib/libmy_interfaces__rosidl_typesupport_cpp.so
[0.908s] -- Up-to-date: /home/huynn/ros2_ws/install/my_interfaces/share/my_interfaces/environment/pythonpath.sh
[0.908s] -- Up-to-date: /home/huynn/ros2_ws/install/my_interfaces/share/my_interfaces/environment/pythonpath.dsv
[0.909s] -- Up-to-date: /home/huynn/ros2_ws/install/my_interfaces/lib/python3.12/site-packages/my_interfaces-0.0.0-py3.12.egg-info
[0.909s] -- Installing: /home/huynn/ros2_ws/install/my_interfaces/lib/python3.12/site-packages/my_interfaces-0.0.0-py3.12.egg-info/PKG-INFO
[0.909s] -- Installing: /home/huynn/ros2_ws/install/my_interfaces/lib/python3.12/site-packages/my_interfaces-0.0.0-py3.12.egg-info/top_level.txt
[0.909s] -- Installing: /home/huynn/ros2_ws/install/my_interfaces/lib/python3.12/site-packages/my_interfaces-0.0.0-py3.12.egg-info/dependency_links.txt
[0.909s] -- Installing: /home/huynn/ros2_ws/install/my_interfaces/lib/python3.12/site-packages/my_interfaces-0.0.0-py3.12.egg-info/SOURCES.txt
[0.909s] -- Up-to-date: /home/huynn/ros2_ws/install/my_interfaces/lib/python3.12/site-packages/my_interfaces
[0.909s] -- Installing: /home/huynn/ros2_ws/install/my_interfaces/lib/python3.12/site-packages/my_interfaces/__init__.py
[0.909s] -- Up-to-date: /home/huynn/ros2_ws/install/my_interfaces/lib/python3.12/site-packages/my_interfaces/_my_interfaces_s.ep.rosidl_typesupport_fastrtps_c.c
[0.909s] -- Up-to-date: /home/huynn/ros2_ws/install/my_interfaces/lib/python3.12/site-packages/my_interfaces/my_interfaces_s__rosidl_typesupport_c.so
[0.909s] -- Up-to-date: /home/huynn/ros2_ws/install/my_interfaces/lib/python3.12/site-packages/my_interfaces/my_interfaces_s__rosidl_typesupport_fastrtps_c.so
[0.909s] -- Up-to-date: /home/huynn/ros2_ws/install/my_interfaces/lib/python3.12/site-packages/my_interfaces/my_interfaces_s__rosidl_typesupport_introspection_c.so
[0.909s] -- Up-to-date: /home/huynn/ros2_ws/install/my_interfaces/lib/python3.12/site-packages/my_interfaces/_my_interfaces_s.ep.rosidl_typesupport_introspection_c.c
[0.909s] -- Up-to-date: /home/huynn/ros2_ws/install/my_interfaces/lib/python3.12/site-packages/my_interfaces/_my_interfaces_s.ep.rosidl_typesupport_c.c
[0.909s] -- Up-to-date: /home/huynn/ros2_ws/install/my_interfaces/lib/python3.12/site-packages/my_interfaces/msg
[0.909s] -- Up-to-date: /home/huynn/ros2_ws/install/my_interfaces/lib/python3.12/site-packages/my_interfaces/msg/__init__.py
[0.909s] -- Up-to-date: /home/huynn/ros2_ws/install/my_interfaces/lib/python3.12/site-packages/my_interfaces/msg/_my_msg_s.c
[0.909s] -- Up-to-date: /home/huynn/ros2_ws/install/my_interfaces/lib/python3.12/site-packages/my_interfaces/msg/_my_msg.py
[0.935s] Listing '/home/huynn/ros2_ws/install/my_interfaces/lib/python3.12/site-packages/my_interfaces'...
[0.935s] Compiling '/home/huynn/ros2_ws/install/my_interfaces/lib/python3.12/site-packages/my_interfaces/__init__.py'...
[0.935s] Listing '/home/huynn/ros2_ws/install/my_interfaces/lib/python3.12/site-packages/my_interfaces/msg'...
[0.938s] -- Up-to-date: /home/huynn/ros2_ws/install/my_interfaces/lib/python3.12/site-packages/my_interfaces/my_interfaces_s__rosidl_typesupport_fastrtps_c.so
[0.938s] -- Up-to-date: /home/huynn/ros2_ws/install/my_interfaces/lib/python3.12/site-packages/my_interfaces/my_interfaces_s__rosidl_typesupport_introspection_c.so
[0.939s] -- Up-to-date: /home/huynn/ros2_ws/install/my_interfaces/lib/python3.12/site-packages/my_interfaces/my_interfaces_s__rosidl_typesupport_c.so
[0.939s] -- Up-to-date: /home/huynn/ros2_ws/install/my_interfaces/lib/libmy_interfaces__rosidl_generator_py.so
[0.939s] -- Up-to-date: /home/huynn/ros2_ws/install/my_interfaces/share/my_interfaces/msg/MyMsg.idl
[0.939s] -- Up-to-date: /home/huynn/ros2_ws/install/my_interfaces/share/my_interfaces/msg/MyMsg.msg
[0.939s] -- Up-to-date: /home/huynn/ros2_ws/install/my_interfaces/share/ament_index/resource_index/package_run_dependencies/my_interfaces
[0.939s] -- Installing: /home/huynn/ros2_ws/install/my_interfaces/share/ament_index/resource_index/parent_prefix_path/my_interfaces
[0.939s] -- Up-to-date: /home/huynn/ros2_ws/install/my_interfaces/share/my_interfaces/environment/ament_prefix_path.sh
[0.939s] -- Up-to-date: /home/huynn/ros2_ws/install/my_interfaces/share/my_interfaces/environment/ament_prefix_path.dsv
[0.939s] -- Up-to-date: /home/huynn/ros2_ws/install/my_interfaces/share/my_interfaces/environment/path.sh
[0.939s] -- Up-to-date: /home/huynn/ros2_ws/install/my_interfaces/share/my_interfaces/environment/path.dsv
[0.940s] -- Up-to-date: /home/huynn/ros2_ws/install/my_interfaces/share/my_interfaces/local_setup.bash
[0.940s] -- Up-to-date: /home/huynn/ros2_ws/install/my_interfaces/share/my_interfaces/local_setup.sh
[0.940s] -- Up-to-date: /home/huynn/ros2_ws/install/my_interfaces/share/my_interfaces/local_setup.zsh
[0.940s] -- Up-to-date: /home/huynn/ros2_ws/install/my_interfaces/share/my_interfaces/local_setup.dsv
[0.940s] -- Installing: /home/huynn/ros2_ws/install/my_interfaces/share/my_interfaces/package.dsv
[0.940s] -- Up-to-date: /home/huynn/ros2_ws/install/my_interfaces/share/ament_index/resource_index/packages/my_interfaces
[0.940s] -- Up-to-date: /home/huynn/ros2_ws/install/my_interfaces/share/my_interfaces/cmake/export_my_interfaces__rosidl_generator_cExport.cmake
[0.940s] -- Up-to-date: /home/huynn/ros2_ws/install/my_interfaces/share/my_interfaces/cmake/export_my_interfaces__rosidl_generator_cExport-noconfig.cmake
[0.940s] -- Up-to-date: /home/huynn/ros2_ws/install/my_interfaces/share/my_interfaces/cmake/export_my_interfaces__rosidl_typesupport_fastrtps_cExport.cmake
[0.940s] -- Up-to-date: /home/huynn/ros2_ws/install/my_interfaces/share/my_interfaces/cmake/export_my_interfaces__rosidl_typesupport_fastrtps_cExport-noconfig.cmake
[0.940s] -- Up-to-date: /home/huynn/ros2_ws/install/my_interfaces/share/my_interfaces/cmake/my_interfaces__rosidl_typesupport_introspection_cExport.cmake
[0.940s] -- Up-to-date: /home/huynn/ros2_ws/install/my_interfaces/share/my_interfaces/cmake/my_interfaces__rosidl_typesupport_introspection_cExport-noconfig.cmake
[0.940s] -- Up-to-date: /home/huynn/ros2_ws/install/my_interfaces/share/my_interfaces/cmake/my_interfaces__rosidl_typesupport_cExport.cmake
[0.940s] -- Up-to-date: /home/huynn/ros2_ws/install/my_interfaces/share/my_interfaces/cmake/my_interfaces__rosidl_typesupport_cExport-noconfig.cmake
[0.940s] -- Up-to-date: /home/huynn/ros2_ws/install/my_interfaces/share/my_interfaces/cmake/export_my_interfaces__rosidl_generator_cppExport.cmake
[0.940s] -- Up-to-date: /home/huynn/ros2_ws/install/my_interfaces/share/my_interfaces/cmake/export_my_interfaces__rosidl_typesupport_fastrtps_cppExport.cmake
[0.940s] -- Up-to-date: /home/huynn/ros2_ws/install/my_interfaces/share/my_interfaces/cmake/export_my_interfaces__rosidl_typesupport_fastrtps_cppExport-noconfig.cmake
[0.941s] -- Up-to-date: /home/huynn/ros2_ws/install/my_interfaces/share/my_interfaces/cmake/my_interfaces__rosidl_typesupport_introspection_cppExport.cmake
[0.941s] -- Up-to-date: /home/huynn/ros2_ws/install/my_interfaces/share/my_interfaces/cmake/my_interfaces__rosidl_typesupport_introspection_cppExport-noconfig.cmake
[0.941s] -- Up-to-date: /home/huynn/ros2_ws/install/my_interfaces/share/my_interfaces/cmake/my_interfaces__rosidl_typesupport_cppExport.cmake
[0.941s] -- Up-to-date: /home/huynn/ros2_ws/install/my_interfaces/share/my_interfaces/cmake/my_interfaces__rosidl_typesupport_cppExport-noconfig.cmake
[0.941s] -- Up-to-date: /home/huynn/ros2_ws/install/my_interfaces/share/my_interfaces/cmake/export_my_interfaces__rosidl_generator_pyExport.cmake
[0.941s] -- Up-to-date: /home/huynn/ros2_ws/install/my_interfaces/share/my_interfaces/cmake/export_my_interfaces__rosidl_generator_pyExport-noconfig.cmake
[0.941s] -- Up-to-date: /home/huynn/ros2_ws/install/my_interfaces/share/my_interfaces/cmake/rosidl_cmake-extras.cmake
[0.941s] -- Up-to-date: /home/huynn/ros2_ws/install/my_interfaces/share/my_interfaces/cmake/ament_cmake_export_include_directories-extras.cmake
[0.941s] -- Up-to-date: /home/huynn/ros2_ws/install/my_interfaces/share/my_interfaces/cmake/ament_cmake_export_libraries-extras.cmake
[0.941s] -- Up-to-date: /home/huynn/ros2_ws/install/my_interfaces/share/my_interfaces/cmake/ament_cmake_export_targets-extras.cmake
[0.941s] -- Up-to-date: /home/huynn/ros2_ws/install/my_interfaces/share/my_interfaces/cmake/rosidl_cmake_export_typesupport_targets-extras.cmake
[0.941s] -- Up-to-date: /home/huynn/ros2_ws/install/my_interfaces/share/my_interfaces/cmake/ament_cmake_export_dependencies-extras.cmake
[0.941s] -- Up-to-date: /home/huynn/ros2_ws/install/my_interfaces/share/my_interfaces/cmake/rosidl_cmake_export_typesupport_libraries-extras.cmake
[0.941s] -- Up-to-date: /home/huynn/ros2_ws/install/my_interfaces/share/my_interfaces/cmake/my_interfacesConfig.cmake
[0.941s] -- Up-to-date: /home/huynn/ros2_ws/install/my_interfaces/share/my_interfaces/cmake/my_interfacesConfig-version.cmake
[0.941s] -- Installing: /home/huynn/ros2_ws/install/my_interfaces/share/my_interfaces/package.xml
[0.943s] Invoked command in '/home/huynn/ros2_ws/build/my_interfaces' returned '0': CMAKE_PREFIX_PATH=${CMAKE_PREFIX_PATH}:/home/huynn/ros2_ws/install/my_pkg:/opt/ros/jazzy DEBUGINFOD_URLS=https://debuginfod.ubuntu.com /usr/bin/cmake --install /home/huynn/ros2_ws/build/my_interfaces
