[0.016s] Invoking command in '/home/huynn/ros2_ws/build/my_interfaces': CMAKE_PREFIX_PATH=${CMAKE_PREFIX_PATH}:/home/huynn/ros2_ws/install/my_pkg:/opt/ros/jazzy DEBUGINFOD_URLS=https://debuginfod.ubuntu.com /usr/bin/cmake --build /home/huynn/ros2_ws/build/my_interfaces -- -j16 -l16
[0.058s] -- Found ament_cmake: 2.5.4 (/opt/ros/jazzy/share/ament_cmake/cmake)
[0.080s] -- Found Python3: /usr/bin/python3 (found version "3.12.3") found components: Interpreter 
[0.150s] -- Found rosidl_default_generators: 1.6.0 (/opt/ros/jazzy/share/rosidl_default_generators/cmake)
[0.152s] -- Using all available rosidl_typesupport_c: rosidl_typesupport_fastrtps_c;rosidl_typesupport_introspection_c
[0.182s] -- Using all available rosidl_typesupport_cpp: rosidl_typesupport_fastrtps_cpp;rosidl_typesupport_introspection_cpp
[0.208s] -- Found rosidl_adapter: 4.6.6 (/opt/ros/jazzy/share/rosidl_adapter/cmake)
[0.427s] -- Found ament_cmake_ros: 0.12.0 (/opt/ros/jazzy/share/ament_cmake_ros/cmake)
[0.508s] -- Using all available rosidl_typesupport_c: rosidl_typesupport_fastrtps_c;rosidl_typesupport_introspection_c
[0.614s] -- Using all available rosidl_typesupport_cpp: rosidl_typesupport_fastrtps_cpp;rosidl_typesupport_introspection_cpp
[0.615s] -- Found python_cmake_module: 0.11.1 (/opt/ros/jazzy/share/python_cmake_module/cmake)
[0.864s] -- Found Python3: /usr/bin/python3 (found version "3.12.3") found components: Interpreter Development NumPy Development.Module Development.Embed 
[0.875s] -- Found ament_lint_auto: 0.17.3 (/opt/ros/jazzy/share/ament_lint_auto/cmake)
[0.888s] -- Added test 'lint_cmake' to check CMake code style
[0.890s] -- Added test 'xmllint' to check XML markup files
[0.892s] -- Configuring done (0.8s)
[0.936s] -- Generating done (0.0s)
[0.945s] -- Build files have been written to: /home/huynn/ros2_ws/build/my_interfaces
[0.983s] [  2%] [34m[1mGenerating type hashes for ROS interfaces[0m
[0.995s] [  2%] Built target ament_cmake_python_copy_my_interfaces
[1.152s] [  2%] Built target my_interfaces__rosidl_generator_type_description
[1.153s] running egg_info
[1.162s] [  4%] [34m[1mGenerating C code for ROS interfaces[0m
[1.166s] writing my_interfaces.egg-info/PKG-INFO
[1.166s] writing dependency_links to my_interfaces.egg-info/dependency_links.txt
[1.166s] writing top-level names to my_interfaces.egg-info/top_level.txt
[1.173s] [  6%] [34m[1mGenerating C++ code for ROS interfaces[0m
[1.204s] reading manifest file 'my_interfaces.egg-info/SOURCES.txt'
[1.205s] writing manifest file 'my_interfaces.egg-info/SOURCES.txt'
[1.239s] [  6%] Built target ament_cmake_python_build_my_interfaces_egg
[1.396s] [  6%] Built target my_interfaces__cpp
[1.438s] [ 20%] [32mBuilding C object CMakeFiles/my_interfaces__rosidl_generator_c.dir/rosidl_generator_c/my_interfaces/srv/detail/my_srv__functions.c.o[0m
[1.438s] [ 20%] [32mBuilding C object CMakeFiles/my_interfaces__rosidl_generator_c.dir/rosidl_generator_c/my_interfaces/srv/detail/my_srv__type_support.c.o[0m
[1.438s] [ 20%] [32mBuilding C object CMakeFiles/my_interfaces__rosidl_generator_c.dir/rosidl_generator_c/my_interfaces/srv/detail/my_srv__description.c.o[0m
[1.439s] [ 20%] [32mBuilding C object CMakeFiles/my_interfaces__rosidl_generator_c.dir/rosidl_generator_c/my_interfaces/msg/detail/my_msg__functions.c.o[0m
[1.439s] [ 20%] [32mBuilding C object CMakeFiles/my_interfaces__rosidl_generator_c.dir/rosidl_generator_c/my_interfaces/msg/detail/my_msg__description.c.o[0m
[1.439s] [ 20%] [32mBuilding C object CMakeFiles/my_interfaces__rosidl_generator_c.dir/rosidl_generator_c/my_interfaces/msg/detail/my_msg__type_support.c.o[0m
[1.515s] [ 22%] [32m[1mLinking C shared library libmy_interfaces__rosidl_generator_c.so[0m
[1.559s] [ 22%] Built target my_interfaces__rosidl_generator_c
[1.571s] [ 34%] [34m[1mGenerating C++ type support for eProsima Fast-RTPS[0m
[1.571s] [ 34%] [34m[1mGenerating C type support for eProsima Fast-RTPS[0m
[1.571s] [ 34%] [34m[1mGenerating C type support dispatch for ROS interfaces[0m
[1.571s] [ 36%] [34m[1mGenerating C introspection for ROS interfaces[0m
[1.571s] [ 36%] [34m[1mGenerating C++ type support dispatch for ROS interfaces[0m
[1.571s] [ 36%] [34m[1mGenerating C++ introspection for ROS interfaces[0m
[1.843s] [ 38%] [32mBuilding CXX object CMakeFiles/my_interfaces__rosidl_typesupport_c.dir/rosidl_typesupport_c/my_interfaces/msg/my_msg__type_support.cpp.o[0m
[1.845s] [ 40%] [32mBuilding CXX object CMakeFiles/my_interfaces__rosidl_typesupport_c.dir/rosidl_typesupport_c/my_interfaces/srv/my_srv__type_support.cpp.o[0m
[1.848s] [ 43%] [32mBuilding CXX object CMakeFiles/my_interfaces__rosidl_typesupport_cpp.dir/rosidl_typesupport_cpp/my_interfaces/srv/my_srv__type_support.cpp.o[0m
[1.848s] [ 45%] [32mBuilding CXX object CMakeFiles/my_interfaces__rosidl_typesupport_cpp.dir/rosidl_typesupport_cpp/my_interfaces/msg/my_msg__type_support.cpp.o[0m
[1.879s] [ 50%] [32mBuilding CXX object CMakeFiles/my_interfaces__rosidl_typesupport_introspection_cpp.dir/rosidl_typesupport_introspection_cpp/my_interfaces/srv/detail/my_srv__type_support.cpp.o[0m
[1.879s] [ 50%] [32mBuilding CXX object CMakeFiles/my_interfaces__rosidl_typesupport_introspection_cpp.dir/rosidl_typesupport_introspection_cpp/my_interfaces/msg/detail/my_msg__type_support.cpp.o[0m
[1.888s] [ 54%] [32mBuilding C object CMakeFiles/my_interfaces__rosidl_typesupport_introspection_c.dir/rosidl_typesupport_introspection_c/my_interfaces/msg/detail/my_msg__type_support.c.o[0m
[1.888s] [ 54%] [32mBuilding C object CMakeFiles/my_interfaces__rosidl_typesupport_introspection_c.dir/rosidl_typesupport_introspection_c/my_interfaces/srv/detail/my_srv__type_support.c.o[0m
[1.935s] [ 56%] [32m[1mLinking CXX shared library libmy_interfaces__rosidl_typesupport_c.so[0m
[1.944s] [ 61%] [32mBuilding CXX object CMakeFiles/my_interfaces__rosidl_typesupport_fastrtps_cpp.dir/rosidl_typesupport_fastrtps_cpp/my_interfaces/msg/detail/dds_fastrtps/my_msg__type_support.cpp.o[0m
[1.944s] [ 61%] [32mBuilding CXX object CMakeFiles/my_interfaces__rosidl_typesupport_fastrtps_cpp.dir/rosidl_typesupport_fastrtps_cpp/my_interfaces/srv/detail/dds_fastrtps/my_srv__type_support.cpp.o[0m
[1.956s] [ 65%] [32mBuilding CXX object CMakeFiles/my_interfaces__rosidl_typesupport_fastrtps_c.dir/rosidl_typesupport_fastrtps_c/my_interfaces/srv/detail/my_srv__type_support_c.cpp.o[0m
[1.956s] [ 65%] [32m[1mLinking C shared library libmy_interfaces__rosidl_typesupport_introspection_c.so[0m
[1.956s] [ 68%] [32mBuilding CXX object CMakeFiles/my_interfaces__rosidl_typesupport_fastrtps_c.dir/rosidl_typesupport_fastrtps_c/my_interfaces/msg/detail/my_msg__type_support_c.cpp.o[0m
[1.992s] [ 68%] Built target my_interfaces__rosidl_typesupport_c
[2.006s] [ 68%] Built target my_interfaces__rosidl_typesupport_introspection_c
[2.338s] [ 70%] [32m[1mLinking CXX shared library libmy_interfaces__rosidl_typesupport_cpp.so[0m
[2.367s] [ 72%] [32m[1mLinking CXX shared library libmy_interfaces__rosidl_typesupport_introspection_cpp.so[0m
[2.442s] [ 72%] Built target my_interfaces__rosidl_typesupport_cpp
[2.467s] [ 72%] Built target my_interfaces__rosidl_typesupport_introspection_cpp
[2.487s] [ 75%] [32m[1mLinking CXX shared library libmy_interfaces__rosidl_typesupport_fastrtps_c.so[0m
[2.554s] [ 75%] Built target my_interfaces__rosidl_typesupport_fastrtps_c
[2.595s] [ 77%] [32m[1mLinking CXX shared library libmy_interfaces__rosidl_typesupport_fastrtps_cpp.so[0m
[2.660s] [ 77%] Built target my_interfaces__rosidl_typesupport_fastrtps_cpp
[2.680s] [ 77%] Built target my_interfaces
[2.699s] [ 79%] [34m[1mGenerating Python code for ROS interfaces[0m
[2.966s] [ 79%] Built target my_interfaces__py
[2.993s] [ 84%] [32mBuilding C object CMakeFiles/my_interfaces__rosidl_generator_py.dir/rosidl_generator_py/my_interfaces/msg/_my_msg_s.c.o[0m
[2.993s] [ 84%] [32mBuilding C object CMakeFiles/my_interfaces__rosidl_generator_py.dir/rosidl_generator_py/my_interfaces/srv/_my_srv_s.c.o[0m
[3.122s] [ 86%] [32m[1mLinking C shared library libmy_interfaces__rosidl_generator_py.so[0m
[3.158s] [ 86%] Built target my_interfaces__rosidl_generator_py
[3.180s] [ 93%] [32mBuilding C object CMakeFiles/my_interfaces_s__rosidl_typesupport_fastrtps_c.dir/rosidl_generator_py/my_interfaces/_my_interfaces_s.ep.rosidl_typesupport_fastrtps_c.c.o[0m
[3.180s] [ 93%] [32mBuilding C object CMakeFiles/my_interfaces_s__rosidl_typesupport_introspection_c.dir/rosidl_generator_py/my_interfaces/_my_interfaces_s.ep.rosidl_typesupport_introspection_c.c.o[0m
[3.180s] [ 93%] [32mBuilding C object CMakeFiles/my_interfaces_s__rosidl_typesupport_c.dir/rosidl_generator_py/my_interfaces/_my_interfaces_s.ep.rosidl_typesupport_c.c.o[0m
[3.271s] [ 97%] [32m[1mLinking C shared module rosidl_generator_py/my_interfaces/my_interfaces_s__rosidl_typesupport_c.so[0m
[3.271s] [ 97%] [32m[1mLinking C shared module rosidl_generator_py/my_interfaces/my_interfaces_s__rosidl_typesupport_introspection_c.so[0m
[3.276s] [100%] [32m[1mLinking C shared module rosidl_generator_py/my_interfaces/my_interfaces_s__rosidl_typesupport_fastrtps_c.so[0m
[3.301s] [100%] Built target my_interfaces_s__rosidl_typesupport_c
[3.301s] [100%] Built target my_interfaces_s__rosidl_typesupport_introspection_c
[3.306s] [100%] Built target my_interfaces_s__rosidl_typesupport_fastrtps_c
[3.320s] Invoked command in '/home/huynn/ros2_ws/build/my_interfaces' returned '0': CMAKE_PREFIX_PATH=${CMAKE_PREFIX_PATH}:/home/huynn/ros2_ws/install/my_pkg:/opt/ros/jazzy DEBUGINFOD_URLS=https://debuginfod.ubuntu.com /usr/bin/cmake --build /home/huynn/ros2_ws/build/my_interfaces -- -j16 -l16
[3.329s] Invoking command in '/home/huynn/ros2_ws/build/my_interfaces': CMAKE_PREFIX_PATH=${CMAKE_PREFIX_PATH}:/home/huynn/ros2_ws/install/my_pkg:/opt/ros/jazzy DEBUGINFOD_URLS=https://debuginfod.ubuntu.com /usr/bin/cmake --install /home/huynn/ros2_ws/build/my_interfaces
[3.336s] -- Install configuration: ""
[3.336s] -- Up-to-date: /home/huynn/ros2_ws/install/my_interfaces/share/ament_index/resource_index/rosidl_interfaces/my_interfaces
[3.336s] -- Installing: /home/huynn/ros2_ws/install/my_interfaces/share/my_interfaces/msg/MyMsg.json
[3.336s] -- Installing: /home/huynn/ros2_ws/install/my_interfaces/share/my_interfaces/srv/MySrv.json
[3.336s] -- Up-to-date: /home/huynn/ros2_ws/install/my_interfaces/include/my_interfaces/my_interfaces
[3.336s] -- Up-to-date: /home/huynn/ros2_ws/install/my_interfaces/include/my_interfaces/my_interfaces/srv
[3.336s] -- Installing: /home/huynn/ros2_ws/install/my_interfaces/include/my_interfaces/my_interfaces/srv/my_srv.h
[3.336s] -- Up-to-date: /home/huynn/ros2_ws/install/my_interfaces/include/my_interfaces/my_interfaces/srv/detail
[3.336s] -- Installing: /home/huynn/ros2_ws/install/my_interfaces/include/my_interfaces/my_interfaces/srv/detail/my_srv__type_support.h
[3.336s] -- Installing: /home/huynn/ros2_ws/install/my_interfaces/include/my_interfaces/my_interfaces/srv/detail/my_srv__functions.c
[3.336s] -- Installing: /home/huynn/ros2_ws/install/my_interfaces/include/my_interfaces/my_interfaces/srv/detail/my_srv__description.c
[3.337s] -- Installing: /home/huynn/ros2_ws/install/my_interfaces/include/my_interfaces/my_interfaces/srv/detail/my_srv__type_support.c
[3.337s] -- Installing: /home/huynn/ros2_ws/install/my_interfaces/include/my_interfaces/my_interfaces/srv/detail/my_srv__struct.h
[3.337s] -- Installing: /home/huynn/ros2_ws/install/my_interfaces/include/my_interfaces/my_interfaces/srv/detail/my_srv__functions.h
[3.337s] -- Up-to-date: /home/huynn/ros2_ws/install/my_interfaces/include/my_interfaces/my_interfaces/msg
[3.337s] -- Installing: /home/huynn/ros2_ws/install/my_interfaces/include/my_interfaces/my_interfaces/msg/my_msg.h
[3.337s] -- Up-to-date: /home/huynn/ros2_ws/install/my_interfaces/include/my_interfaces/my_interfaces/msg/rosidl_generator_c__visibility_control.h
[3.337s] -- Up-to-date: /home/huynn/ros2_ws/install/my_interfaces/include/my_interfaces/my_interfaces/msg/detail
[3.337s] -- Installing: /home/huynn/ros2_ws/install/my_interfaces/include/my_interfaces/my_interfaces/msg/detail/my_msg__type_support.c
[3.337s] -- Installing: /home/huynn/ros2_ws/install/my_interfaces/include/my_interfaces/my_interfaces/msg/detail/my_msg__description.c
[3.337s] -- Installing: /home/huynn/ros2_ws/install/my_interfaces/include/my_interfaces/my_interfaces/msg/detail/my_msg__type_support.h
[3.337s] -- Installing: /home/huynn/ros2_ws/install/my_interfaces/include/my_interfaces/my_interfaces/msg/detail/my_msg__struct.h
[3.338s] -- Installing: /home/huynn/ros2_ws/install/my_interfaces/include/my_interfaces/my_interfaces/msg/detail/my_msg__functions.c
[3.338s] -- Installing: /home/huynn/ros2_ws/install/my_interfaces/include/my_interfaces/my_interfaces/msg/detail/my_msg__functions.h
[3.338s] -- Up-to-date: /home/huynn/ros2_ws/install/my_interfaces/share/my_interfaces/environment/library_path.sh
[3.338s] -- Up-to-date: /home/huynn/ros2_ws/install/my_interfaces/share/my_interfaces/environment/library_path.dsv
[3.339s] -- Installing: /home/huynn/ros2_ws/install/my_interfaces/lib/libmy_interfaces__rosidl_generator_c.so
[3.339s] -- Set non-toolchain portion of runtime path of "/home/huynn/ros2_ws/install/my_interfaces/lib/libmy_interfaces__rosidl_generator_c.so" to ""
[3.339s] -- Up-to-date: /home/huynn/ros2_ws/install/my_interfaces/include/my_interfaces/my_interfaces
[3.339s] -- Up-to-date: /home/huynn/ros2_ws/install/my_interfaces/include/my_interfaces/my_interfaces/srv
[3.339s] -- Up-to-date: /home/huynn/ros2_ws/install/my_interfaces/include/my_interfaces/my_interfaces/srv/detail
[3.340s] -- Installing: /home/huynn/ros2_ws/install/my_interfaces/include/my_interfaces/my_interfaces/srv/detail/my_srv__rosidl_typesupport_fastrtps_c.h
[3.340s] -- Up-to-date: /home/huynn/ros2_ws/install/my_interfaces/include/my_interfaces/my_interfaces/msg
[3.340s] -- Up-to-date: /home/huynn/ros2_ws/install/my_interfaces/include/my_interfaces/my_interfaces/msg/rosidl_typesupport_fastrtps_c__visibility_control.h
[3.340s] -- Up-to-date: /home/huynn/ros2_ws/install/my_interfaces/include/my_interfaces/my_interfaces/msg/detail
[3.340s] -- Installing: /home/huynn/ros2_ws/install/my_interfaces/include/my_interfaces/my_interfaces/msg/detail/my_msg__rosidl_typesupport_fastrtps_c.h
[3.340s] -- Installing: /home/huynn/ros2_ws/install/my_interfaces/lib/libmy_interfaces__rosidl_typesupport_fastrtps_c.so
[3.341s] -- Set non-toolchain portion of runtime path of "/home/huynn/ros2_ws/install/my_interfaces/lib/libmy_interfaces__rosidl_typesupport_fastrtps_c.so" to ""
[3.341s] -- Up-to-date: /home/huynn/ros2_ws/install/my_interfaces/include/my_interfaces/my_interfaces
[3.341s] -- Up-to-date: /home/huynn/ros2_ws/install/my_interfaces/include/my_interfaces/my_interfaces/srv
[3.341s] -- Up-to-date: /home/huynn/ros2_ws/install/my_interfaces/include/my_interfaces/my_interfaces/srv/detail
[3.341s] -- Installing: /home/huynn/ros2_ws/install/my_interfaces/include/my_interfaces/my_interfaces/srv/detail/my_srv__type_support.c
[3.341s] -- Installing: /home/huynn/ros2_ws/install/my_interfaces/include/my_interfaces/my_interfaces/srv/detail/my_srv__rosidl_typesupport_introspection_c.h
[3.341s] -- Up-to-date: /home/huynn/ros2_ws/install/my_interfaces/include/my_interfaces/my_interfaces/msg
[3.341s] -- Up-to-date: /home/huynn/ros2_ws/install/my_interfaces/include/my_interfaces/my_interfaces/msg/rosidl_typesupport_introspection_c__visibility_control.h
[3.341s] -- Up-to-date: /home/huynn/ros2_ws/install/my_interfaces/include/my_interfaces/my_interfaces/msg/detail
[3.341s] -- Installing: /home/huynn/ros2_ws/install/my_interfaces/include/my_interfaces/my_interfaces/msg/detail/my_msg__rosidl_typesupport_introspection_c.h
[3.341s] -- Installing: /home/huynn/ros2_ws/install/my_interfaces/include/my_interfaces/my_interfaces/msg/detail/my_msg__type_support.c
[3.342s] -- Installing: /home/huynn/ros2_ws/install/my_interfaces/lib/libmy_interfaces__rosidl_typesupport_introspection_c.so
[3.342s] -- Set non-toolchain portion of runtime path of "/home/huynn/ros2_ws/install/my_interfaces/lib/libmy_interfaces__rosidl_typesupport_introspection_c.so" to ""
[3.343s] -- Installing: /home/huynn/ros2_ws/install/my_interfaces/lib/libmy_interfaces__rosidl_typesupport_c.so
[3.343s] -- Set non-toolchain portion of runtime path of "/home/huynn/ros2_ws/install/my_interfaces/lib/libmy_interfaces__rosidl_typesupport_c.so" to ""
[3.343s] -- Up-to-date: /home/huynn/ros2_ws/install/my_interfaces/include/my_interfaces/my_interfaces
[3.343s] -- Up-to-date: /home/huynn/ros2_ws/install/my_interfaces/include/my_interfaces/my_interfaces/srv
[3.343s] -- Installing: /home/huynn/ros2_ws/install/my_interfaces/include/my_interfaces/my_interfaces/srv/my_srv.hpp
[3.343s] -- Up-to-date: /home/huynn/ros2_ws/install/my_interfaces/include/my_interfaces/my_interfaces/srv/detail
[3.343s] -- Installing: /home/huynn/ros2_ws/install/my_interfaces/include/my_interfaces/my_interfaces/srv/detail/my_srv__type_support.hpp
[3.343s] -- Installing: /home/huynn/ros2_ws/install/my_interfaces/include/my_interfaces/my_interfaces/srv/detail/my_srv__traits.hpp
[3.343s] -- Installing: /home/huynn/ros2_ws/install/my_interfaces/include/my_interfaces/my_interfaces/srv/detail/my_srv__struct.hpp
[3.344s] -- Installing: /home/huynn/ros2_ws/install/my_interfaces/include/my_interfaces/my_interfaces/srv/detail/my_srv__builder.hpp
[3.344s] -- Up-to-date: /home/huynn/ros2_ws/install/my_interfaces/include/my_interfaces/my_interfaces/msg
[3.344s] -- Installing: /home/huynn/ros2_ws/install/my_interfaces/include/my_interfaces/my_interfaces/msg/my_msg.hpp
[3.344s] -- Installing: /home/huynn/ros2_ws/install/my_interfaces/include/my_interfaces/my_interfaces/msg/rosidl_generator_cpp__visibility_control.hpp
[3.344s] -- Up-to-date: /home/huynn/ros2_ws/install/my_interfaces/include/my_interfaces/my_interfaces/msg/detail
[3.344s] -- Installing: /home/huynn/ros2_ws/install/my_interfaces/include/my_interfaces/my_interfaces/msg/detail/my_msg__builder.hpp
[3.344s] -- Installing: /home/huynn/ros2_ws/install/my_interfaces/include/my_interfaces/my_interfaces/msg/detail/my_msg__struct.hpp
[3.344s] -- Installing: /home/huynn/ros2_ws/install/my_interfaces/include/my_interfaces/my_interfaces/msg/detail/my_msg__traits.hpp
[3.344s] -- Installing: /home/huynn/ros2_ws/install/my_interfaces/include/my_interfaces/my_interfaces/msg/detail/my_msg__type_support.hpp
[3.344s] -- Up-to-date: /home/huynn/ros2_ws/install/my_interfaces/include/my_interfaces/my_interfaces
[3.345s] -- Up-to-date: /home/huynn/ros2_ws/install/my_interfaces/include/my_interfaces/my_interfaces/srv
[3.345s] -- Up-to-date: /home/huynn/ros2_ws/install/my_interfaces/include/my_interfaces/my_interfaces/srv/detail
[3.345s] -- Installing: /home/huynn/ros2_ws/install/my_interfaces/include/my_interfaces/my_interfaces/srv/detail/my_srv__rosidl_typesupport_fastrtps_cpp.hpp
[3.345s] -- Up-to-date: /home/huynn/ros2_ws/install/my_interfaces/include/my_interfaces/my_interfaces/srv/detail/dds_fastrtps
[3.345s] -- Up-to-date: /home/huynn/ros2_ws/install/my_interfaces/include/my_interfaces/my_interfaces/msg
[3.345s] -- Up-to-date: /home/huynn/ros2_ws/install/my_interfaces/include/my_interfaces/my_interfaces/msg/rosidl_typesupport_fastrtps_cpp__visibility_control.h
[3.345s] -- Up-to-date: /home/huynn/ros2_ws/install/my_interfaces/include/my_interfaces/my_interfaces/msg/detail
[3.345s] -- Installing: /home/huynn/ros2_ws/install/my_interfaces/include/my_interfaces/my_interfaces/msg/detail/my_msg__rosidl_typesupport_fastrtps_cpp.hpp
[3.345s] -- Up-to-date: /home/huynn/ros2_ws/install/my_interfaces/include/my_interfaces/my_interfaces/msg/detail/dds_fastrtps
[3.346s] -- Installing: /home/huynn/ros2_ws/install/my_interfaces/lib/libmy_interfaces__rosidl_typesupport_fastrtps_cpp.so
[3.346s] -- Set non-toolchain portion of runtime path of "/home/huynn/ros2_ws/install/my_interfaces/lib/libmy_interfaces__rosidl_typesupport_fastrtps_cpp.so" to ""
[3.346s] -- Up-to-date: /home/huynn/ros2_ws/install/my_interfaces/include/my_interfaces/my_interfaces
[3.346s] -- Up-to-date: /home/huynn/ros2_ws/install/my_interfaces/include/my_interfaces/my_interfaces/srv
[3.346s] -- Up-to-date: /home/huynn/ros2_ws/install/my_interfaces/include/my_interfaces/my_interfaces/srv/detail
[3.346s] -- Installing: /home/huynn/ros2_ws/install/my_interfaces/include/my_interfaces/my_interfaces/srv/detail/my_srv__rosidl_typesupport_introspection_cpp.hpp
[3.346s] -- Installing: /home/huynn/ros2_ws/install/my_interfaces/include/my_interfaces/my_interfaces/srv/detail/my_srv__type_support.cpp
[3.347s] -- Up-to-date: /home/huynn/ros2_ws/install/my_interfaces/include/my_interfaces/my_interfaces/msg
[3.347s] -- Up-to-date: /home/huynn/ros2_ws/install/my_interfaces/include/my_interfaces/my_interfaces/msg/detail
[3.347s] -- Installing: /home/huynn/ros2_ws/install/my_interfaces/include/my_interfaces/my_interfaces/msg/detail/my_msg__type_support.cpp
[3.347s] -- Installing: /home/huynn/ros2_ws/install/my_interfaces/include/my_interfaces/my_interfaces/msg/detail/my_msg__rosidl_typesupport_introspection_cpp.hpp
[3.347s] -- Installing: /home/huynn/ros2_ws/install/my_interfaces/lib/libmy_interfaces__rosidl_typesupport_introspection_cpp.so
[3.348s] -- Set non-toolchain portion of runtime path of "/home/huynn/ros2_ws/install/my_interfaces/lib/libmy_interfaces__rosidl_typesupport_introspection_cpp.so" to ""
[3.348s] -- Installing: /home/huynn/ros2_ws/install/my_interfaces/lib/libmy_interfaces__rosidl_typesupport_cpp.so
[3.349s] -- Set non-toolchain portion of runtime path of "/home/huynn/ros2_ws/install/my_interfaces/lib/libmy_interfaces__rosidl_typesupport_cpp.so" to ""
[3.349s] -- Up-to-date: /home/huynn/ros2_ws/install/my_interfaces/share/my_interfaces/environment/pythonpath.sh
[3.349s] -- Up-to-date: /home/huynn/ros2_ws/install/my_interfaces/share/my_interfaces/environment/pythonpath.dsv
[3.349s] -- Up-to-date: /home/huynn/ros2_ws/install/my_interfaces/lib/python3.12/site-packages/my_interfaces-0.0.0-py3.12.egg-info
[3.349s] -- Installing: /home/huynn/ros2_ws/install/my_interfaces/lib/python3.12/site-packages/my_interfaces-0.0.0-py3.12.egg-info/PKG-INFO
[3.349s] -- Installing: /home/huynn/ros2_ws/install/my_interfaces/lib/python3.12/site-packages/my_interfaces-0.0.0-py3.12.egg-info/top_level.txt
[3.349s] -- Installing: /home/huynn/ros2_ws/install/my_interfaces/lib/python3.12/site-packages/my_interfaces-0.0.0-py3.12.egg-info/dependency_links.txt
[3.349s] -- Installing: /home/huynn/ros2_ws/install/my_interfaces/lib/python3.12/site-packages/my_interfaces-0.0.0-py3.12.egg-info/SOURCES.txt
[3.349s] -- Up-to-date: /home/huynn/ros2_ws/install/my_interfaces/lib/python3.12/site-packages/my_interfaces
[3.349s] -- Installing: /home/huynn/ros2_ws/install/my_interfaces/lib/python3.12/site-packages/my_interfaces/__init__.py
[3.349s] -- Installing: /home/huynn/ros2_ws/install/my_interfaces/lib/python3.12/site-packages/my_interfaces/_my_interfaces_s.ep.rosidl_typesupport_fastrtps_c.c
[3.350s] -- Installing: /home/huynn/ros2_ws/install/my_interfaces/lib/python3.12/site-packages/my_interfaces/my_interfaces_s__rosidl_typesupport_c.so
[3.350s] -- Installing: /home/huynn/ros2_ws/install/my_interfaces/lib/python3.12/site-packages/my_interfaces/my_interfaces_s__rosidl_typesupport_fastrtps_c.so
[3.350s] -- Up-to-date: /home/huynn/ros2_ws/install/my_interfaces/lib/python3.12/site-packages/my_interfaces/srv
[3.350s] -- Installing: /home/huynn/ros2_ws/install/my_interfaces/lib/python3.12/site-packages/my_interfaces/srv/__init__.py
[3.350s] -- Installing: /home/huynn/ros2_ws/install/my_interfaces/lib/python3.12/site-packages/my_interfaces/srv/_my_srv.py
[3.350s] -- Installing: /home/huynn/ros2_ws/install/my_interfaces/lib/python3.12/site-packages/my_interfaces/srv/_my_srv_s.c
[3.350s] -- Installing: /home/huynn/ros2_ws/install/my_interfaces/lib/python3.12/site-packages/my_interfaces/my_interfaces_s__rosidl_typesupport_introspection_c.so
[3.350s] -- Installing: /home/huynn/ros2_ws/install/my_interfaces/lib/python3.12/site-packages/my_interfaces/_my_interfaces_s.ep.rosidl_typesupport_introspection_c.c
[3.351s] -- Installing: /home/huynn/ros2_ws/install/my_interfaces/lib/python3.12/site-packages/my_interfaces/_my_interfaces_s.ep.rosidl_typesupport_c.c
[3.351s] -- Up-to-date: /home/huynn/ros2_ws/install/my_interfaces/lib/python3.12/site-packages/my_interfaces/msg
[3.351s] -- Installing: /home/huynn/ros2_ws/install/my_interfaces/lib/python3.12/site-packages/my_interfaces/msg/__init__.py
[3.351s] -- Installing: /home/huynn/ros2_ws/install/my_interfaces/lib/python3.12/site-packages/my_interfaces/msg/_my_msg_s.c
[3.351s] -- Installing: /home/huynn/ros2_ws/install/my_interfaces/lib/python3.12/site-packages/my_interfaces/msg/_my_msg.py
[3.383s] Listing '/home/huynn/ros2_ws/install/my_interfaces/lib/python3.12/site-packages/my_interfaces'...
[3.383s] Compiling '/home/huynn/ros2_ws/install/my_interfaces/lib/python3.12/site-packages/my_interfaces/__init__.py'...
[3.383s] Listing '/home/huynn/ros2_ws/install/my_interfaces/lib/python3.12/site-packages/my_interfaces/msg'...
[3.383s] Compiling '/home/huynn/ros2_ws/install/my_interfaces/lib/python3.12/site-packages/my_interfaces/msg/__init__.py'...
[3.383s] Compiling '/home/huynn/ros2_ws/install/my_interfaces/lib/python3.12/site-packages/my_interfaces/msg/_my_msg.py'...
[3.383s] Listing '/home/huynn/ros2_ws/install/my_interfaces/lib/python3.12/site-packages/my_interfaces/srv'...
[3.383s] Compiling '/home/huynn/ros2_ws/install/my_interfaces/lib/python3.12/site-packages/my_interfaces/srv/__init__.py'...
[3.383s] Compiling '/home/huynn/ros2_ws/install/my_interfaces/lib/python3.12/site-packages/my_interfaces/srv/_my_srv.py'...
[3.387s] -- Installing: /home/huynn/ros2_ws/install/my_interfaces/lib/python3.12/site-packages/my_interfaces/my_interfaces_s__rosidl_typesupport_fastrtps_c.so
[3.387s] -- Set non-toolchain portion of runtime path of "/home/huynn/ros2_ws/install/my_interfaces/lib/python3.12/site-packages/my_interfaces/my_interfaces_s__rosidl_typesupport_fastrtps_c.so" to ""
[3.388s] -- Installing: /home/huynn/ros2_ws/install/my_interfaces/lib/python3.12/site-packages/my_interfaces/my_interfaces_s__rosidl_typesupport_introspection_c.so
[3.388s] -- Set non-toolchain portion of runtime path of "/home/huynn/ros2_ws/install/my_interfaces/lib/python3.12/site-packages/my_interfaces/my_interfaces_s__rosidl_typesupport_introspection_c.so" to ""
[3.388s] -- Installing: /home/huynn/ros2_ws/install/my_interfaces/lib/python3.12/site-packages/my_interfaces/my_interfaces_s__rosidl_typesupport_c.so
[3.389s] -- Set non-toolchain portion of runtime path of "/home/huynn/ros2_ws/install/my_interfaces/lib/python3.12/site-packages/my_interfaces/my_interfaces_s__rosidl_typesupport_c.so" to ""
[3.389s] -- Installing: /home/huynn/ros2_ws/install/my_interfaces/lib/libmy_interfaces__rosidl_generator_py.so
[3.390s] -- Set non-toolchain portion of runtime path of "/home/huynn/ros2_ws/install/my_interfaces/lib/libmy_interfaces__rosidl_generator_py.so" to ""
[3.390s] -- Up-to-date: /home/huynn/ros2_ws/install/my_interfaces/share/my_interfaces/msg/MyMsg.idl
[3.390s] -- Installing: /home/huynn/ros2_ws/install/my_interfaces/share/my_interfaces/srv/MySrv.idl
[3.390s] -- Up-to-date: /home/huynn/ros2_ws/install/my_interfaces/share/my_interfaces/msg/MyMsg.msg
[3.390s] -- Installing: /home/huynn/ros2_ws/install/my_interfaces/share/my_interfaces/srv/MySrv.srv
[3.390s] -- Up-to-date: /home/huynn/ros2_ws/install/my_interfaces/share/ament_index/resource_index/package_run_dependencies/my_interfaces
[3.390s] -- Installing: /home/huynn/ros2_ws/install/my_interfaces/share/ament_index/resource_index/parent_prefix_path/my_interfaces
[3.390s] -- Up-to-date: /home/huynn/ros2_ws/install/my_interfaces/share/my_interfaces/environment/ament_prefix_path.sh
[3.390s] -- Up-to-date: /home/huynn/ros2_ws/install/my_interfaces/share/my_interfaces/environment/ament_prefix_path.dsv
[3.390s] -- Up-to-date: /home/huynn/ros2_ws/install/my_interfaces/share/my_interfaces/environment/path.sh
[3.390s] -- Up-to-date: /home/huynn/ros2_ws/install/my_interfaces/share/my_interfaces/environment/path.dsv
[3.390s] -- Up-to-date: /home/huynn/ros2_ws/install/my_interfaces/share/my_interfaces/local_setup.bash
[3.390s] -- Up-to-date: /home/huynn/ros2_ws/install/my_interfaces/share/my_interfaces/local_setup.sh
[3.390s] -- Up-to-date: /home/huynn/ros2_ws/install/my_interfaces/share/my_interfaces/local_setup.zsh
[3.390s] -- Up-to-date: /home/huynn/ros2_ws/install/my_interfaces/share/my_interfaces/local_setup.dsv
[3.390s] -- Installing: /home/huynn/ros2_ws/install/my_interfaces/share/my_interfaces/package.dsv
[3.390s] -- Up-to-date: /home/huynn/ros2_ws/install/my_interfaces/share/ament_index/resource_index/packages/my_interfaces
[3.391s] -- Up-to-date: /home/huynn/ros2_ws/install/my_interfaces/share/my_interfaces/cmake/export_my_interfaces__rosidl_generator_cExport.cmake
[3.391s] -- Up-to-date: /home/huynn/ros2_ws/install/my_interfaces/share/my_interfaces/cmake/export_my_interfaces__rosidl_generator_cExport-noconfig.cmake
[3.391s] -- Up-to-date: /home/huynn/ros2_ws/install/my_interfaces/share/my_interfaces/cmake/export_my_interfaces__rosidl_typesupport_fastrtps_cExport.cmake
[3.391s] -- Up-to-date: /home/huynn/ros2_ws/install/my_interfaces/share/my_interfaces/cmake/export_my_interfaces__rosidl_typesupport_fastrtps_cExport-noconfig.cmake
[3.391s] -- Up-to-date: /home/huynn/ros2_ws/install/my_interfaces/share/my_interfaces/cmake/my_interfaces__rosidl_typesupport_introspection_cExport.cmake
[3.391s] -- Up-to-date: /home/huynn/ros2_ws/install/my_interfaces/share/my_interfaces/cmake/my_interfaces__rosidl_typesupport_introspection_cExport-noconfig.cmake
[3.391s] -- Up-to-date: /home/huynn/ros2_ws/install/my_interfaces/share/my_interfaces/cmake/my_interfaces__rosidl_typesupport_cExport.cmake
[3.391s] -- Up-to-date: /home/huynn/ros2_ws/install/my_interfaces/share/my_interfaces/cmake/my_interfaces__rosidl_typesupport_cExport-noconfig.cmake
[3.391s] -- Up-to-date: /home/huynn/ros2_ws/install/my_interfaces/share/my_interfaces/cmake/export_my_interfaces__rosidl_generator_cppExport.cmake
[3.392s] -- Up-to-date: /home/huynn/ros2_ws/install/my_interfaces/share/my_interfaces/cmake/export_my_interfaces__rosidl_typesupport_fastrtps_cppExport.cmake
[3.392s] -- Up-to-date: /home/huynn/ros2_ws/install/my_interfaces/share/my_interfaces/cmake/export_my_interfaces__rosidl_typesupport_fastrtps_cppExport-noconfig.cmake
[3.392s] -- Up-to-date: /home/huynn/ros2_ws/install/my_interfaces/share/my_interfaces/cmake/my_interfaces__rosidl_typesupport_introspection_cppExport.cmake
[3.392s] -- Up-to-date: /home/huynn/ros2_ws/install/my_interfaces/share/my_interfaces/cmake/my_interfaces__rosidl_typesupport_introspection_cppExport-noconfig.cmake
[3.392s] -- Up-to-date: /home/huynn/ros2_ws/install/my_interfaces/share/my_interfaces/cmake/my_interfaces__rosidl_typesupport_cppExport.cmake
[3.392s] -- Up-to-date: /home/huynn/ros2_ws/install/my_interfaces/share/my_interfaces/cmake/my_interfaces__rosidl_typesupport_cppExport-noconfig.cmake
[3.392s] -- Up-to-date: /home/huynn/ros2_ws/install/my_interfaces/share/my_interfaces/cmake/export_my_interfaces__rosidl_generator_pyExport.cmake
[3.392s] -- Up-to-date: /home/huynn/ros2_ws/install/my_interfaces/share/my_interfaces/cmake/export_my_interfaces__rosidl_generator_pyExport-noconfig.cmake
[3.392s] -- Up-to-date: /home/huynn/ros2_ws/install/my_interfaces/share/my_interfaces/cmake/rosidl_cmake-extras.cmake
[3.392s] -- Up-to-date: /home/huynn/ros2_ws/install/my_interfaces/share/my_interfaces/cmake/ament_cmake_export_dependencies-extras.cmake
[3.393s] -- Up-to-date: /home/huynn/ros2_ws/install/my_interfaces/share/my_interfaces/cmake/ament_cmake_export_include_directories-extras.cmake
[3.393s] -- Up-to-date: /home/huynn/ros2_ws/install/my_interfaces/share/my_interfaces/cmake/ament_cmake_export_libraries-extras.cmake
[3.393s] -- Up-to-date: /home/huynn/ros2_ws/install/my_interfaces/share/my_interfaces/cmake/ament_cmake_export_targets-extras.cmake
[3.393s] -- Up-to-date: /home/huynn/ros2_ws/install/my_interfaces/share/my_interfaces/cmake/rosidl_cmake_export_typesupport_targets-extras.cmake
[3.393s] -- Up-to-date: /home/huynn/ros2_ws/install/my_interfaces/share/my_interfaces/cmake/rosidl_cmake_export_typesupport_libraries-extras.cmake
[3.393s] -- Up-to-date: /home/huynn/ros2_ws/install/my_interfaces/share/my_interfaces/cmake/my_interfacesConfig.cmake
[3.393s] -- Up-to-date: /home/huynn/ros2_ws/install/my_interfaces/share/my_interfaces/cmake/my_interfacesConfig-version.cmake
[3.393s] -- Up-to-date: /home/huynn/ros2_ws/install/my_interfaces/share/my_interfaces/package.xml
[3.395s] Invoked command in '/home/huynn/ros2_ws/build/my_interfaces' returned '0': CMAKE_PREFIX_PATH=${CMAKE_PREFIX_PATH}:/home/huynn/ros2_ws/install/my_pkg:/opt/ros/jazzy DEBUGINFOD_URLS=https://debuginfod.ubuntu.com /usr/bin/cmake --install /home/huynn/ros2_ws/build/my_interfaces
