[0.457s] Invoking command in '/home/huynn/ros2_ws/src/my_pkg': DEBUGINFOD_URLS=https://debuginfod.ubuntu.com PYTHONPATH=/home/huynn/ros2_ws/build/my_pkg/prefix_override:/usr/lib/python3/dist-packages/colcon_core/task/python/colcon_distutils_commands:/home/huynn/ros2_ws/install/my_pkg/lib/python3.12/site-packages:${PYTHONPATH} /usr/bin/python3 -W ignore:setup.py install is deprecated -W ignore:easy_install command is deprecated setup.py egg_info --egg-base ../../build/my_pkg build --build-base /home/huynn/ros2_ws/build/my_pkg/build install --record /home/huynn/ros2_ws/build/my_pkg/install.log --single-version-externally-managed install_data
[0.596s] running egg_info
[0.607s] writing ../../build/my_pkg/my_pkg.egg-info/PKG-INFO
[0.607s] writing dependency_links to ../../build/my_pkg/my_pkg.egg-info/dependency_links.txt
[0.608s] writing entry points to ../../build/my_pkg/my_pkg.egg-info/entry_points.txt
[0.608s] writing requirements to ../../build/my_pkg/my_pkg.egg-info/requires.txt
[0.608s] writing top-level names to ../../build/my_pkg/my_pkg.egg-info/top_level.txt
[0.626s] reading manifest file '../../build/my_pkg/my_pkg.egg-info/SOURCES.txt'
[0.626s] adding license file 'LICENSE'
[0.627s] writing manifest file '../../build/my_pkg/my_pkg.egg-info/SOURCES.txt'
[0.627s] running build
[0.627s] running build_py
[0.627s] copying my_pkg/publish.py -> /home/huynn/ros2_ws/build/my_pkg/build/lib/my_pkg
[0.627s] running install
[0.631s] running install_lib
[0.640s] copying /home/huynn/ros2_ws/build/my_pkg/build/lib/my_pkg/publish.py -> /home/huynn/ros2_ws/install/my_pkg/lib/python3.12/site-packages/my_pkg
[0.640s] byte-compiling /home/huynn/ros2_ws/install/my_pkg/lib/python3.12/site-packages/my_pkg/publish.py to publish.cpython-312.pyc
[0.641s] running install_data
[0.641s] running install_egg_info
[0.650s] removing '/home/huynn/ros2_ws/install/my_pkg/lib/python3.12/site-packages/my_pkg-0.0.0-py3.12.egg-info' (and everything under it)
[0.651s] Copying ../../build/my_pkg/my_pkg.egg-info to /home/huynn/ros2_ws/install/my_pkg/lib/python3.12/site-packages/my_pkg-0.0.0-py3.12.egg-info
[0.651s] running install_scripts
[0.722s] Installing listener script to /home/huynn/ros2_ws/install/my_pkg/lib/my_pkg
[0.722s] Installing talker script to /home/huynn/ros2_ws/install/my_pkg/lib/my_pkg
[0.722s] writing list of installed files to '/home/huynn/ros2_ws/build/my_pkg/install.log'
[0.740s] Invoked command in '/home/huynn/ros2_ws/src/my_pkg' returned '0': DEBUGINFOD_URLS=https://debuginfod.ubuntu.com PYTHONPATH=/home/huynn/ros2_ws/build/my_pkg/prefix_override:/usr/lib/python3/dist-packages/colcon_core/task/python/colcon_distutils_commands:/home/huynn/ros2_ws/install/my_pkg/lib/python3.12/site-packages:${PYTHONPATH} /usr/bin/python3 -W ignore:setup.py install is deprecated -W ignore:easy_install command is deprecated setup.py egg_info --egg-base ../../build/my_pkg build --build-base /home/huynn/ros2_ws/build/my_pkg/build install --record /home/huynn/ros2_ws/build/my_pkg/install.log --single-version-externally-managed install_data
