running egg_info
writing ../../build/my_pkg/my_pkg.egg-info/PKG-INFO
writing dependency_links to ../../build/my_pkg/my_pkg.egg-info/dependency_links.txt
writing entry points to ../../build/my_pkg/my_pkg.egg-info/entry_points.txt
writing requirements to ../../build/my_pkg/my_pkg.egg-info/requires.txt
writing top-level names to ../../build/my_pkg/my_pkg.egg-info/top_level.txt
reading manifest file '../../build/my_pkg/my_pkg.egg-info/SOURCES.txt'
adding license file 'LICENSE'
writing manifest file '../../build/my_pkg/my_pkg.egg-info/SOURCES.txt'
running build
running build_py
copying my_pkg/client.py -> /home/huynn/ros2_ws/build/my_pkg/build/lib/my_pkg
copying my_pkg/sever.py -> /home/huynn/ros2_ws/build/my_pkg/build/lib/my_pkg
running install
running install_lib
copying /home/huynn/ros2_ws/build/my_pkg/build/lib/my_pkg/client.py -> /home/huynn/ros2_ws/install/my_pkg/lib/python3.12/site-packages/my_pkg
copying /home/huynn/ros2_ws/build/my_pkg/build/lib/my_pkg/sever.py -> /home/huynn/ros2_ws/install/my_pkg/lib/python3.12/site-packages/my_pkg
byte-compiling /home/huynn/ros2_ws/install/my_pkg/lib/python3.12/site-packages/my_pkg/client.py to client.cpython-312.pyc
byte-compiling /home/huynn/ros2_ws/install/my_pkg/lib/python3.12/site-packages/my_pkg/sever.py to sever.cpython-312.pyc
running install_data
running install_egg_info
removing '/home/huynn/ros2_ws/install/my_pkg/lib/python3.12/site-packages/my_pkg-0.0.0-py3.12.egg-info' (and everything under it)
Copying ../../build/my_pkg/my_pkg.egg-info to /home/huynn/ros2_ws/install/my_pkg/lib/python3.12/site-packages/my_pkg-0.0.0-py3.12.egg-info
running install_scripts
Installing listener script to /home/huynn/ros2_ws/install/my_pkg/lib/my_pkg
Installing talker script to /home/huynn/ros2_ws/install/my_pkg/lib/my_pkg
writing list of installed files to '/home/huynn/ros2_ws/build/my_pkg/install.log'
